Component: ARM Compiler 5.06 update 7 (build 960) Tool: armlink [4d3601]

==============================================================================

Section Cross References

    startup_stm32f407xx.o(STACK) refers (Special) to heapauxi.o(.text) for __use_two_region_memory
    startup_stm32f407xx.o(HEAP) refers (Special) to heapauxi.o(.text) for __use_two_region_memory
    startup_stm32f407xx.o(RESET) refers (Special) to heapauxi.o(.text) for __use_two_region_memory
    startup_stm32f407xx.o(RESET) refers to startup_stm32f407xx.o(STACK) for __initial_sp
    startup_stm32f407xx.o(RESET) refers to startup_stm32f407xx.o(.text) for Reset_Handler
    startup_stm32f407xx.o(RESET) refers to stm32f4xx_it.o(i.NMI_Handler) for NMI_Handler
    startup_stm32f407xx.o(RESET) refers to stm32f4xx_it.o(i.HardFault_Handler) for HardFault_Handler
    startup_stm32f407xx.o(RESET) refers to stm32f4xx_it.o(i.MemManage_Handler) for MemManage_Handler
    startup_stm32f407xx.o(RESET) refers to stm32f4xx_it.o(i.BusFault_Handler) for BusFault_Handler
    startup_stm32f407xx.o(RESET) refers to stm32f4xx_it.o(i.UsageFault_Handler) for UsageFault_Handler
    startup_stm32f407xx.o(RESET) refers to port.o(.emb_text) for SVC_Handler
    startup_stm32f407xx.o(RESET) refers to stm32f4xx_it.o(i.DebugMon_Handler) for DebugMon_Handler
    startup_stm32f407xx.o(RESET) refers to stm32f4xx_it.o(i.SysTick_Handler) for SysTick_Handler
    startup_stm32f407xx.o(RESET) refers to stm32f4xx_it.o(i.EXTI0_IRQHandler) for EXTI0_IRQHandler
    startup_stm32f407xx.o(RESET) refers to stm32f4xx_it.o(i.EXTI1_IRQHandler) for EXTI1_IRQHandler
    startup_stm32f407xx.o(RESET) refers to stm32f4xx_it.o(i.EXTI3_IRQHandler) for EXTI3_IRQHandler
    startup_stm32f407xx.o(RESET) refers to stm32f4xx_it.o(i.EXTI4_IRQHandler) for EXTI4_IRQHandler
    startup_stm32f407xx.o(RESET) refers to stm32f4xx_it.o(i.CAN1_RX0_IRQHandler) for CAN1_RX0_IRQHandler
    startup_stm32f407xx.o(RESET) refers to stm32f4xx_it.o(i.EXTI9_5_IRQHandler) for EXTI9_5_IRQHandler
    startup_stm32f407xx.o(RESET) refers to remote_control.o(i.USART3_IRQHandler) for USART3_IRQHandler
    startup_stm32f407xx.o(RESET) refers to stm32f4xx_it.o(i.EXTI15_10_IRQHandler) for EXTI15_10_IRQHandler
    startup_stm32f407xx.o(RESET) refers to bsp_i2c.o(i.DMA1_Stream7_IRQHandler) for DMA1_Stream7_IRQHandler
    startup_stm32f407xx.o(RESET) refers to stm32f4xx_it.o(i.TIM6_DAC_IRQHandler) for TIM6_DAC_IRQHandler
    startup_stm32f407xx.o(RESET) refers to stm32f4xx_it.o(i.TIM7_IRQHandler) for TIM7_IRQHandler
    startup_stm32f407xx.o(RESET) refers to stm32f4xx_it.o(i.DMA2_Stream1_IRQHandler) for DMA2_Stream1_IRQHandler
    startup_stm32f407xx.o(RESET) refers to ins_task.o(i.DMA2_Stream2_IRQHandler) for DMA2_Stream2_IRQHandler
    startup_stm32f407xx.o(RESET) refers to stm32f4xx_it.o(i.CAN2_RX0_IRQHandler) for CAN2_RX0_IRQHandler
    startup_stm32f407xx.o(RESET) refers to stm32f4xx_it.o(i.OTG_FS_IRQHandler) for OTG_FS_IRQHandler
    startup_stm32f407xx.o(RESET) refers to stm32f4xx_it.o(i.DMA2_Stream6_IRQHandler) for DMA2_Stream6_IRQHandler
    startup_stm32f407xx.o(RESET) refers to stm32f4xx_it.o(i.DMA2_Stream7_IRQHandler) for DMA2_Stream7_IRQHandler
    startup_stm32f407xx.o(RESET) refers to referee_usart_task.o(i.USART6_IRQHandler) for USART6_IRQHandler
    startup_stm32f407xx.o(.text) refers (Special) to heapauxi.o(.text) for __use_two_region_memory
    startup_stm32f407xx.o(.text) refers to system_stm32f4xx.o(i.SystemInit) for SystemInit
    startup_stm32f407xx.o(.text) refers to __main.o(!!!main) for __main
    startup_stm32f407xx.o(.text) refers to startup_stm32f407xx.o(HEAP) for Heap_Mem
    startup_stm32f407xx.o(.text) refers to startup_stm32f407xx.o(STACK) for Stack_Mem
    main.o(i.SystemClock_Config) refers to rt_memclr_w.o(.text) for __aeabi_memclr4
    main.o(i.SystemClock_Config) refers to stm32f4xx_hal_rcc.o(i.HAL_RCC_OscConfig) for HAL_RCC_OscConfig
    main.o(i.SystemClock_Config) refers to main.o(i.Error_Handler) for Error_Handler
    main.o(i.SystemClock_Config) refers to stm32f4xx_hal_rcc.o(i.HAL_RCC_ClockConfig) for HAL_RCC_ClockConfig
    main.o(i.SystemClock_Config) refers to stm32f4xx_hal_rcc_ex.o(i.HAL_RCCEx_PeriphCLKConfig) for HAL_RCCEx_PeriphCLKConfig
    main.o(i.main) refers to stm32f4xx_hal.o(i.HAL_Init) for HAL_Init
    main.o(i.main) refers to main.o(i.SystemClock_Config) for SystemClock_Config
    main.o(i.main) refers to gpio.o(i.MX_GPIO_Init) for MX_GPIO_Init
    main.o(i.main) refers to dma.o(i.MX_DMA_Init) for MX_DMA_Init
    main.o(i.main) refers to adc.o(i.MX_ADC1_Init) for MX_ADC1_Init
    main.o(i.main) refers to adc.o(i.MX_ADC3_Init) for MX_ADC3_Init
    main.o(i.main) refers to can.o(i.MX_CAN1_Init) for MX_CAN1_Init
    main.o(i.main) refers to can.o(i.MX_CAN2_Init) for MX_CAN2_Init
    main.o(i.main) refers to i2c.o(i.MX_I2C1_Init) for MX_I2C1_Init
    main.o(i.main) refers to spi.o(i.MX_SPI1_Init) for MX_SPI1_Init
[...]
    0x08005a24   0x08005a24   0x0000000e   Code   RO          960    i.HAL_PCD_DisconnectCallback  usbd_conf.o
    0x08005a32   0x08005a32   0x0000006a   Code   RO         1500    i.HAL_PCD_EP_Close  stm32f4xx_hal_pcd.o
    0x08005a9c   0x08005a9c   0x0000007c   Code   RO         1501    i.HAL_PCD_EP_ClrStall  stm32f4xx_hal_pcd.o
    0x08005b18   0x08005b18   0x00000016   Code   RO         1503    i.HAL_PCD_EP_GetRxCount  stm32f4xx_hal_pcd.o
    0x08005b2e   0x08005b2e   0x0000008c   Code   RO         1504    i.HAL_PCD_EP_Open   stm32f4xx_hal_pcd.o
    0x08005bba   0x08005bba   0x00000058   Code   RO         1505    i.HAL_PCD_EP_Receive  stm32f4xx_hal_pcd.o
    0x08005c12   0x08005c12   0x0000008a   Code   RO         1506    i.HAL_PCD_EP_SetStall  stm32f4xx_hal_pcd.o
    0x08005c9c   0x08005c9c   0x0000005a   Code   RO         1507    i.HAL_PCD_EP_Transmit  stm32f4xx_hal_pcd.o
    0x08005cf6   0x08005cf6   0x0000053e   Code   RO         1509    i.HAL_PCD_IRQHandler  stm32f4xx_hal_pcd.o
    0x08006234   0x08006234   0x00000012   Code   RO          961    i.HAL_PCD_ISOINIncompleteCallback  usbd_conf.o
    0x08006246   0x08006246   0x00000012   Code   RO          962    i.HAL_PCD_ISOOUTIncompleteCallback  usbd_conf.o
    0x08006258   0x08006258   0x00000166   Code   RO         1512    i.HAL_PCD_Init      stm32f4xx_hal_pcd.o
    0x080063be   0x080063be   0x00000002   PAD
    0x080063c0   0x080063c0   0x000000a8   Code   RO          964    i.HAL_PCD_MspInit   usbd_conf.o
    0x08006468   0x08006468   0x00000030   Code   RO          965    i.HAL_PCD_ResetCallback  usbd_conf.o
    0x08006498   0x08006498   0x0000000e   Code   RO          966    i.HAL_PCD_ResumeCallback  usbd_conf.o
    0x080064a6   0x080064a6   0x0000000e   Code   RO          967    i.HAL_PCD_SOFCallback  usbd_conf.o
    0x080064b4   0x080064b4   0x00000036   Code   RO         1518    i.HAL_PCD_SetAddress  stm32f4xx_hal_pcd.o
    0x080064ea   0x080064ea   0x00000012   Code   RO          968    i.HAL_PCD_SetupStageCallback  usbd_conf.o
    0x080064fc   0x080064fc   0x0000004a   Code   RO         1520    i.HAL_PCD_Start     stm32f4xx_hal_pcd.o
    0x08006546   0x08006546   0x00000002   PAD
    0x08006548   0x08006548   0x00000034   Code   RO          969    i.HAL_PCD_SuspendCallback  usbd_conf.o
    0x0800657c   0x0800657c   0x000001a0   Code   RO         2170    i.HAL_RCCEx_PeriphCLKConfig  stm32f4xx_hal_rcc_ex.o
    0x0800671c   0x0800671c   0x00000180   Code   RO         2065    i.HAL_RCC_ClockConfig  stm32f4xx_hal_rcc.o
    0x0800689c   0x0800689c   0x0000000c   Code   RO         2070    i.HAL_RCC_GetHCLKFreq  stm32f4xx_hal_rcc.o
    0x080068a8   0x080068a8   0x00000020   Code   RO         2072    i.HAL_RCC_GetPCLK1Freq  stm32f4xx_hal_rcc.o
    0x080068c8   0x080068c8   0x00000020   Code   RO         2073    i.HAL_RCC_GetPCLK2Freq  stm32f4xx_hal_rcc.o
    0x080068e8   0x080068e8   0x000000b0   Code   RO         2074    i.HAL_RCC_GetSysClockFreq  stm32f4xx_hal_rcc.o
    0x08006998   0x08006998   0x00000448   Code   RO         2077    i.HAL_RCC_OscConfig  stm32f4xx_hal_rcc.o
    0x08006de0   0x08006de0   0x00000034   Code   RO         4301    i.HAL_RNG_Init      stm32f4xx_hal_rng.o
    0x08006e14   0x08006e14   0x00000034   Code   RO          640    i.HAL_RNG_MspInit   rng.o
    0x08006e48   0x08006e48   0x000000d8   Code   RO         4402    i.HAL_RTC_Init      stm32f4xx_hal_rtc.o
    0x08006f20   0x08006f20   0x00000018   Code   RO          682    i.HAL_RTC_MspInit   rtc.o
    0x08006f38   0x08006f38   0x0000003a   Code   RO         4410    i.HAL_RTC_WaitForSynchro  stm32f4xx_hal_rtc.o
    0x08006f72   0x08006f72   0x0000008c   Code   RO         4771    i.HAL_SPI_Init      stm32f4xx_hal_spi.o
    0x08006ffe   0x08006ffe   0x00000002   PAD
    0x08007000   0x08007000   0x00000158   Code   RO          724    i.HAL_SPI_MspInit   spi.o
    0x08007158   0x08007158   0x0000022a   Code   RO         4780    i.HAL_SPI_TransmitReceive  stm32f4xx_hal_spi.o
    0x08007382   0x08007382   0x00000034   Code   RO         2864    i.HAL_SYSTICK_Config  stm32f4xx_hal_cortex.o
    0x080073b6   0x080073b6   0x00000002   Code   RO         5770    i.HAL_TIMEx_BreakCallback  stm32f4xx_hal_tim_ex.o
    0x080073b8   0x080073b8   0x00000002   Code   RO         5771    i.HAL_TIMEx_CommutCallback  stm32f4xx_hal_tim_ex.o
    0x080073ba   0x080073ba   0x00000074   Code   RO         5773    i.HAL_TIMEx_ConfigBreakDeadTime  stm32f4xx_hal_tim_ex.o
    0x0800742e   0x0800742e   0x00000054   Code   RO         5788    i.HAL_TIMEx_MasterConfigSynchronization  stm32f4xx_hal_tim_ex.o
    0x08007482   0x08007482   0x00000034   Code   RO         5084    i.HAL_TIM_Base_Init  stm32f4xx_hal_tim.o
    0x080074b6   0x080074b6   0x00000002   PAD
    0x080074b8   0x080074b8   0x000001a4   Code   RO          766    i.HAL_TIM_Base_MspInit  tim.o
    0x0800765c   0x0800765c   0x0000002a   Code   RO         5087    i.HAL_TIM_Base_Start  stm32f4xx_hal_tim.o
    0x08007686   0x08007686   0x0000002a   Code   RO         5089    i.HAL_TIM_Base_Start_IT  stm32f4xx_hal_tim.o
    0x080076b0   0x080076b0   0x00000038   Code   RO         5092    i.HAL_TIM_Base_Stop_IT  stm32f4xx_hal_tim.o
    0x080076e8   0x080076e8   0x00000108   Code   RO         5093    i.HAL_TIM_ConfigClockSource  stm32f4xx_hal_tim.o
    0x080077f0   0x080077f0   0x00000002   Code   RO         5113    i.HAL_TIM_IC_CaptureCallback  stm32f4xx_hal_tim.o
    0x080077f2   0x080077f2   0x00000196   Code   RO         5127    i.HAL_TIM_IRQHandler  stm32f4xx_hal_tim.o
    0x08007988   0x08007988   0x00000284   Code   RO          767    i.HAL_TIM_MspPostInit  tim.o
    0x08007c0c   0x08007c0c   0x00000002   Code   RO         5130    i.HAL_TIM_OC_DelayElapsedCallback  stm32f4xx_hal_tim.o
    0x08007c0e   0x08007c0e   0x00000108   Code   RO         5151    i.HAL_TIM_PWM_ConfigChannel  stm32f4xx_hal_tim.o
    0x08007d16   0x08007d16   0x00000034   Code   RO         5154    i.HAL_TIM_PWM_Init  stm32f4xx_hal_tim.o
    0x08007d4a   0x08007d4a   0x00000002   Code   RO         5156    i.HAL_TIM_PWM_MspInit  stm32f4xx_hal_tim.o
    0x08007d4c   0x08007d4c   0x00000002   Code   RO         5157    i.HAL_TIM_PWM_PulseFinishedCallback  stm32f4xx_hal_tim.o
    0x08007d4e   0x08007d4e   0x00000002   PAD
    0x08007d50   0x08007d50   0x00000058   Code   RO         5159    i.HAL_TIM_PWM_Start  stm32f4xx_hal_tim.o
    0x08007da8   0x08007da8   0x00000002   Code   RO         5165    i.HAL_TIM_PeriodElapsedCallback  stm32f4xx_hal_tim.o
    0x08007daa   0x08007daa   0x00000002   Code   RO         5170    i.HAL_TIM_TriggerCallback  stm32f4xx_hal_tim.o
    0x08007dac   0x08007dac   0x00000072   Code   RO         6046    i.HAL_UART_Init     stm32f4xx_hal_uart.o
    0x08007e1e   0x08007e1e   0x00000002   PAD
    0x08007e20   0x08007e20   0x000002f0   Code   RO          856    i.HAL_UART_MspInit  usart.o
    0x08008110   0x08008110   0x00000004   Code   RO         1319    i.HardFault_Handler  stm32f4xx_it.o
    0x08008114   0x08008114   0x00000020   Code   RO         8690    i.I2C2_DMA_transmit  bsp_i2c.o
    0x08008134   0x08008134   0x000000c0   Code   RO         8691    i.I2C2_tx_DMA_enable  bsp_i2c.o
    0x080081f4   0x080081f4   0x000000c0   Code   RO         8692    i.I2C2_tx_DMA_init  bsp_i2c.o
    0x080082b4   0x080082b4   0x0000003e   Code   RO         3866    i.I2C_IsAcknowledgeFailed  stm32f4xx_hal_i2c.o
    0x080082f2   0x080082f2   0x00000002   PAD
    0x080082f4   0x080082f4   0x000000ac   Code   RO         3870    i.I2C_MasterRequestWrite  stm32f4xx_hal_i2c.o
    0x080083a0   0x080083a0   0x00000138   Code   RO         3876    i.I2C_RequestMemoryRead  stm32f4xx_hal_i2c.o
    0x080084d8   0x080084d8   0x000000cc   Code   RO         3877    i.I2C_RequestMemoryWrite  stm32f4xx_hal_i2c.o
    0x080085a4   0x080085a4   0x000000fc   Code   RO         8693    i.I2C_TX_DMA_START  bsp_i2c.o
    0x080086a0   0x080086a0   0x0000005c   Code   RO         3885    i.I2C_WaitOnBTFFlagUntilTimeout  stm32f4xx_hal_i2c.o
    0x080086fc   0x080086fc   0x00000086   Code   RO         3886    i.I2C_WaitOnFlagUntilTimeout  stm32f4xx_hal_i2c.o
    0x08008782   0x08008782   0x000000c4   Code   RO         3887    i.I2C_WaitOnMasterAddressFlagUntilTimeout  stm32f4xx_hal_i2c.o
    0x08008846   0x08008846   0x00000080   Code   RO         3888    i.I2C_WaitOnRXNEFlagUntilTimeout  stm32f4xx_hal_i2c.o
    0x080088c6   0x080088c6   0x0000005c   Code   RO         3890    i.I2C_WaitOnTXEFlagUntilTimeout  stm32f4xx_hal_i2c.o
    0x08008922   0x08008922   0x00000002   PAD
    0x08008924   0x08008924   0x0000007c   Code   RO         9692    i.INS_cali_gyro     ins_task.o
    0x080089a0   0x080089a0   0x00000048   Code   RO         9693    i.INS_set_cali_gyro  ins_task.o
    0x080089e8   0x080089e8   0x00000304   Code   RO         9694    i.INS_task          ins_task.o
    0x08008cec   0x08008cec   0x0000003e   Code   RO         1153    i.IntToUnicode      usbd_desc.o
    0x08008d2a   0x08008d2a   0x00000002   PAD
    0x08008d2c   0x08008d2c   0x00000070   Code   RO          430    i.MX_ADC1_Init      adc.o
    0x08008d9c   0x08008d9c   0x00000070   Code   RO          431    i.MX_ADC3_Init      adc.o
    0x08008e0c   0x08008e0c   0x00000044   Code   RO          478    i.MX_CAN1_Init      can.o
    0x08008e50   0x08008e50   0x00000044   Code   RO          479    i.MX_CAN2_Init      can.o
    0x08008e94   0x08008e94   0x00000020   Code   RO          527    i.MX_CRC_Init       crc.o
    0x08008eb4   0x08008eb4   0x000000a8   Code   RO          567    i.MX_DMA_Init       dma.o
    0x08008f5c   0x08008f5c   0x0000015c   Code   RO          369    i.MX_FREERTOS_Init  freertos.o
    0x080090b8   0x080090b8   0x000002dc   Code   RO          345    i.MX_GPIO_Init      gpio.o
    0x08009394   0x08009394   0x0000003c   Code   RO          593    i.MX_I2C1_Init      i2c.o
    0x080093d0   0x080093d0   0x0000003c   Code   RO          594    i.MX_I2C3_Init      i2c.o
    0x0800940c   0x0800940c   0x00000020   Code   RO          641    i.MX_RNG_Init       rng.o
    0x0800942c   0x0800942c   0x00000034   Code   RO          683    i.MX_RTC_Init       rtc.o
    0x08009460   0x08009460   0x00000048   Code   RO          725    i.MX_SPI1_Init      spi.o
    0x080094a8   0x080094a8   0x0000006c   Code   RO          768    i.MX_TIM10_Init     tim.o
    0x08009514   0x08009514   0x0000010c   Code   RO          769    i.MX_TIM1_Init      tim.o
    0x08009620   0x08009620   0x000000a4   Code   RO          770    i.MX_TIM3_Init      tim.o
    0x080096c4   0x080096c4   0x000000a4   Code   RO          771    i.MX_TIM4_Init      tim.o
    0x08009768   0x08009768   0x000000c4   Code   RO          772    i.MX_TIM5_Init      tim.o
    0x0800982c   0x0800982c   0x0000004c   Code   RO          773    i.MX_TIM6_Init      tim.o
    0x08009878   0x08009878   0x0000004c   Code   RO          774    i.MX_TIM7_Init      tim.o
    0x080098c4   0x080098c4   0x000000dc   Code   RO          775    i.MX_TIM8_Init      tim.o
    0x080099a0   0x080099a0   0x00000038   Code   RO          857    i.MX_USART1_UART_Init  usart.o
    0x080099d8   0x080099d8   0x0000003c   Code   RO          858    i.MX_USART3_UART_Init  usart.o
    0x08009a14   0x08009a14   0x00000038   Code   RO          859    i.MX_USART6_UART_Init  usart.o
    0x08009a4c   0x08009a4c   0x0000004c   Code   RO          909    i.MX_USB_DEVICE_Init  usb_device.o
    0x08009a98   0x08009a98   0x00000004   Code   RO         1320    i.MemManage_Handler  stm32f4xx_it.o
    0x08009a9c   0x08009a9c   0x00000002   Code   RO         1321    i.NMI_Handler       stm32f4xx_it.o
    0x08009a9e   0x08009a9e   0x00000002   PAD
    0x08009aa0   0x08009aa0   0x0000001c   Code   RO        10259    i.OLED_LOGO         oled.o
    0x08009abc   0x08009abc   0x00000010   Code   RO        10260    i.OLED_check_ack    oled.o
    0x08009acc   0x08009acc   0x0000002c   Code   RO        10261    i.OLED_com_reset    oled.o
    0x08009af8   0x08009af8   0x00000088   Code   RO        10265    i.OLED_draw_point   oled.o
    0x08009b80   0x08009b80   0x00000108   Code   RO        10266    i.OLED_init         oled.o
    0x08009c88   0x08009c88   0x00000054   Code   RO        10267    i.OLED_operate_gram  oled.o
    0x08009cdc   0x08009cdc   0x00000040   Code   RO        10268    i.OLED_printf       oled.o
    0x08009d1c   0x08009d1c   0x00000020   Code   RO        10269    i.OLED_refresh_gram  oled.o
    0x08009d3c   0x08009d3c   0x00000040   Code   RO        10270    i.OLED_set_pos      oled.o
    0x08009d7c   0x08009d7c   0x0000008c   Code   RO        10271    i.OLED_show_char    oled.o
    0x08009e08   0x08009e08   0x0000008a   Code   RO        10272    i.OLED_show_graphic  oled.o
    0x08009e92   0x08009e92   0x00000032   Code   RO        10273    i.OLED_show_string  oled.o
    0x08009ec4   0x08009ec4   0x00000010   Code   RO         1322    i.OTG_FS_IRQHandler  stm32f4xx_it.o
    0x08009ed4   0x08009ed4   0x0000008c   Code   RO         1523    i.PCD_EP_OutSetupPacket_int  stm32f4xx_hal_pcd.o
    0x08009f60   0x08009f60   0x00000180   Code   RO         1524    i.PCD_EP_OutXfrComplete_int  stm32f4xx_hal_pcd.o
    0x0800a0e0   0x0800a0e0   0x000000b6   Code   RO         1525    i.PCD_WriteEmptyTxFifo  stm32f4xx_hal_pcd.o
    0x0800a196   0x0800a196   0x00000002   PAD
    0x0800a198   0x0800a198   0x000001f0   Code   RO        11307    i.PID_calc          pid.o
    0x0800a388   0x0800a388   0x0000004c   Code   RO        11308    i.PID_clear         pid.o
    0x0800a3d4   0x0800a3d4   0x00000060   Code   RO        11309    i.PID_init          pid.o
    0x0800a434   0x0800a434   0x0000009c   Code   RO         8822    i.RC_Init           bsp_rc.o
    0x0800a4d0   0x0800a4d0   0x00000374   Code   RO         8996    i.RC_cmd_to_calibrate  calibrate_task.o
    0x0800a844   0x0800a844   0x00000050   Code   RO         8823    i.RC_restart        bsp_rc.o
    0x0800a894   0x0800a894   0x00000018   Code   RO         8824    i.RC_unable         bsp_rc.o
    0x0800a8ac   0x0800a8ac   0x0000003e   Code   RO         4413    i.RTC_EnterInitMode  stm32f4xx_hal_rtc.o
    0x0800a8ea   0x0800a8ea   0x00000002   PAD
    0x0800a8ec   0x0800a8ec   0x00000148   Code   RO         8894    i.SPI1_DMA_enable   bsp_spi.o
    0x0800aa34   0x0800aa34   0x00000180   Code   RO         8895    i.SPI1_DMA_init     bsp_spi.o
    0x0800abb4   0x0800abb4   0x0000006c   Code   RO         4809    i.SPI_EndRxTxTransaction  stm32f4xx_hal_spi.o
    0x0800ac20   0x0800ac20   0x000000a8   Code   RO         4814    i.SPI_WaitFlagStateUntilTimeout  stm32f4xx_hal_spi.o
    0x0800acc8   0x0800acc8   0x00000014   Code   RO         1323    i.SysTick_Handler   stm32f4xx_it.o
    0x0800acdc   0x0800acdc   0x000000d4   Code   RO           14    i.SystemClock_Config  main.o
    0x0800adb0   0x0800adb0   0x00000064   Code   RO         6353    i.SystemInit        system_stm32f4xx.o
    0x0800ae14   0x0800ae14   0x00000088   Code   RO         1324    i.TIM6_DAC_IRQHandler  stm32f4xx_it.o
    0x0800ae9c   0x0800ae9c   0x000000a8   Code   RO         1325    i.TIM7_IRQHandler   stm32f4xx_it.o
    0x0800af44   0x0800af44   0x000000d8   Code   RO         5172    i.TIM_Base_SetConfig  stm32f4xx_hal_tim.o
    0x0800b01c   0x0800b01c   0x00000022   Code   RO         5173    i.TIM_CCxChannelCmd  stm32f4xx_hal_tim.o
    0x0800b03e   0x0800b03e   0x00000016   Code   RO         5183    i.TIM_ETR_SetConfig  stm32f4xx_hal_tim.o
    0x0800b054   0x0800b054   0x00000012   Code   RO         5184    i.TIM_ITRx_SetConfig  stm32f4xx_hal_tim.o
    0x0800b066   0x0800b066   0x00000002   PAD
    0x0800b068   0x0800b068   0x00000070   Code   RO         5185    i.TIM_OC1_SetConfig  stm32f4xx_hal_tim.o
    0x0800b0d8   0x0800b0d8   0x0000007c   Code   RO         5186    i.TIM_OC2_SetConfig  stm32f4xx_hal_tim.o
    0x0800b154   0x0800b154   0x00000078   Code   RO         5187    i.TIM_OC3_SetConfig  stm32f4xx_hal_tim.o
    0x0800b1cc   0x0800b1cc   0x00000054   Code   RO         5188    i.TIM_OC4_SetConfig  stm32f4xx_hal_tim.o
    0x0800b220   0x0800b220   0x00000026   Code   RO         5190    i.TIM_TI1_ConfigInputStage  stm32f4xx_hal_tim.o
    0x0800b246   0x0800b246   0x00000028   Code   RO         5192    i.TIM_TI2_ConfigInputStage  stm32f4xx_hal_tim.o
    0x0800b26e   0x0800b26e   0x00000002   PAD
    0x0800b270   0x0800b270   0x00000368   Code   RO         6073    i.UART_SetConfig    stm32f4xx_hal_uart.o
    0x0800b5d8   0x0800b5d8   0x00000140   Code   RO         9953    i.USART3_IRQHandler  remote_control.o
    0x0800b718   0x0800b718   0x00000128   Code   RO         9908    i.USART6_IRQHandler  referee_usart_task.o
    0x0800b840   0x0800b840   0x0000007c   Code   RO         8177    i.USBD_CDC_DataIn   usbd_cdc.o
    0x0800b8bc   0x0800b8bc   0x00000034   Code   RO         8178    i.USBD_CDC_DataOut  usbd_cdc.o
    0x0800b8f0   0x0800b8f0   0x0000004e   Code   RO         8179    i.USBD_CDC_DeInit   usbd_cdc.o
    0x0800b93e   0x0800b93e   0x00000032   Code   RO         8180    i.USBD_CDC_EP0_RxReady  usbd_cdc.o
    0x0800b970   0x0800b970   0x00000010   Code   RO         8181    i.USBD_CDC_GetDeviceQualifierDescriptor  usbd_cdc.o
    0x0800b980   0x0800b980   0x00000010   Code   RO         8182    i.USBD_CDC_GetFSCfgDesc  usbd_cdc.o
    0x0800b990   0x0800b990   0x00000010   Code   RO         8183    i.USBD_CDC_GetHSCfgDesc  usbd_cdc.o
    0x0800b9a0   0x0800b9a0   0x00000010   Code   RO         8184    i.USBD_CDC_GetOtherSpeedCfgDesc  usbd_cdc.o
    0x0800b9b0   0x0800b9b0   0x000000b8   Code   RO         8185    i.USBD_CDC_Init     usbd_cdc.o
    0x0800ba68   0x0800ba68   0x0000003a   Code   RO         8186    i.USBD_CDC_ReceivePacket  usbd_cdc.o
    0x0800baa2   0x0800baa2   0x0000000e   Code   RO         8187    i.USBD_CDC_RegisterInterface  usbd_cdc.o
    0x0800bab0   0x0800bab0   0x0000000e   Code   RO         8188    i.USBD_CDC_SetRxBuffer  usbd_cdc.o
    0x0800babe   0x0800babe   0x00000014   Code   RO         8189    i.USBD_CDC_SetTxBuffer  usbd_cdc.o
    0x0800bad2   0x0800bad2   0x000000f4   Code   RO         8190    i.USBD_CDC_Setup    usbd_cdc.o
    0x0800bbc6   0x0800bbc6   0x0000003e   Code   RO         8191    i.USBD_CDC_TransmitPacket  usbd_cdc.o
    0x0800bc04   0x0800bc04   0x00000016   Code   RO         7884    i.USBD_ClrClassConfig  usbd_core.o
    0x0800bc1a   0x0800bc1a   0x0000003e   Code   RO         8022    i.USBD_ClrFeature   usbd_ctlreq.o
    0x0800bc58   0x0800bc58   0x00000018   Code   RO         8117    i.USBD_CtlContinueRx  usbd_ioreq.o
    0x0800bc70   0x0800bc70   0x00000018   Code   RO         8118    i.USBD_CtlContinueSendData  usbd_ioreq.o
    0x0800bc88   0x0800bc88   0x00000018   Code   RO         8023    i.USBD_CtlError     usbd_ctlreq.o
    0x0800bca0   0x0800bca0   0x00000028   Code   RO         8119    i.USBD_CtlPrepareRx  usbd_ioreq.o
    0x0800bcc8   0x0800bcc8   0x0000001a   Code   RO         8120    i.USBD_CtlReceiveStatus  usbd_ioreq.o
    0x0800bce2   0x0800bce2   0x00000022   Code   RO         8121    i.USBD_CtlSendData  usbd_ioreq.o
    0x0800bd04   0x0800bd04   0x0000001a   Code   RO         8122    i.USBD_CtlSendStatus  usbd_ioreq.o
    0x0800bd1e   0x0800bd1e   0x00000002   PAD
    0x0800bd20   0x0800bd20   0x00000034   Code   RO         1154    i.USBD_FS_ConfigStrDescriptor  usbd_desc.o
    0x0800bd54   0x0800bd54   0x00000010   Code   RO         1155    i.USBD_FS_DeviceDescriptor  usbd_desc.o
    0x0800bd64   0x0800bd64   0x00000038   Code   RO         1156    i.USBD_FS_InterfaceStrDescriptor  usbd_desc.o
    0x0800bd9c   0x0800bd9c   0x00000010   Code   RO         1157    i.USBD_FS_LangIDStrDescriptor  usbd_desc.o
    0x0800bdac   0x0800bdac   0x0000002c   Code   RO         1158    i.USBD_FS_ManufacturerStrDescriptor  usbd_desc.o
    0x0800bdd8   0x0800bdd8   0x00000040   Code   RO         1159    i.USBD_FS_ProductStrDescriptor  usbd_desc.o
    0x0800be18   0x0800be18   0x00000018   Code   RO         1160    i.USBD_FS_SerialStrDescriptor  usbd_desc.o
    0x0800be30   0x0800be30   0x00000056   Code   RO         8024    i.USBD_GetConfig    usbd_ctlreq.o
    0x0800be86   0x0800be86   0x00000152   Code   RO         8025    i.USBD_GetDescriptor  usbd_ctlreq.o
    0x0800bfd8   0x0800bfd8   0x00000014   Code   RO         8026    i.USBD_GetLen       usbd_ctlreq.o
    0x0800bfec   0x0800bfec   0x0000005a   Code   RO         8027    i.USBD_GetStatus    usbd_ctlreq.o
    0x0800c046   0x0800c046   0x00000052   Code   RO         8028    i.USBD_GetString    usbd_ctlreq.o
    0x0800c098   0x0800c098   0x0000002c   Code   RO          970    i.USBD_Get_USB_Status  usbd_conf.o
    0x0800c0c4   0x0800c0c4   0x00000032   Code   RO         7886    i.USBD_Init         usbd_core.o
    0x0800c0f6   0x0800c0f6   0x00000026   Code   RO          971    i.USBD_LL_ClearStallEP  usbd_conf.o
    0x0800c11c   0x0800c11c   0x00000026   Code   RO          972    i.USBD_LL_CloseEP   usbd_conf.o
    0x0800c142   0x0800c142   0x00000100   Code   RO         7887    i.USBD_LL_DataInStage  usbd_core.o
    0x0800c242   0x0800c242   0x000000a6   Code   RO         7888    i.USBD_LL_DataOutStage  usbd_core.o
    0x0800c2e8   0x0800c2e8   0x00000006   Code   RO         7889    i.USBD_LL_DevConnected  usbd_core.o
    0x0800c2ee   0x0800c2ee   0x0000001a   Code   RO         7890    i.USBD_LL_DevDisconnected  usbd_core.o
    0x0800c308   0x0800c308   0x00000012   Code   RO          976    i.USBD_LL_GetRxDataSize  usbd_conf.o
    0x0800c31a   0x0800c31a   0x00000002   PAD
    0x0800c31c   0x0800c31c   0x00000068   Code   RO          977    i.USBD_LL_Init      usbd_conf.o
    0x0800c384   0x0800c384   0x00000038   Code   RO          978    i.USBD_LL_IsStallEP  usbd_conf.o
    0x0800c3bc   0x0800c3bc   0x00000006   Code   RO         7891    i.USBD_LL_IsoINIncomplete  usbd_core.o
    0x0800c3c2   0x0800c3c2   0x00000006   Code   RO         7892    i.USBD_LL_IsoOUTIncomplete  usbd_core.o
    0x0800c3c8   0x0800c3c8   0x00000030   Code   RO          979    i.USBD_LL_OpenEP    usbd_conf.o
    0x0800c3f8   0x0800c3f8   0x00000030   Code   RO          980    i.USBD_LL_PrepareReceive  usbd_conf.o
    0x0800c428   0x0800c428   0x0000005c   Code   RO         7893    i.USBD_LL_Reset     usbd_core.o
    0x0800c484   0x0800c484   0x0000000e   Code   RO         7894    i.USBD_LL_Resume    usbd_core.o
    0x0800c492   0x0800c492   0x00000022   Code   RO         7895    i.USBD_LL_SOF       usbd_core.o
    0x0800c4b4   0x0800c4b4   0x00000008   Code   RO         7896    i.USBD_LL_SetSpeed  usbd_core.o
    0x0800c4bc   0x0800c4bc   0x00000026   Code   RO          981    i.USBD_LL_SetUSBAddress  usbd_conf.o
    0x0800c4e2   0x0800c4e2   0x0000006e   Code   RO         7897    i.USBD_LL_SetupStage  usbd_core.o
    0x0800c550   0x0800c550   0x00000026   Code   RO          982    i.USBD_LL_StallEP   usbd_conf.o
    0x0800c576   0x0800c576   0x0000001e   Code   RO          983    i.USBD_LL_Start     usbd_conf.o
    0x0800c594   0x0800c594   0x00000014   Code   RO         7898    i.USBD_LL_Suspend   usbd_core.o
    0x0800c5a8   0x0800c5a8   0x00000030   Code   RO          985    i.USBD_LL_Transmit  usbd_conf.o
    0x0800c5d8   0x0800c5d8   0x00000028   Code   RO         8029    i.USBD_ParseSetupRequest  usbd_ctlreq.o
    0x0800c600   0x0800c600   0x00000010   Code   RO         7899    i.USBD_RegisterClass  usbd_core.o
    0x0800c610   0x0800c610   0x00000006   Code   RO         7900    i.USBD_RunTestMode  usbd_core.o
    0x0800c616   0x0800c616   0x0000005a   Code   RO         8030    i.USBD_SetAddress   usbd_ctlreq.o
    0x0800c670   0x0800c670   0x00000022   Code   RO         7901    i.USBD_SetClassConfig  usbd_core.o
    0x0800c692   0x0800c692   0x00000002   PAD
    0x0800c694   0x0800c694   0x000000e8   Code   RO         8031    i.USBD_SetConfig    usbd_ctlreq.o
    0x0800c77c   0x0800c77c   0x00000018   Code   RO         8032    i.USBD_SetFeature   usbd_ctlreq.o
    0x0800c794   0x0800c794   0x0000000e   Code   RO         7902    i.USBD_Start        usbd_core.o
    0x0800c7a2   0x0800c7a2   0x000000a2   Code   RO         8033    i.USBD_StdDevReq    usbd_ctlreq.o
    0x0800c844   0x0800c844   0x00000238   Code   RO         8034    i.USBD_StdEPReq     usbd_ctlreq.o
    0x0800ca7c   0x0800ca7c   0x0000007e   Code   RO         8035    i.USBD_StdItfReq    usbd_ctlreq.o
    0x0800cafa   0x0800cafa   0x00000002   PAD
    0x0800cafc   0x0800cafc   0x000000d0   Code   RO         1759    i.USB_ActivateEndpoint  stm32f4xx_ll_usb.o
    0x0800cbcc   0x0800cbcc   0x00000046   Code   RO         1761    i.USB_ActivateSetup  stm32f4xx_ll_usb.o
    0x0800cc12   0x0800cc12   0x00000002   PAD
    0x0800cc14   0x0800cc14   0x00000084   Code   RO         1763    i.USB_CoreInit      stm32f4xx_ll_usb.o
    0x0800cc98   0x0800cc98   0x0000004c   Code   RO         1764    i.USB_CoreReset     stm32f4xx_ll_usb.o
    0x0800cce4   0x0800cce4   0x000000c4   Code   RO         1767    i.USB_DeactivateEndpoint  stm32f4xx_ll_usb.o
    0x0800cda8   0x0800cda8   0x00000020   Code   RO         1768    i.USB_DevConnect    stm32f4xx_ll_usb.o
    0x0800cdc8   0x0800cdc8   0x00000020   Code   RO         1769    i.USB_DevDisconnect  stm32f4xx_ll_usb.o
    0x0800cde8   0x0800cde8   0x000001f4   Code   RO         1770    i.USB_DevInit       stm32f4xx_ll_usb.o
    0x0800cfdc   0x0800cfdc   0x0000000e   Code   RO         1771    i.USB_DisableGlobalInt  stm32f4xx_ll_usb.o
    0x0800cfea   0x0800cfea   0x00000002   PAD
    0x0800cfec   0x0800cfec   0x000001d8   Code   RO         1774    i.USB_EP0StartXfer  stm32f4xx_ll_usb.o
    0x0800d1c4   0x0800d1c4   0x00000070   Code   RO         1775    i.USB_EP0_OutStart  stm32f4xx_ll_usb.o
    0x0800d234   0x0800d234   0x0000008e   Code   RO         1776    i.USB_EPClearStall  stm32f4xx_ll_usb.o
    0x0800d2c2   0x0800d2c2   0x0000009a   Code   RO         1777    i.USB_EPSetStall    stm32f4xx_ll_usb.o
    0x0800d35c   0x0800d35c   0x00000344   Code   RO         1778    i.USB_EPStartXfer   stm32f4xx_ll_usb.o
    0x0800d6a0   0x0800d6a0   0x0000000e   Code   RO         1779    i.USB_EnableGlobalInt  stm32f4xx_ll_usb.o
    0x0800d6ae   0x0800d6ae   0x00000002   PAD
    0x0800d6b0   0x0800d6b0   0x0000002c   Code   RO         1780    i.USB_FlushRxFifo   stm32f4xx_ll_usb.o
    0x0800d6dc   0x0800d6dc   0x00000030   Code   RO         1781    i.USB_FlushTxFifo   stm32f4xx_ll_usb.o
    0x0800d70c   0x0800d70c   0x00000026   Code   RO         1783    i.USB_GetDevSpeed   stm32f4xx_ll_usb.o
    0x0800d732   0x0800d732   0x0000000a   Code   RO         1785    i.USB_GetMode       stm32f4xx_ll_usb.o
    0x0800d73c   0x0800d73c   0x00000014   Code   RO         1792    i.USB_ReadDevAllInEpInterrupt  stm32f4xx_ll_usb.o
    0x0800d750   0x0800d750   0x00000014   Code   RO         1793    i.USB_ReadDevAllOutEpInterrupt  stm32f4xx_ll_usb.o
    0x0800d764   0x0800d764   0x00000032   Code   RO         1794    i.USB_ReadDevInEPInterrupt  stm32f4xx_ll_usb.o
    0x0800d796   0x0800d796   0x0000001a   Code   RO         1795    i.USB_ReadDevOutEPInterrupt  stm32f4xx_ll_usb.o
    0x0800d7b0   0x0800d7b0   0x0000000a   Code   RO         1796    i.USB_ReadInterrupts  stm32f4xx_ll_usb.o
    0x0800d7ba   0x0800d7ba   0x00000022   Code   RO         1797    i.USB_ReadPacket    stm32f4xx_ll_usb.o
    0x0800d7dc   0x0800d7dc   0x00000036   Code   RO         1799    i.USB_SetCurrentMode  stm32f4xx_ll_usb.o
    0x0800d812   0x0800d812   0x0000002a   Code   RO         1800    i.USB_SetDevAddress  stm32f4xx_ll_usb.o
    0x0800d83c   0x0800d83c   0x00000012   Code   RO         1801    i.USB_SetDevSpeed   stm32f4xx_ll_usb.o
    0x0800d84e   0x0800d84e   0x00000002   PAD
    0x0800d850   0x0800d850   0x000000e8   Code   RO         1802    i.USB_SetTurnaroundTime  stm32f4xx_ll_usb.o
    0x0800d938   0x0800d938   0x0000003c   Code   RO         1805    i.USB_WritePacket   stm32f4xx_ll_usb.o
    0x0800d974   0x0800d974   0x00000004   Code   RO         1326    i.UsageFault_Handler  stm32f4xx_it.o
    0x0800d978   0x0800d978   0x00000030   Code   RO        12031    i.__ARM_fpclassify  m_wm.l(fpclassify.o)
    0x0800d9a8   0x0800d9a8   0x00000026   Code   RO        12033    i.__ARM_fpclassifyf  m_wm.l(fpclassifyf.o)
    0x0800d9ce   0x0800d9ce   0x00000002   PAD
    0x0800d9d0   0x0800d9d0   0x00000010   Code   RO         2866    i.__NVIC_GetPriorityGrouping  stm32f4xx_hal_cortex.o
    0x0800d9e0   0x0800d9e0   0x00000028   Code   RO         2867    i.__NVIC_SetPriority  stm32f4xx_hal_cortex.o
    0x0800da08   0x0800da08   0x00000006   Code   RO        11028    i.__get_PRIMASK     fifo.o
    0x0800da0e   0x0800da0e   0x00000002   PAD
    0x0800da10   0x0800da10   0x00000358   Code   RO        11704    i.__hardfp_acos     m_wm.l(acos.o)
    0x0800dd68   0x0800dd68   0x0000012c   Code   RO        11730    i.__hardfp_asinf    m_wm.l(asinf.o)
    0x0800de94   0x0800de94   0x00000004   PAD
    0x0800de98   0x0800de98   0x000002d8   Code   RO        11742    i.__hardfp_atan     m_wm.l(atan.o)
    0x0800e170   0x0800e170   0x000002ac   Code   RO        11756    i.__hardfp_atan2f   m_wm.l(atan2f.o)
    0x0800e41c   0x0800e41c   0x00000014   Code   RO        11768    i.__hardfp_fabs     m_wm.l(fabs.o)
    0x0800e430   0x0800e430   0x0000007a   Code   RO        11786    i.__hardfp_sqrt     m_wm.l(sqrt_full.o)
    0x0800e4aa   0x0800e4aa   0x0000003a   Code   RO        11792    i.__hardfp_sqrtf    m_wm.l(sqrtf_full.o)
    0x0800e4e4   0x0800e4e4   0x000000f8   Code   RO        12049    i.__kernel_poly     m_wm.l(poly.o)
    0x0800e5dc   0x0800e5dc   0x00000014   Code   RO        12018    i.__mathlib_dbl_infnan  m_wm.l(dunder.o)
    0x0800e5f0   0x0800e5f0   0x00000020   Code   RO        12020    i.__mathlib_dbl_invalid  m_wm.l(dunder.o)
    0x0800e610   0x0800e610   0x00000020   Code   RO        12023    i.__mathlib_dbl_underflow  m_wm.l(dunder.o)
    0x0800e630   0x0800e630   0x00000006   Code   RO        12036    i.__mathlib_flt_infnan  m_wm.l(funder.o)
    0x0800e636   0x0800e636   0x00000006   Code   RO        12037    i.__mathlib_flt_infnan2  m_wm.l(funder.o)
    0x0800e63c   0x0800e63c   0x00000010   Code   RO        12038    i.__mathlib_flt_invalid  m_wm.l(funder.o)
    0x0800e64c   0x0800e64c   0x00000010   Code   RO        12041    i.__mathlib_flt_underflow  m_wm.l(funder.o)
    0x0800e65c   0x0800e65c   0x00000006   Code   RO        11029    i.__set_PRIMASK     fifo.o
    0x0800e662   0x0800e662   0x0000000e   Code   RO        11902    i._is_digit         c_w.l(__printf_wp.o)
    0x0800e670   0x0800e670   0x00000068   Code   RO         8793    i.aRGB_led_show     bsp_led.o
    0x0800e6d8   0x0800e6d8   0x00000030   Code   RO        10871    i.abs_limit         user_lib.o
    0x0800e708   0x0800e708   0x000001d0   Code   RO        11343    i.accel_comple_filter  AHRS.lib(ahrs.o)
    0x0800e8d8   0x0800e8d8   0x0000018c   Code   RO        11344    i.accel_update_kp_ki  AHRS.lib(ahrs.o)
    0x0800ea64   0x0800ea64   0x0000003c   Code   RO         8282    i.adcx_get_chx_value  bsp_adc.o
    0x0800eaa0   0x0800eaa0   0x0000016c   Code   RO        11345    i.angle_to_quat     AHRS.lib(ahrs.o)
    0x0800ec0c   0x0800ec0c   0x00000044   Code   RO        10166    i.battery_voltage_task  voltage_task.o
    0x0800ec50   0x0800ec50   0x00000134   Code   RO        10394    i.bmi088_accel_init  bmi088driver.o
    0x0800ed84   0x0800ed84   0x000002fc   Code   RO        10395    i.bmi088_accel_self_test  bmi088driver.o
    0x0800f080   0x0800f080   0x000000f4   Code   RO        10396    i.bmi088_gyro_init  bmi088driver.o
    0x0800f174   0x0800f174   0x000000d0   Code   RO        10397    i.bmi088_gyro_self_test  bmi088driver.o
    0x0800f244   0x0800f244   0x0000013c   Code   RO         8694    i.bsp_I2C_check_ack  bsp_i2c.o
    0x0800f380   0x0800f380   0x0000004c   Code   RO         8695    i.bsp_I2C_master_transmit  bsp_i2c.o
    0x0800f3cc   0x0800f3cc   0x0000004c   Code   RO         8696    i.bsp_I2C_reset     bsp_i2c.o
    0x0800f418   0x0800f418   0x00000010   Code   RO         8429    i.buzzer_off        bsp_buzzer.o
    0x0800f428   0x0800f428   0x00000014   Code   RO         8430    i.buzzer_on         bsp_buzzer.o
    0x0800f43c   0x0800f43c   0x00000070   Code   RO        10081    i.buzzer_warn_error  test_task.o
    0x0800f4ac   0x0800f4ac   0x000000e8   Code   RO        10167    i.calc_battery_percentage  voltage_task.o
    0x0800f594   0x0800f594   0x00000194   Code   RO         9554    i.calc_gimbal_cali  gimbal_task.o
    0x0800f728   0x0800f728   0x000000ec   Code   RO         8997    i.cali_data_read    calibrate_task.o
    0x0800f814   0x0800f814   0x0000008c   Code   RO         8998    i.cali_data_write   calibrate_task.o
    0x0800f8a0   0x0800f8a0   0x0000006c   Code   RO         8999    i.cali_gimbal_hook  calibrate_task.o
    0x0800f90c   0x0800f90c   0x00000064   Code   RO         9000    i.cali_gyro_hook    calibrate_task.o
    0x0800f970   0x0800f970   0x00000046   Code   RO         9001    i.cali_head_hook    calibrate_task.o
    0x0800f9b6   0x0800f9b6   0x00000002   PAD
    0x0800f9b8   0x0800f9b8   0x000000b8   Code   RO         9002    i.cali_param_init   calibrate_task.o
    0x0800fa70   0x0800fa70   0x00000148   Code   RO         9003    i.calibrate_task    calibrate_task.o
    0x0800fbb8   0x0800fbb8   0x0000005c   Code   RO         8460    i.can_filter_init   bsp_can.o
    0x0800fc14   0x0800fc14   0x000000a0   Code   RO         9197    i.chassis_behaviour_control_set  chassis_behaviour.o
    0x0800fcb4   0x0800fcb4   0x000000cc   Code   RO         9198    i.chassis_behaviour_mode_set  chassis_behaviour.o
    0x0800fd80   0x0800fd80   0x000001cc   Code   RO         9325    i.chassis_control_loop  chassis_task.o
    0x0800ff4c   0x0800ff4c   0x00000060   Code   RO         9199    i.chassis_engineer_follow_chassis_yaw_control  chassis_behaviour.o
    0x0800ffac   0x0800ffac   0x00000164   Code   RO         9326    i.chassis_feedback_update  chassis_task.o
    0x08010110   0x08010110   0x0000011c   Code   RO         9200    i.chassis_infantry_follow_gimbal_yaw_control  chassis_behaviour.o
    0x0801022c   0x0801022c   0x000000d8   Code   RO         9327    i.chassis_init      chassis_task.o
    0x08010304   0x08010304   0x00000058   Code   RO         9328    i.chassis_mode_change_control_transit  chassis_task.o
    0x0801035c   0x0801035c   0x00000044   Code   RO         9201    i.chassis_no_follow_yaw_control  chassis_behaviour.o
    0x080103a0   0x080103a0   0x0000002c   Code   RO         9202    i.chassis_no_move_control  chassis_behaviour.o
    0x080103cc   0x080103cc   0x0000005c   Code   RO         9203    i.chassis_open_set_control  chassis_behaviour.o
    0x08010428   0x08010428   0x000001d0   Code   RO         9290    i.chassis_power_control  chassis_power_control.o
    0x080105f8   0x080105f8   0x0000015c   Code   RO         9329    i.chassis_rc_to_control_vector  chassis_task.o
    0x08010754   0x08010754   0x0000027c   Code   RO         9330    i.chassis_set_contorl  chassis_task.o
    0x080109d0   0x080109d0   0x00000012   Code   RO         9331    i.chassis_set_mode  chassis_task.o
    0x080109e2   0x080109e2   0x00000002   PAD
    0x080109e4   0x080109e4   0x000000cc   Code   RO         9332    i.chassis_task      chassis_task.o
    0x08010ab0   0x08010ab0   0x00000054   Code   RO         9333    i.chassis_vector_to_mecanum_wheel_speed  chassis_task.o
    0x08010b04   0x08010b04   0x0000002c   Code   RO         9204    i.chassis_zero_force_control  chassis_behaviour.o
    0x08010b30   0x08010b30   0x00000118   Code   RO         9555    i.cmd_cali_gimbal_hook  gimbal_task.o
    0x08010c48   0x08010c48   0x00000030   Code   RO         8526    i.delay_init        bsp_delay.o
    0x08010c78   0x08010c78   0x00000050   Code   RO         8528    i.delay_us          bsp_delay.o
    0x08010cc8   0x08010cc8   0x00000124   Code   RO         9399    i.detect_hook       detect_task.o
    0x08010dec   0x08010dec   0x00000184   Code   RO         9400    i.detect_init       detect_task.o
    0x08010f70   0x08010f70   0x00000288   Code   RO         9401    i.detect_task       detect_task.o
    0x080111f8   0x080111f8   0x00000018   Code   RO        11770    i.fabs              m_wm.l(fabs.o)
    0x08011210   0x08011210   0x0000003a   Code   RO        11047    i.fifo_s_get        fifo.o
    0x0801124a   0x0801124a   0x00000016   Code   RO        11050    i.fifo_s_init       fifo.o
    0x08011260   0x08011260   0x000000a0   Code   RO        11056    i.fifo_s_puts       fifo.o
    0x08011300   0x08011300   0x00000006   Code   RO        11058    i.fifo_s_used       fifo.o
    0x08011306   0x08011306   0x00000054   Code   RO        10872    i.first_order_filter_cali  user_lib.o
    0x0801135a   0x0801135a   0x00000002   PAD
    0x0801135c   0x0801135c   0x00000024   Code   RO        10873    i.first_order_filter_init  user_lib.o
    0x08011380   0x08011380   0x0000002e   Code   RO         8564    i.flash_erase_address  bsp_flash.o
    0x080113ae   0x080113ae   0x00000014   Code   RO         8565    i.flash_read        bsp_flash.o
    0x080113c2   0x080113c2   0x00000002   PAD
    0x080113c4   0x080113c4   0x00000098   Code   RO         8567    i.flash_write_single_address  bsp_flash.o
    0x0801145c   0x0801145c   0x0000002a   Code   RO        10874    i.fp32_constrain    user_lib.o
    0x08011486   0x08011486   0x00000002   PAD
    0x08011488   0x08011488   0x0000000c   Code   RO         8621    i.fric1_on          bsp_fric.o
    0x08011494   0x08011494   0x0000000c   Code   RO         8622    i.fric2_on          bsp_fric.o
    0x080114a0   0x080114a0   0x000000f4   Code   RO         8568    i.ger_sector        bsp_flash.o
    0x08011594   0x08011594   0x00000034   Code   RO        10969    i.get_CRC16_check_sum  crc8_crc16.o
    0x080115c8   0x080115c8   0x00000024   Code   RO        10970    i.get_CRC8_check_sum  crc8_crc16.o
    0x080115ec   0x080115ec   0x00000008   Code   RO         9695    i.get_INS_angle_point  ins_task.o
    0x080115f4   0x080115f4   0x000000e8   Code   RO        11346    i.get_angle         AHRS.lib(ahrs.o)
    0x080116dc   0x080116dc   0x00000024   Code   RO        10168    i.get_battery_percentage  voltage_task.o
    0x08011700   0x08011700   0x00000048   Code   RO         8283    i.get_battery_voltage  bsp_adc.o
    0x08011748   0x08011748   0x00000018   Code   RO         9111    i.get_chassis_motor_measure_point  can_receive.o
    0x08011760   0x08011760   0x0000001c   Code   RO         9841    i.get_chassis_power_and_buffer  referee.o
    0x0801177c   0x0801177c   0x0000000c   Code   RO         9004    i.get_control_temperature  calibrate_task.o
    0x08011788   0x08011788   0x00000008   Code   RO         9402    i.get_error_list_point  detect_task.o
    0x08011790   0x08011790   0x00000008   Code   RO         9698    i.get_gyro_data_point  ins_task.o
    0x08011798   0x08011798   0x000000e8   Code   RO         8569    i.get_next_flash_address  bsp_flash.o
    0x08011880   0x08011880   0x00000008   Code   RO         9112    i.get_pitch_gimbal_motor_measure_point  can_receive.o
    0x08011888   0x08011888   0x00000008   Code   RO         9556    i.get_pitch_motor_point  gimbal_task.o
    0x08011890   0x08011890   0x00000008   Code   RO         9954    i.get_remote_control_point  remote_control.o
    0x08011898   0x08011898   0x0000000c   Code   RO         9842    i.get_robot_id      referee.o
    0x080118a4   0x080118a4   0x00000018   Code   RO         9843    i.get_shoot_heat0_limit_and_heat0  referee.o
    0x080118bc   0x080118bc   0x0000005c   Code   RO         8285    i.get_temprate      bsp_adc.o
    0x08011918   0x08011918   0x00000008   Code   RO         9113    i.get_trigger_motor_measure_point  can_receive.o
    0x08011920   0x08011920   0x00000008   Code   RO         9114    i.get_yaw_gimbal_motor_measure_point  can_receive.o
    0x08011928   0x08011928   0x00000008   Code   RO         9557    i.get_yaw_motor_point  gimbal_task.o
    0x08011930   0x08011930   0x000000bc   Code   RO         9558    i.gimbal_PID_calc   gimbal_task.o
    0x080119ec   0x080119ec   0x00000030   Code   RO         9559    i.gimbal_PID_clear  gimbal_task.o
    0x08011a1c   0x08011a1c   0x00000030   Code   RO         9560    i.gimbal_PID_init   gimbal_task.o
    0x08011a4c   0x08011a4c   0x00000308   Code   RO         9443    i.gimbal_auto_angle_control  gimbal_behaviour.o
    0x08011d54   0x08011d54   0x0000008c   Code   RO         9444    i.gimbal_behaviour_control_set  gimbal_behaviour.o
    0x08011de0   0x08011de0   0x0000008c   Code   RO         9445    i.gimbal_behaviour_mode_set  gimbal_behaviour.o
    0x08011e6c   0x08011e6c   0x000001a0   Code   RO         9446    i.gimbal_behavour_set  gimbal_behaviour.o
    0x0801200c   0x0801200c   0x000001d0   Code   RO         9447    i.gimbal_cali_control  gimbal_behaviour.o
    0x080121dc   0x080121dc   0x0000002c   Code   RO         9448    i.gimbal_cmd_to_chassis_stop  gimbal_behaviour.o
    0x08012208   0x08012208   0x00000024   Code   RO         9449    i.gimbal_cmd_to_shoot_stop  gimbal_behaviour.o
    0x0801222c   0x0801222c   0x00000070   Code   RO         9561    i.gimbal_control_loop  gimbal_task.o
    0x0801229c   0x0801229c   0x00000088   Code   RO         9562    i.gimbal_feedback_update  gimbal_task.o
    0x08012324   0x08012324   0x00000154   Code   RO         9563    i.gimbal_init       gimbal_task.o
    0x08012478   0x08012478   0x000000c4   Code   RO         9450    i.gimbal_init_control  gimbal_behaviour.o
    0x0801253c   0x0801253c   0x0000008c   Code   RO         9564    i.gimbal_mode_change_control_transit  gimbal_task.o
    0x080125c8   0x080125c8   0x00000020   Code   RO         9451    i.gimbal_motionless_control  gimbal_behaviour.o
    0x080125e8   0x080125e8   0x0000005c   Code   RO         9565    i.gimbal_motor_absolute_angle_control  gimbal_task.o
    0x08012644   0x08012644   0x00000022   Code   RO         9566    i.gimbal_motor_raw_angle_control  gimbal_task.o
    0x08012666   0x08012666   0x0000005e   Code   RO         9567    i.gimbal_motor_relative_angle_control  gimbal_task.o
    0x080126c4   0x080126c4   0x000000d4   Code   RO         9452    i.gimbal_relative_angle_control  gimbal_behaviour.o
    0x08012798   0x08012798   0x0000009c   Code   RO         9568    i.gimbal_relative_angle_limit_pitch  gimbal_task.o
    0x08012834   0x08012834   0x0000009c   Code   RO         9569    i.gimbal_relative_angle_limit_yaw  gimbal_task.o
    0x080128d0   0x080128d0   0x00000074   Code   RO         9570    i.gimbal_set_control  gimbal_task.o
    0x08012944   0x08012944   0x00000012   Code   RO         9571    i.gimbal_set_mode   gimbal_task.o
    0x08012956   0x08012956   0x00000002   PAD
    0x08012958   0x08012958   0x000000e0   Code   RO         9572    i.gimbal_task       gimbal_task.o
    0x08012a38   0x08012a38   0x00000020   Code   RO         9453    i.gimbal_zero_force_control  gimbal_behaviour.o
    0x08012a58   0x08012a58   0x00000054   Code   RO         9700    i.gyro_offset_calc  ins_task.o
    0x08012aac   0x08012aac   0x0000012c   Code   RO         9701    i.imu_cali_slove    ins_task.o
    0x08012bd8   0x08012bd8   0x00000168   Code   RO         9702    i.imu_cmd_spi_dma   ins_task.o
    0x08012d40   0x08012d40   0x0000000c   Code   RO         8661    i.imu_pwm_set       bsp_imu_pwm.o
    0x08012d4c   0x08012d4c   0x000000b8   Code   RO         9703    i.imu_temp_control  ins_task.o
    0x08012e04   0x08012e04   0x000000b8   Code   RO         9845    i.init_referee_struct_data  referee.o
    0x08012ebc   0x08012ebc   0x00000040   Code   RO         8286    i.init_vrefint_reciprocal  bsp_adc.o
    0x08012efc   0x08012efc   0x00000002   Code   RO        10622    i.ist8310_GPIO_init  ist8310driver_middleware.o
    0x08012efe   0x08012efe   0x00000002   PAD
    0x08012f00   0x08012f00   0x00000028   Code   RO        10624    i.ist8310_IIC_read_single_reg  ist8310driver_middleware.o
    0x08012f28   0x08012f28   0x00000028   Code   RO        10626    i.ist8310_IIC_write_single_reg  ist8310driver_middleware.o
    0x08012f50   0x08012f50   0x00000014   Code   RO        10627    i.ist8310_RST_H     ist8310driver_middleware.o
    0x08012f64   0x08012f64   0x00000014   Code   RO        10628    i.ist8310_RST_L     ist8310driver_middleware.o
    0x08012f78   0x08012f78   0x00000002   Code   RO        10629    i.ist8310_com_init  ist8310driver_middleware.o
    0x08012f7a   0x08012f7a   0x0000000c   Code   RO        10630    i.ist8310_delay_ms  ist8310driver_middleware.o
    0x08012f86   0x08012f86   0x00000002   PAD
    0x08012f88   0x08012f88   0x00000094   Code   RO        10590    i.ist8310_init      ist8310driver.o
    0x0801301c   0x0801301c   0x000000d4   Code   RO         1327    i.kalmanFilter      stm32f4xx_it.o
    0x080130f0   0x080130f0   0x00000010   Code   RO         8759    i.laser_off         bsp_laser.o
    0x08013100   0x08013100   0x00000010   Code   RO         8760    i.laser_on          bsp_laser.o
    0x08013110   0x08013110   0x000001b0   Code   RO        10204    i.led_RGB_flow_task  led_flow_task.o
    0x080132c0   0x080132c0   0x00000060   Code   RO        10879    i.loop_fp32_constrain  user_lib.o
    0x08013320   0x08013320   0x00000084   Code   RO           15    i.main              main.o
    0x080133a4   0x080133a4   0x0000000e   Code   RO         7376    i.makeFreeRtosPriority  cmsis_os.o
    0x080133b2   0x080133b2   0x00000002   PAD
    0x080133b4   0x080133b4   0x00000034   Code   RO         9573    i.motor_ecd_to_angle_change  gimbal_task.o
    0x080133e8   0x080133e8   0x00000214   Code   RO         9807    i.oled_task         oled_task.o
    0x080135fc   0x080135fc   0x00000030   Code   RO        10274    i.oled_write_byte   oled.o
    0x0801362c   0x0801362c   0x00000018   Code   RO         7378    i.osDelay           cmsis_os.o
    0x08013644   0x08013644   0x0000000a   Code   RO         7381    i.osKernelStart     cmsis_os.o
    0x0801364e   0x0801364e   0x0000005e   Code   RO         7415    i.osThreadCreate    cmsis_os.o
    0x080136ac   0x080136ac   0x0000000e   Code   RO         1248    i.parse_int16_be    usbd_cdc_if.o
    0x080136ba   0x080136ba   0x00000002   PAD
    0x080136bc   0x080136bc   0x00000030   Code   RO         6873    i.pcTaskGetName     tasks.o
    0x080136ec   0x080136ec   0x000000a4   Code   RO         6874    i.prvAddCurrentTaskToDelayedList  tasks.o
    0x08013790   0x08013790   0x000000b4   Code   RO         6875    i.prvAddNewTaskToReadyList  tasks.o
    0x08013844   0x08013844   0x00000074   Code   RO         7223    i.prvCheckForValidListAndQueue  timers.o
    0x080138b8   0x080138b8   0x00000048   Code   RO         6876    i.prvCheckTasksWaitingTermination  tasks.o
    0x08013900   0x08013900   0x0000002a   Code   RO         6530    i.prvCopyDataFromQueue  queue.o
    0x0801392a   0x0801392a   0x0000007c   Code   RO         6531    i.prvCopyDataToQueue  queue.o
    0x080139a6   0x080139a6   0x00000050   Code   RO         6877    i.prvDeleteTCB      tasks.o
    0x080139f6   0x080139f6   0x00000002   PAD
    0x080139f8   0x080139f8   0x00000028   Code   RO         7224    i.prvGetNextExpireTime  timers.o
    0x08013a20   0x08013a20   0x0000007c   Code   RO         7755    i.prvHeapInit       heap_4.o
    0x08013a9c   0x08013a9c   0x00000028   Code   RO         6878    i.prvIdleTask       tasks.o
    0x08013ac4   0x08013ac4   0x00000026   Code   RO         6534    i.prvInitialiseNewQueue  queue.o
    0x08013aea   0x08013aea   0x000000b8   Code   RO         6879    i.prvInitialiseNewTask  tasks.o
    0x08013ba2   0x08013ba2   0x00000002   PAD
    0x08013ba4   0x08013ba4   0x00000068   Code   RO         6880    i.prvInitialiseTaskLists  tasks.o
    0x08013c0c   0x08013c0c   0x00000068   Code   RO         7756    i.prvInsertBlockIntoFreeList  heap_4.o
    0x08013c74   0x08013c74   0x00000058   Code   RO         7226    i.prvInsertTimerInActiveList  timers.o
    0x08013ccc   0x08013ccc   0x0000001a   Code   RO         6535    i.prvIsQueueEmpty   queue.o
    0x08013ce6   0x08013ce6   0x0000001e   Code   RO         6536    i.prvIsQueueFull    queue.o
    0x08013d04   0x08013d04   0x00000064   Code   RO         7227    i.prvProcessExpiredTimer  timers.o
    0x08013d68   0x08013d68   0x00000128   Code   RO         7228    i.prvProcessReceivedCommands  timers.o
    0x08013e90   0x08013e90   0x00000074   Code   RO         7229    i.prvProcessTimerOrBlockTask  timers.o
    0x08013f04   0x08013f04   0x00000034   Code   RO         6881    i.prvResetNextTaskUnblockTime  tasks.o
    0x08013f38   0x08013f38   0x0000002c   Code   RO         7230    i.prvSampleTimeNow  timers.o
    0x08013f64   0x08013f64   0x0000009e   Code   RO         6882    i.prvSearchForNameWithinSingleList  tasks.o
    0x08014002   0x08014002   0x00000002   PAD
    0x08014004   0x08014004   0x000000a0   Code   RO         7231    i.prvSwitchTimerLists  timers.o
    0x080140a4   0x080140a4   0x00000016   Code   RO         6883    i.prvTaskCheckFreeStackSpace  tasks.o
    0x080140ba   0x080140ba   0x00000002   PAD
    0x080140bc   0x080140bc   0x00000040   Code   RO         7805    i.prvTaskExitError  port.o
    0x080140fc   0x080140fc   0x0000001a   Code   RO         7232    i.prvTimerTask      timers.o
    0x08014116   0x08014116   0x0000007e   Code   RO         6537    i.prvUnlockQueue    queue.o
    0x08014194   0x08014194   0x0000013c   Code   RO         7757    i.pvPortMalloc      heap_4.o
    0x080142d0   0x080142d0   0x0000002c   Code   RO         7806    i.pxPortInitialiseStack  port.o
    0x080142fc   0x080142fc   0x00000084   Code   RO        11351    i.quat_normalization  AHRS.lib(ahrs.o)
    0x08014380   0x08014380   0x0000005a   Code   RO        10880    i.ramp_calc         user_lib.o
    0x080143da   0x080143da   0x00000002   PAD
    0x080143dc   0x080143dc   0x0000002c   Code   RO        10881    i.ramp_init         user_lib.o
    0x08014408   0x08014408   0x000001c0   Code   RO         9846    i.referee_data_solve  referee.o
    0x080145c8   0x080145c8   0x0000014c   Code   RO         9909    i.referee_unpack_fifo_data  referee_usart_task.o
    0x08014714   0x08014714   0x00000038   Code   RO         9910    i.referee_usart_task  referee_usart_task.o
    0x0801474c   0x0801474c   0x00000014   Code   RO         9955    i.remote_control_init  remote_control.o
    0x08014760   0x08014760   0x000000da   Code   RO         9956    i.sbus_to_rc        remote_control.o
    0x0801483a   0x0801483a   0x00000002   PAD
    0x0801483c   0x0801483c   0x00000058   Code   RO         9957    i.sbus_to_usart1    remote_control.o
    0x08014894   0x08014894   0x0000003c   Code   RO         8971    i.servo_pwm_set     bsp_servo_pwm.o
    0x080148d0   0x080148d0   0x000000b0   Code   RO        10231    i.servo_task        servo_task.o
    0x08014980   0x08014980   0x00000020   Code   RO         9574    i.set_cali_gimbal_hook  gimbal_task.o
    0x080149a0   0x080149a0   0x000000a0   Code   RO        10026    i.shoot_bullet_control  shoot.o
    0x08014a40   0x08014a40   0x000001b4   Code   RO        10027    i.shoot_control_loop  shoot.o
    0x08014bf4   0x08014bf4   0x00000248   Code   RO        10028    i.shoot_feedback_update  shoot.o
    0x08014e3c   0x08014e3c   0x000000d4   Code   RO        10029    i.shoot_init        shoot.o
    0x08014f10   0x08014f10   0x0000021c   Code   RO        10030    i.shoot_set_mode    shoot.o
    0x0801512c   0x0801512c   0x0000006e   Code   RO        11788    i.sqrt              m_wm.l(sqrt_full.o)
    0x0801519a   0x0801519a   0x0000003e   Code   RO        11794    i.sqrtf             m_wm.l(sqrtf_full.o)
    0x080151d8   0x080151d8   0x0000008c   Code   RO        10082    i.test_task         test_task.o
    0x08015264   0x08015264   0x00000006   Code   RO         9403    i.toe_is_error      detect_task.o
    0x0801526a   0x0801526a   0x00000002   PAD
    0x0801526c   0x0801526c   0x000000cc   Code   RO        10031    i.trigger_motor_turn_back  shoot.o
    0x08015338   0x08015338   0x00000074   Code   RO         6886    i.ulTaskNotifyTake  tasks.o
    0x080153ac   0x080153ac   0x0000007a   Code   RO        11352    i.update_w          AHRS.lib(ahrs.o)
    0x08015426   0x08015426   0x00000002   PAD
    0x08015428   0x08015428   0x000000a8   Code   RO         8928    i.usart1_tx_dma_enable  bsp_usart.o
    0x080154d0   0x080154d0   0x00000074   Code   RO         8929    i.usart1_tx_dma_init  bsp_usart.o
    0x08015544   0x08015544   0x00000138   Code   RO         8930    i.usart6_init       bsp_usart.o
    0x0801567c   0x0801567c   0x0000002c   Code   RO        10116    i.usb_printf        usb_task.o
    0x080156a8   0x080156a8   0x00000030   Code   RO        10117    i.usb_task          usb_task.o
    0x080156d8   0x080156d8   0x00000028   Code   RO         6490    i.uxListRemove      list.o
    0x08015700   0x08015700   0x00000028   Code   RO         6888    i.uxTaskGetStackHighWaterMark  tasks.o
    0x08015728   0x08015728   0x00000018   Code   RO          371    i.vApplicationGetIdleTaskMemory  freertos.o
    0x08015740   0x08015740   0x00000018   Code   RO          372    i.vApplicationGetTimerTaskMemory  freertos.o
    0x08015758   0x08015758   0x0000001a   Code   RO         6491    i.vListInitialise   list.o
    0x08015772   0x08015772   0x00000006   Code   RO         6492    i.vListInitialiseItem  list.o
    0x08015778   0x08015778   0x00000034   Code   RO         6493    i.vListInsert       list.o
    0x080157ac   0x080157ac   0x00000018   Code   RO         6494    i.vListInsertEnd    list.o
    0x080157c4   0x080157c4   0x00000054   Code   RO         7808    i.vPortEnterCritical  port.o
    0x08015818   0x08015818   0x0000003c   Code   RO         7809    i.vPortExitCritical  port.o
    0x08015854   0x08015854   0x00000094   Code   RO         7758    i.vPortFree         heap_4.o
    0x080158e8   0x080158e8   0x00000028   Code   RO         7810    i.vPortSetupTimerInterrupt  port.o
    0x08015910   0x08015910   0x00000078   Code   RO         7811    i.vPortValidateInterruptPriority  port.o
    0x08015988   0x08015988   0x0000002c   Code   RO         6541    i.vQueueAddToRegistry  queue.o
    0x080159b4   0x080159b4   0x0000004a   Code   RO         6544    i.vQueueWaitForMessageRestricted  queue.o
    0x080159fe   0x080159fe   0x00000002   PAD
    0x08015a00   0x08015a00   0x0000005c   Code   RO         6892    i.vTaskDelay        tasks.o
    0x08015a5c   0x08015a5c   0x00000018   Code   RO         6896    i.vTaskInternalSetTimeOutState  tasks.o
    0x08015a74   0x08015a74   0x0000000c   Code   RO         6897    i.vTaskMissedYield  tasks.o
    0x08015a80   0x08015a80   0x000000f0   Code   RO         6898    i.vTaskNotifyGiveFromISR  tasks.o
    0x08015b70   0x08015b70   0x00000038   Code   RO         6899    i.vTaskPlaceOnEventList  tasks.o
    0x08015ba8   0x08015ba8   0x00000040   Code   RO         6900    i.vTaskPlaceOnEventListRestricted  tasks.o
    0x08015be8   0x08015be8   0x000000b8   Code   RO         6907    i.vTaskStartScheduler  tasks.o
    0x08015ca0   0x08015ca0   0x00000010   Code   RO         6909    i.vTaskSuspendAll   tasks.o
    0x08015cb0   0x08015cb0   0x0000008c   Code   RO         6910    i.vTaskSwitchContext  tasks.o
    0x08015d3c   0x08015d3c   0x00000040   Code   RO        10971    i.verify_CRC16_check_sum  crc8_crc16.o
    0x08015d7c   0x08015d7c   0x0000002e   Code   RO        10972    i.verify_CRC8_check_sum  crc8_crc16.o
    0x08015daa   0x08015daa   0x00000002   PAD
    0x08015dac   0x08015dac   0x00000168   Code   RO         7812    i.xPortStartScheduler  port.o
    0x08015f14   0x08015f14   0x00000034   Code   RO         7813    i.xPortSysTickHandler  port.o
    0x08015f48   0x08015f48   0x000000de   Code   RO         6548    i.xQueueGenericCreateStatic  queue.o
    0x08016026   0x08016026   0x00000002   PAD
    0x08016028   0x08016028   0x00000098   Code   RO         6549    i.xQueueGenericReset  queue.o
    0x080160c0   0x080160c0   0x000001a8   Code   RO         6550    i.xQueueGenericSend  queue.o
    0x08016268   0x08016268   0x000000f8   Code   RO         6551    i.xQueueGenericSendFromISR  queue.o
    0x08016360   0x08016360   0x00000168   Code   RO         6559    i.xQueueReceive     queue.o
    0x080164c8   0x080164c8   0x000000a8   Code   RO         6912    i.xTaskCheckForTimeOut  tasks.o
    0x08016570   0x08016570   0x00000064   Code   RO         6913    i.xTaskCreate       tasks.o
    0x080165d4   0x080165d4   0x000000b8   Code   RO         6914    i.xTaskCreateStatic  tasks.o
    0x0801668c   0x0801668c   0x000000a4   Code   RO         6918    i.xTaskGetHandle    tasks.o
    0x08016730   0x08016730   0x00000020   Code   RO         6919    i.xTaskGetSchedulerState  tasks.o
    0x08016750   0x08016750   0x0000000c   Code   RO         6920    i.xTaskGetTickCount  tasks.o
    0x0801675c   0x0801675c   0x00000148   Code   RO         6922    i.xTaskIncrementTick  tasks.o
    0x080168a4   0x080168a4   0x000000c8   Code   RO         6925    i.xTaskPriorityDisinherit  tasks.o
    0x0801696c   0x0801696c   0x00000098   Code   RO         6927    i.xTaskRemoveFromEventList  tasks.o
    0x08016a04   0x08016a04   0x00000104   Code   RO         6928    i.xTaskResumeAll    tasks.o
    0x08016b08   0x08016b08   0x00000078   Code   RO         7237    i.xTimerCreateTimerTask  timers.o
    0x08016b80   0x08016b80   0x00000084   Code   RO         7238    i.xTimerGenericCommand  timers.o
    0x08016c04   0x08016c04   0x0000002c   Code   RO        12166    locale$$code        c_w.l(lc_numeric_c.o)
    0x08016c30   0x08016c30   0x0000002c   Code   RO        12199    locale$$code        c_w.l(lc_ctype_c.o)
    0x08016c5c   0x08016c5c   0x00000018   Code   RO        11984    x$fpl$basic         g_wm.l(basic.o)
    0x08016c74   0x08016c74   0x000002c4   Code   RO        11674    x$fpl$d2f           g_wm.l(d2f_clz.o)
    0x08016f38   0x08016f38   0x0000024c   Code   RO        11676    x$fpl$dadd          g_wm.l(daddsub_clz.o)
    0x08017184   0x08017184   0x00000018   Code   RO        11986    x$fpl$dcmpinf       g_wm.l(dcmpi.o)
    0x0801719c   0x0801719c   0x0000037c   Code   RO        11683    x$fpl$ddiv          g_wm.l(ddiv_clz.o)
    0x08017518   0x08017518   0x000000dc   Code   RO        11686    x$fpl$dfixu         g_wm.l(dfixu.o)
    0x080175f4   0x080175f4   0x0000001a   Code   RO        11692    x$fpl$dfltn         g_wm.l(dflt_clz.o)
    0x0801760e   0x0801760e   0x00000026   Code   RO        11690    x$fpl$dfltu         g_wm.l(dflt_clz.o)
    0x08017634   0x08017634   0x00000078   Code   RO        11696    x$fpl$dleqf         g_wm.l(dleqf.o)
    0x080176ac   0x080176ac   0x000001c0   Code   RO        11698    x$fpl$dmul          g_wm.l(dmul_clz.o)
    0x0801786c   0x0801786c   0x00000102   Code   RO        11988    x$fpl$dnaninf       g_wm.l(dnaninf.o)
    0x0801796e   0x0801796e   0x00000070   Code   RO        11990    x$fpl$drenorm       g_wm.l(drenorm_clz.o)
    0x080179de   0x080179de   0x0000000c   Code   RO        11992    x$fpl$dretinf       g_wm.l(dretinf.o)
    0x080179ea   0x080179ea   0x00000062   Code   RO        11700    x$fpl$drleqf        g_wm.l(drleqf.o)
    0x08017a4c   0x08017a4c   0x00000050   Code   RO        11677    x$fpl$drsb          g_wm.l(daddsub_clz.o)
    0x08017a9c   0x08017a9c   0x00000208   Code   RO        11994    x$fpl$dsqrt         g_wm.l(dsqrt_umaalclz.o)
    0x08017ca4   0x08017ca4   0x0000029c   Code   RO        11678    x$fpl$dsub          g_wm.l(daddsub_clz.o)
    0x08017f40   0x08017f40   0x0000017a   Code   RO        11996    x$fpl$dunder        g_wm.l(dunder_clz.o)
    0x080180ba   0x080180ba   0x00000002   PAD
    0x080180bc   0x080180bc   0x000001ec   Code   RO        11998    x$fpl$exception     g_wm.l(except.o)
    0x080182a8   0x080182a8   0x0000007a   Code   RO        11702    x$fpl$f2d           g_wm.l(f2d.o)
    0x08018322   0x08018322   0x000000f2   Code   RO        12000    x$fpl$fnaninf       g_wm.l(fnaninf.o)
    0x08018414   0x08018414   0x0000000a   Code   RO        12118    x$fpl$fpinit        g_wm.l(fpinit.o)
    0x0801841e   0x0801841e   0x0000000a   Code   RO        12002    x$fpl$fretinf       g_wm.l(fretinf.o)
    0x08018428   0x08018428   0x0000013c   Code   RO        12004    x$fpl$funder        g_wm.l(funder_clz.o)
    0x08018564   0x08018564   0x00000020   Code   RO        12188    x$fpl$ieeestatus    g_wm.l(istatus.o)
    0x08018584   0x08018584   0x00000004   Code   RO        12006    x$fpl$printf1       g_wm.l(printf1.o)
    0x08018588   0x08018588   0x00000004   Code   RO        12008    x$fpl$printf2       g_wm.l(printf2.o)
    0x0801858c   0x0801858c   0x000000b2   Code   RO        12120    x$fpl$retnan        g_wm.l(retnan.o)
    0x0801863e   0x0801863e   0x0000007e   Code   RO        12014    x$fpl$trapveneer    g_wm.l(trapv.o)
    0x080186bc   0x080186bc   0x00000000   Code   RO        12016    x$fpl$usenofp       g_wm.l(usenofp.o)
    0x080186bc   0x080186bc   0x00000150   Data   RO          374    .constdata          freertos.o
    0x0801880c   0x0801880c   0x00000008   Data   RO         2583    .constdata          stm32f4xx_hal_dma.o
    0x08018814   0x08018814   0x00000018   Data   RO         6354    .constdata          system_stm32f4xx.o
    0x0801882c   0x0801882c   0x0000000f   Data   RO         9007    .constdata          calibrate_task.o
    0x0801883b   0x0801883b   0x00000001   PAD
    0x0801883c   0x0801883c   0x00000020   Data   RO         9335    .constdata          chassis_task.o
    0x0801885c   0x0801885c   0x00000054   Data   RO         9405    .constdata          detect_task.o
    0x080188b0   0x080188b0   0x00000018   Data   RO         9576    .constdata          gimbal_task.o
    0x080188c8   0x080188c8   0x00000018   Data   RO         9705    .constdata          ins_task.o
    0x080188e0   0x080188e0   0x00001164   Data   RO         9808    .constdata          oled_task.o
    0x08019a44   0x08019a44   0x00000018   Data   RO        10033    .constdata          shoot.o
    0x08019a5c   0x08019a5c   0x00000008   Data   RO        10232    .constdata          servo_task.o
    0x08019a64   0x08019a64   0x0000115c   Data   RO        10276    .constdata          oled.o
    0x0801abc0   0x0801abc0   0x00000012   Data   RO        10402    .constdata          bmi088driver.o
    0x0801abd2   0x0801abd2   0x0000000c   Data   RO        10593    .constdata          ist8310driver.o
    0x0801abde   0x0801abde   0x00000302   Data   RO        10973    .constdata          crc8_crc16.o
    0x0801aee0   0x0801aee0   0x0000000c   Data   RO        11353    .constdata          AHRS.lib(ahrs.o)
    0x0801aeec   0x0801aeec   0x00000804   Data   RO        11563    .constdata          arm_cortexM4lf_math.lib(arm_common_tables.o)
    0x0801b6f0   0x0801b6f0   0x00000050   Data   RO        11707    .constdata          m_wm.l(acos.o)
    0x0801b740   0x0801b740   0x00000098   Data   RO        11745    .constdata          m_wm.l(atan.o)
    0x0801b7d8   0x0801b7d8   0x00000008   Data   RO        11861    .constdata          c_w.l(_printf_wctomb.o)
    0x0801b7e0   0x0801b7e0   0x00000028   Data   RO        11890    .constdata          c_w.l(_printf_hex_int_ll_ptr.o)
    0x0801b808   0x0801b808   0x00000011   Data   RO        11910    .constdata          c_w.l(__printf_flags_ss_wp.o)
    0x0801b819   0x0801b819   0x00000026   Data   RO        12098    .constdata          c_w.l(_printf_fp_hex.o)
    0x0801b83f   0x0801b83f   0x00000001   PAD
    0x0801b840   0x0801b840   0x00000094   Data   RO        12141    .constdata          c_w.l(bigflt0.o)
    0x0801b8d4   0x0801b8d4   0x00000069   Data   RO          375    .conststring        freertos.o
    0x0801b93d   0x0801b93d   0x00000003   PAD
    0x0801b940   0x0801b940   0x00000020   Data   RO        12255    Region$$Table       anon$$obj.o
    0x0801b960   0x0801b960   0x0000001c   Data   RO        12165    locale$$data        c_w.l(lc_numeric_c.o)
    0x0801b97c   0x0801b97c   0x00000110   Data   RO        12198    locale$$data        c_w.l(lc_ctype_c.o)


    Execution Region RW_IRAM1 (Exec base: 0x20000000, Load base: 0x0801ba8c, Size: 0x0000e6a8, Max: 0x00020000, ABSOLUTE, COMPRESSED[0x0000019c])

    Exec Addr    Load Addr    Size         Type   Attr      Idx    E Section Name        Object

    0x20000000   COMPRESSED   0x00000030   Data   RW          376    .data               freertos.o
    0x20000030   COMPRESSED   0x00000004   Data   RW          481    .data               can.o
    0x20000034   COMPRESSED   0x00000008   Data   RW          528    .data               crc.o
    0x2000003c   COMPRESSED   0x0000004e   Data   RW         1162    .data               usbd_desc.o
    0x2000008a   COMPRESSED   0x00000002   PAD
    0x2000008c   COMPRESSED   0x00000024   Data   RW         1250    .data               usbd_cdc_if.o
    0x200000b0   COMPRESSED   0x00000028   Data   RW         1329    .data               stm32f4xx_it.o
    0x200000d8   COMPRESSED   0x00000009   Data   RW         3015    .data               stm32f4xx_hal.o
    0x200000e1   COMPRESSED   0x00000003   PAD
    0x200000e4   COMPRESSED   0x00000004   Data   RW         6355    .data               system_stm32f4xx.o
    0x200000e8   COMPRESSED   0x0000003c   Data   RW         6931    .data               tasks.o
    0x20000124   COMPRESSED   0x00000014   Data   RW         7246    .data               timers.o
    0x20000138   COMPRESSED   0x00000018   Data   RW         7763    .data               heap_4.o
    0x20000150   COMPRESSED   0x0000000c   Data   RW         7814    .data               port.o
    0x2000015c   COMPRESSED   0x00000001   Data   RW         8036    .data               usbd_ctlreq.o
    0x2000015d   COMPRESSED   0x00000003   PAD
    0x20000160   COMPRESSED   0x0000010f   Data   RW         8192    .data               usbd_cdc.o
    0x2000026f   COMPRESSED   0x00000001   PAD
    0x20000270   COMPRESSED   0x00000004   Data   RW         8288    .data               bsp_adc.o
    0x20000274   COMPRESSED   0x00000008   Data   RW         8529    .data               bsp_delay.o
    0x2000027c   COMPRESSED   0x00000010   Data   RW         8570    .data               bsp_flash.o
    0x2000028c   COMPRESSED   0x00000008   Data   RW         8794    .data               bsp_led.o
    0x20000294   COMPRESSED   0x00000054   Data   RW         9008    .data               calibrate_task.o
    0x200002e8   COMPRESSED   0x00000011   Data   RW         9116    .data               can_receive.o
    0x200002f9   COMPRESSED   0x00000003   PAD
    0x200002fc   COMPRESSED   0x00000011   Data   RW         9205    .data               chassis_behaviour.o
    0x2000030d   COMPRESSED   0x00000003   PAD
    0x20000310   COMPRESSED   0x00000008   Data   RW         9336    .data               chassis_task.o
    0x20000318   COMPRESSED   0x00000009   Data   RW         9406    .data               detect_task.o
    0x20000321   COMPRESSED   0x00000003   PAD
    0x20000324   COMPRESSED   0x0000001c   Data   RW         9454    .data               gimbal_behaviour.o
    0x20000340   COMPRESSED   0x0000000a   Data   RW         9577    .data               gimbal_task.o
    0x2000034a   COMPRESSED   0x00000002   PAD
    0x2000034c   COMPRESSED   0x000000a0   Data   RW         9706    .data               ins_task.o
    0x200003ec   COMPRESSED   0x00000017   Data   RW         9809    .data               oled_task.o
    0x20000403   COMPRESSED   0x0000002a   Data   RW         9848    .data               referee.o
    0x2000042d   COMPRESSED   0x00000001   PAD
    0x2000042e   COMPRESSED   0x00000006   Data   RW         9912    .data               referee_usart_task.o
    0x20000434   COMPRESSED   0x00000003   Data   RW         9961    .data               remote_control.o
    0x20000437   COMPRESSED   0x00000001   PAD
    0x20000438   COMPRESSED   0x00000012   Data   RW        10034    .data               shoot.o
    0x2000044a   COMPRESSED   0x00000002   PAD
    0x2000044c   COMPRESSED   0x0000000a   Data   RW        10083    .data               test_task.o
    0x20000456   COMPRESSED   0x00000002   PAD
    0x20000458   COMPRESSED   0x00000008   Data   RW        10120    .data               usb_task.o
    0x20000460   COMPRESSED   0x00000008   Data   RW        10169    .data               voltage_task.o
    0x20000468   COMPRESSED   0x0000001c   Data   RW        10205    .data               led_flow_task.o
    0x20000484   COMPRESSED   0x0000000c   Data   RW        10233    .data               servo_task.o
    0x20000490   COMPRESSED   0x00000008   Data   RW        10277    .data               oled.o
    0x20000498   COMPRESSED   0x0000002c   Data   RW        10403    .data               bmi088driver.o
    0x200004c4   COMPRESSED   0x00000002   Data   RW        10974    .data               crc8_crc16.o
    0x200004c6   COMPRESSED   0x00000002   PAD
    0x200004c8   COMPRESSED   0x00000010   Data   RW        11354    .data               AHRS.lib(ahrs.o)
    0x200004d8        -       0x000006a8   Zero   RW          373    .bss                freertos.o
    0x20000b80        -       0x00000090   Zero   RW          432    .bss                adc.o
    0x20000c10        -       0x00000050   Zero   RW          480    .bss                can.o
    0x20000c60        -       0x000000fc   Zero   RW          595    .bss                i2c.o
    0x20000d5c        -       0x00000010   Zero   RW          642    .bss                rng.o
    0x20000d6c        -       0x00000020   Zero   RW          684    .bss                rtc.o
    0x20000d8c        -       0x00000118   Zero   RW          726    .bss                spi.o
    0x20000ea4        -       0x00000200   Zero   RW          776    .bss                tim.o
    0x200010a4        -       0x00000240   Zero   RW          860    .bss                usart.o
    0x200012e4        -       0x0000029c   Zero   RW          910    .bss                usb_device.o
    0x20001580        -       0x00000408   Zero   RW          986    .bss                usbd_conf.o
    0x20001988        -       0x00000200   Zero   RW         1161    .bss                usbd_desc.o
    0x20001b88        -       0x00001012   Zero   RW         1249    .bss                usbd_cdc_if.o
    0x20002b9a        -       0x00000016   Zero   RW         1328    .bss                stm32f4xx_it.o
    0x20002bb0        -       0x00000020   Zero   RW         2237    .bss                stm32f4xx_hal_flash.o
    0x20002bd0        -       0x00000040   Zero   RW         6562    .bss                queue.o
    0x20002c10        -       0x000000f0   Zero   RW         6930    .bss                tasks.o
    0x20002d00        -       0x00000110   Zero   RW         7245    .bss                timers.o
    0x20002e10        -       0x00006000   Zero   RW         7762    .bss                heap_4.o
    0x20008e10        -       0x00000010   Zero   RW         8287    .bss                bsp_adc.o
    0x20008e20        -       0x00000115   Zero   RW         9006    .bss                calibrate_task.o
    0x20008f35   COMPRESSED   0x00000003   PAD
    0x20008f38        -       0x00000078   Zero   RW         9115    .bss                can_receive.o
    0x20008fb0        -       0x0000022c   Zero   RW         9334    .bss                chassis_task.o
    0x200091dc        -       0x0000021c   Zero   RW         9404    .bss                detect_task.o
    0x200093f8        -       0x000001e8   Zero   RW         9575    .bss                gimbal_task.o
    0x200095e0        -       0x00000134   Zero   RW         9704    .bss                ins_task.o
    0x20009714        -       0x00000055   Zero   RW         9847    .bss                referee.o
    0x20009769   COMPRESSED   0x00000003   PAD
    0x2000976c        -       0x000008a1   Zero   RW         9911    .bss                referee_usart_task.o
    0x2000a00d        -       0x00000072   Zero   RW         9960    .bss                remote_control.o
    0x2000a07f   COMPRESSED   0x00000001   PAD
    0x2000a080        -       0x000000b0   Zero   RW        10032    .bss                shoot.o
    0x2000a130        -       0x00000100   Zero   RW        10118    .bss                usb_task.o
    0x2000a230        -       0x00000417   Zero   RW        10275    .bss                oled.o
    0x2000a647   COMPRESSED   0x00000001   PAD
    0x2000a648        -       0x00000060   Zero   RW        12057    .bss                c_w.l(libspace.o)
    0x2000a6a8        -       0x00002000   Zero   RW            2    HEAP                startup_stm32f407xx.o
    0x2000c6a8        -       0x00002000   Zero   RW            1    STACK               startup_stm32f407xx.o


==============================================================================

Image component sizes


      Code (inc. data)   RO Data    RW Data    ZI Data      Debug   Object Name

       396         42          0          0        144       2338   adc.o
       168          4          0          0          0       5504   ahrs_middleware.o
      2338         40         18         44          0      10667   bmi088driver.o
       140         28          0          0          0       4880   bmi088middleware.o
       288         44          0          4         16     629452   bsp_adc.o
        36         12          0          0          0        997   bsp_buzzer.o
        92          8          0          0          0        594   bsp_can.o
       128         20          0          8          0       1344   bsp_delay.o
       694        108          0         16          0       4089   bsp_flash.o
        24          8          0          0          0        982   bsp_fric.o
      1260        100          0          0          0       5889   bsp_i2c.o
        12          4          0          0          0        506   bsp_imu_pwm.o
        32         10          0          0          0        919   bsp_laser.o
       104         22          0          8          0        596   bsp_led.o
       260         28          0          0          0       1987   bsp_rc.o
        60          8          0          0          0        584   bsp_servo_pwm.o
       712         40          0          0          0       1450   bsp_spi.o
       596         50          0          0          0       2339   bsp_usart.o
      2062        108         15         84        277      17522   calibrate_task.o
       488         44          0          4         80       2414   can.o
       496         72          0         17        120       7977   can_receive.o
       992         80          0         17          0      14930   chassis_behaviour.o
       464         36          0          0          0       4916   chassis_power_control.o
      2410        126         32          8        556       8168   chassis_task.o
       142          0          0          0          0      22035   cmsis_os.o
        84         18          0          8          0       1475   crc.o
       198         16        770          2          0       3769   crc8_crc16.o
      1342         46         84          9        540       3897   detect_task.o
       168          6          0          0          0        834   dma.o
         0          0          0          0          0      17852   event_groups.o
       258          0          0          0          0       9239   fifo.o
       396         74        441         48       1704       3981   freertos.o
      2488        216          0         28          0      10994   gimbal_behaviour.o
      2686        160         24         10        488      17881   gimbal_task.o
       732         34          0          0          0       1419   gpio.o
       692         62          0         24      24576       4815   heap_4.o
       432         48          0          0        252       2384   i2c.o
      2304        304         24        160        308      12428   ins_task.o
       148          6         12          0          0       1475   ist8310driver.o
       136         22          0          0          0       4035   ist8310driver_middleware.o
       432         10          0         28          0       1677   led_flow_task.o
       148          0          0          0          0       3606   list.o
       346         14          0          0          0     796612   main.o
      1108         56       4444          8       1047      11003   oled.o
       532         42       4452         23          0       2986   oled_task.o
       668         12          0          0          0       2458   pid.o
      1014         92          0         12          0      12129   port.o
      1910         20          0          0         64      14724   queue.o
       696        174          0         42         85       9247   referee.o
       684         50          0          6       2209       4036   referee_usart_task.o
       654         44          0          3        114       3880   remote_control.o
        84         18          0          0         16       1475   rng.o
        76         16          0          0         32       1427   rtc.o
       176         14          8         12          0       1706   servo_task.o
      2136        156         24         18        176       5114   shoot.o
       416         38          0          0        280       1919   spi.o
        64         26        392          0      16384        852   startup_stm32f407xx.o
       212         36          0          9          0       4605   stm32f4xx_hal.o
      1370         54          0          0          0       5162   stm32f4xx_hal_adc.o
      2136          6          0          0          0      14443   stm32f4xx_hal_can.o
       304         22          0          0          0      34495   stm32f4xx_hal_cortex.o
        36          0          0          0          0       1051   stm32f4xx_hal_crc.o
      1034         16          8          0          0       3920   stm32f4xx_hal_dma.o
       636         64          0          0         32       6030   stm32f4xx_hal_flash.o
       432         26          0          0          0       3286   stm32f4xx_hal_flash_ex.o
       568         50          0          0          0       3654   stm32f4xx_hal_gpio.o
      3312         60          0          0          0      13756   stm32f4xx_hal_i2c.o
        84          6          0          0          0        846   stm32f4xx_hal_msp.o
      3242         18          0          0          0      12997   stm32f4xx_hal_pcd.o
        90          0          0          0          0       2457   stm32f4xx_hal_pcd_ex.o
      1732         84          0          0          0       5576   stm32f4xx_hal_rcc.o
       416         20          0          0          0       1416   stm32f4xx_hal_rcc_ex.o
        52          0          0          0          0       1083   stm32f4xx_hal_rng.o
       336          4          0          0          0       2644   stm32f4xx_hal_rtc.o
       970          8          0          0          0       4537   stm32f4xx_hal_spi.o
      2086         90          0          0          0      18040   stm32f4xx_hal_tim.o
       204          0          0          0          0       3293   stm32f4xx_hal_tim_ex.o
       986          8          0          0          0       1820   stm32f4xx_hal_uart.o
      1020        150          0         40         22      13132   stm32f4xx_it.o
      3696        112          0          0          0      22850   stm32f4xx_ll_usb.o
         0          0          0          0          0        392   stream_buffer.o
       100         18         24          4          0       1175   system_stm32f4xx.o
      3688        418          0         60        240      30797   tasks.o
       252         28          0         10          0       2024   test_task.o
      2336        190          0          0        512       8033   tim.o
      1238        124          0         20        272      27163   timers.o
       924         90          0          0        576       3468   usart.o
        76         16          0          0        668       2503   usb_device.o
        92         16          0          8        256       3780   usb_task.o
       964         24          0        271          0      13602   usbd_cdc.o
       446         36          0         36       4114       5085   usbd_cdc_if.o
       990         18          0          0       1032      15868   usbd_conf.o
       886          0          0          0          0      13101   usbd_core.o
      1944         28          0          1          0      11176   usbd_ctlreq.o
       386        122          0         78        512       7917   usbd_desc.o
       174          0          0          0          0       4760   usbd_ioreq.o
       440          8          0          0          0       5043   user_lib.o
       336         72          0          8          0       2081   voltage_task.o

    ----------------------------------------------------------------------
     77930       4878      10808       1224      57712    2063469   Object Totals
         0          0         32          0          0          0   (incl. Generated)
       102          0          4         28          8          0   (incl. Padding)

    ----------------------------------------------------------------------

      Code (inc. data)   RO Data    RW Data    ZI Data      Debug   Library Member Name

      2718         84         12         16          0       9922   ahrs.o
         0          0       2052          0          0       4636   arm_common_tables.o
       120         12          0          0          0      16970   arm_cos_f32.o
       116         12          0          0          0        658   arm_sin_f32.o
        90          0          0          0          0          0   __dczerorl2.o
         8          0          0          0          0         68   __main.o
       392          4         17          0          0         92   __printf_flags_ss_wp.o
        14          0          0          0          0         68   __printf_wp.o
         0          0          0          0          0          0   __rtentry.o
        12          0          0          0          0          0   __rtentry2.o
         6          0          0          0          0          0   __rtentry4.o
        52          8          0          0          0          0   __scatter.o
        28          0          0          0          0          0   __scatter_zi.o
        48          4          0          0          0         84   _fptrap.o
         6          0          0          0          0          0   _printf_a.o
         6          0          0          0          0          0   _printf_c.o
        44          0          0          0          0        108   _printf_char.o
        48          6          0          0          0         96   _printf_char_common.o
        40          0          0          0          0         68   _printf_charcount.o
         6          0          0          0          0          0   _printf_d.o
       120         16          0          0          0         92   _printf_dec.o
         6          0          0          0          0          0   _printf_e.o
         6          0          0          0          0          0   _printf_f.o
      1054          0          0          0          0        216   _printf_fp_dec.o
       764          8         38          0          0        100   _printf_fp_hex.o
       128         16          0          0          0         84   _printf_fp_infnan.o
         6          0          0          0          0          0   _printf_g.o
       148          4         40          0          0        160   _printf_hex_int_ll_ptr.o
         6          0          0          0          0          0   _printf_i.o
       178          0          0          0          0         88   _printf_intcommon.o
        10          0          0          0          0          0   _printf_l.o
         6          0          0          0          0          0   _printf_lc.o
        10          0          0          0          0          0   _printf_ll.o
         6          0          0          0          0          0   _printf_lld.o
         6          0          0          0          0          0   _printf_lli.o
         6          0          0          0          0          0   _printf_llo.o
         6          0          0          0          0          0   _printf_llu.o
         6          0          0          0          0          0   _printf_llx.o
       124         16          0          0          0         92   _printf_longlong_dec.o
         6          0          0          0          0          0   _printf_ls.o
         6          0          0          0          0          0   _printf_n.o
         6          0          0          0          0          0   _printf_o.o
       112         10          0          0          0        124   _printf_oct_int_ll.o
         6          0          0          0          0          0   _printf_p.o
        78          0          0          0          0        108   _printf_pad.o
         0          0          0          0          0          0   _printf_percent.o
         4          0          0          0          0          0   _printf_percent_end.o
         6          0          0          0          0          0   _printf_s.o
        82          0          0          0          0         80   _printf_str.o
        36          0          0          0          0         84   _printf_truncate.o
         6          0          0          0          0          0   _printf_u.o
        44          0          0          0          0        108   _printf_wchar.o
       188          6          8          0          0         92   _printf_wctomb.o
         6          0          0          0          0          0   _printf_x.o
        22          0          0          0          0        100   _rserrno.o
        10          0          0          0          0         68   _sputc.o
        64          0          0          0          0         92   _wcrtomb.o
        16          0          0          0          0         68   aeabi_memset.o
       228          4        148          0          0         96   bigflt0.o
      1936        128          0          0          0        672   btod.o
        10          0          0          0          0         68   defsig_exit.o
       172        110          0          0          0         76   defsig_fpe_inner.o
        14          0          0          0          0         80   defsig_fpe_outer.o
        50          0          0          0          0         88   defsig_general.o
        80         58          0          0          0         76   defsig_rtmem_inner.o
        14          0          0          0          0         80   defsig_rtmem_outer.o
        18          0          0          0          0         80   exit.o
        94          0          0          0          0         80   h1_alloc.o
        52          0          0          0          0         68   h1_extend.o
        78          0          0          0          0         80   h1_free.o
        14          0          0          0          0         84   h1_init.o
         6          0          0          0          0        152   heapauxi.o
         4          0          0          0          0        136   hguard.o
         0          0          0          0          0          0   indicate_semi.o
       138          0          0          0          0        168   init_alloc.o
        44         10        272          0          0         76   lc_ctype_c.o
        44         10         28          0          0         76   lc_numeric_c.o
         2          0          0          0          0          0   libinit.o
        42          0          0          0          0          0   libinit2.o
         2          0          0          0          0          0   libshutdown.o
         2          0          0          0          0          0   libshutdown2.o
         8          4          0          0         96         68   libspace.o
       138          0          0          0          0         80   lludiv10.o
       238          0          0          0          0        100   lludivv7m.o
         0          0          0          0          0          0   maybetermalloc1.o
        16          4          0          0          0         76   rt_ctype_table.o
         8          4          0          0          0         68   rt_errno_addr_intlibspace.o
         8          4          0          0          0         68   rt_heap_descriptor_intlibspace.o
         8          4          0          0          0         68   rt_locale_intlibspace.o
        68          0          0          0          0         68   rt_memclr.o
        78          0          0          0          0         80   rt_memclr_w.o
       138          0          0          0          0         68   rt_memcpy_v6.o
       100          0          0          0          0         80   rt_memcpy_w.o
       132          0          0          0          0         68   rt_memmove_v6.o
       122          0          0          0          0         80   rt_memmove_w.o
         2          0          0          0          0          0   rtexit.o
        10          0          0          0          0          0   rtexit2.o
       128          0          0          0          0         68   strcmpv7m.o
        62          0          0          0          0         76   strlen.o
        12          4          0          0          0         68   sys_exit.o
        74          0          0          0          0         80   sys_stackheap_outer.o
        14          0          0          0          0         76   sys_wrch.o
         2          0          0          0          0         68   use_no_semi.o
        36          4          0          0          0         76   vsprintf.o
        24          0          0          0          0        164   basic.o
       708         16          0          0          0        140   d2f_clz.o
      1336         32          0          0          0        532   daddsub_clz.o
        24          0          0          0          0        116   dcmpi.o
       892        152          0          0          0        292   ddiv_clz.o
       220         16          0          0          0        192   dfixu.o
        64          0          0          0          0        232   dflt_clz.o
       120          8          0          0          0        140   dleqf.o
       448         16          0          0          0        164   dmul_clz.o
       258          4          0          0          0        156   dnaninf.o
       112          0          0          0          0        160   drenorm_clz.o
        12          0          0          0          0        116   dretinf.o
        98          0          0          0          0        128   drleqf.o
       520         56          0          0          0        180   dsqrt_umaalclz.o
       378          0          0          0          0        168   dunder_clz.o
       492         36          0          0          0        148   except.o
       122          8          0          0          0        132   f2d.o
       242          4          0          0          0        144   fnaninf.o
        10          0          0          0          0        116   fpinit.o
        10          0          0          0          0        116   fretinf.o
       316          0          0          0          0        132   funder_clz.o
        32          4          0          0          0        116   istatus.o
         4          0          0          0          0        116   printf1.o
         4          0          0          0          0        116   printf2.o
       178          0          0          0          0        116   retnan.o
       126          0          0          0          0        148   trapv.o
         0          0          0          0          0          0   usenofp.o
       856        118         80          0          0        288   acos.o
       300         42          0          0          0        176   asinf.o
       728        106        152          0          0        228   atan.o
       684         90          0          0          0        208   atan2f.o
        84         16          0          0          0        372   dunder.o
        44          0          0          0          0        248   fabs.o
        48          0          0          0          0        124   fpclassify.o
        38          0          0          0          0        116   fpclassifyf.o
        44         12          0          0          0        464   funder.o
       248          0          0          0          0        152   poly.o
       232          0          0          0          0        296   sqrt_full.o
       120          0          0          0          0        272   sqrtf_full.o

    ----------------------------------------------------------------------
     21706       1294       2848         16         96      45470   Library Totals
        36          4          1          0          0          0   (incl. Padding)

    ----------------------------------------------------------------------

      Code (inc. data)   RO Data    RW Data    ZI Data      Debug   Library Name

      2718         84         12         16          0       9922   AHRS.lib
       236         24       2052          0          0      22264   arm_cortexM4lf_math.lib
      8540        446        551          0         96       6060   c_w.l
      6750        352          0          0          0       4280   g_wm.l
      3426        384        232          0          0       2944   m_wm.l

    ----------------------------------------------------------------------
     21706       1294       2848         16         96      45470   Library Totals

    ----------------------------------------------------------------------

==============================================================================


      Code (inc. data)   RO Data    RW Data    ZI Data      Debug   

     99636       6172      13656       1240      57808    2039655   Grand Totals
     99636       6172      13656        412      57808    2039655   ELF Image Totals (compressed)
     99636       6172      13656        412          0          0   ROM Totals

==============================================================================

    Total RO  Size (Code + RO Data)               113292 ( 110.64kB)
    Total RW  Size (RW Data + ZI Data)             59048 (  57.66kB)
    Total ROM Size (Code + RO Data + RW Data)     113704 ( 111.04kB)

==============================================================================

