Archive member included to satisfy reference by file (symbol)

C:\Users\brody.zhang\Desktop\tutorial\car_1.3\LibInc\src\librm_lib_1.2.a(stm32f4xx_hal_can.o)
                              LibInc/src/stm32f4xx_it.o (HAL_CAN_IRQHandler)
C:\Users\brody.zhang\Desktop\tutorial\car_1.3\LibInc\src\librm_lib_1.2.a(stm32f4xx_hal_dma.o)
                              LibInc/src/stm32f4xx_it.o (HAL_DMA_IRQHandler)
C:\Users\brody.zhang\Desktop\tutorial\car_1.3\LibInc\src\librm_lib_1.2.a(stm32f4xx_hal_tim.o)
                              LibInc/src/stm32f4xx_it.o (HAL_TIM_IRQHandler)
C:\Users\brody.zhang\Desktop\tutorial\car_1.3\LibInc\src\librm_lib_1.2.a(stm32f4xx_hal_tim_ex.o)
                              C:\Users\brody.zhang\Desktop\tutorial\car_1.3\LibInc\src\librm_lib_1.2.a(stm32f4xx_hal_tim.o) (TIMEx_DMACommutationCplt)
C:\Users\brody.zhang\Desktop\tutorial\car_1.3\LibInc\src\librm_lib_1.2.a(stm32f4xx_hal_uart.o)
                              LibInc/src/stm32f4xx_it.o (HAL_UART_IRQHandler)
C:\Users\brody.zhang\Desktop\tutorial\car_1.3\LibInc\src\librm_lib_1.2.a(cmsis_os.o)
                              User/src/sys/lib_system.o (osThreadCreate)
C:\Users\brody.zhang\Desktop\tutorial\car_1.3\LibInc\src\librm_lib_1.2.a(queue.o)
                              C:\Users\brody.zhang\Desktop\tutorial\car_1.3\LibInc\src\librm_lib_1.2.a(cmsis_os.o) (xQueueGenericCreate)
C:\Users\brody.zhang\Desktop\tutorial\car_1.3\LibInc\src\librm_lib_1.2.a(tasks.o)
                              C:\Users\brody.zhang\Desktop\tutorial\car_1.3\LibInc\src\librm_lib_1.2.a(cmsis_os.o) (xTaskCreate)
C:\Users\brody.zhang\Desktop\tutorial\car_1.3\LibInc\src\librm_lib_1.2.a(port.o)
                              C:\Users\brody.zhang\Desktop\tutorial\car_1.3\LibInc\src\librm_lib_1.2.a(tasks.o) (pxPortInitialiseStack)
C:\Users\brody.zhang\Desktop\tutorial\car_1.3\LibInc\src\librm_lib_1.2.a(heap_4.o)
                              C:\Users\brody.zhang\Desktop\tutorial\car_1.3\LibInc\src\librm_lib_1.2.a(cmsis_os.o) (pvPortMalloc)
C:\Users\brody.zhang\Desktop\tutorial\car_1.3\LibInc\src\librm_lib_1.2.a(can.o)
                              LibInc/src/stm32f4xx_it.o (hcan1)
C:\Users\brody.zhang\Desktop\tutorial\car_1.3\LibInc\src\librm_lib_1.2.a(freertos.o)
                              C:\Users\brody.zhang\Desktop\tutorial\car_1.3\LibInc\src\librm_lib_1.2.a(tasks.o) (vApplicationIdleHook)
C:\Users\brody.zhang\Desktop\tutorial\car_1.3\LibInc\src\librm_lib_1.2.a(main.o)
                              C:\Users\brody.zhang\Desktop\tutorial\car_1.3\LibInc\src\librm_lib_1.2.a(can.o) (_Error_Handler)
C:\Users\brody.zhang\Desktop\tutorial\car_1.3\LibInc\src\librm_lib_1.2.a(stm32f4xx_hal_timebase_TIM.o)
                              LibInc/src/stm32f4xx_it.o (htim2)
C:\Users\brody.zhang\Desktop\tutorial\car_1.3\LibInc\src\librm_lib_1.2.a(system_stm32f4xx.o)
                              LibInc/src/startup_stm32f427xx.o (SystemInit)
C:\Users\brody.zhang\Desktop\tutorial\car_1.3\LibInc\src\librm_lib_1.2.a(tim.o)
                              C:\Users\brody.zhang\Desktop\tutorial\car_1.3\LibInc\src\librm_lib_1.2.a(main.o) (MX_TIM1_Init)
C:\Users\brody.zhang\Desktop\tutorial\car_1.3\LibInc\src\librm_lib_1.2.a(usart.o)
                              C:\Users\brody.zhang\Desktop\tutorial\car_1.3\LibInc\src\librm_lib_1.2.a(main.o) (MX_UART4_Init)
C:\Users\brody.zhang\Desktop\tutorial\car_1.3\LibInc\src\librm_lib_1.2.a(bsp_can.o)
                              C:\Users\brody.zhang\Desktop\tutorial\car_1.3\LibInc\src\librm_lib_1.2.a(freertos.o) (can_filter_config)
C:\Users\brody.zhang\Desktop\tutorial\car_1.3\LibInc\src\librm_lib_1.2.a(bsp_led.o)
                              C:\Users\brody.zhang\Desktop\tutorial\car_1.3\LibInc\src\librm_lib_1.2.a(main.o) (led_red_off)
C:\Users\brody.zhang\Desktop\tutorial\car_1.3\LibInc\src\librm_lib_1.2.a(bsp_usart.o)
                              LibInc/src/stm32f4xx_it.o (uart_recv_handler)
C:\Users\brody.zhang\Desktop\tutorial\car_1.3\LibInc\src\librm_lib_1.2.a(can_protocol.o)
                              C:\Users\brody.zhang\Desktop\tutorial\car_1.3\LibInc\src\librm_lib_1.2.a(freertos.o) (can_protocol_unpack)
C:\Users\brody.zhang\Desktop\tutorial\car_1.3\LibInc\src\librm_lib_1.2.a(fifo.o)
                              C:\Users\brody.zhang\Desktop\tutorial\car_1.3\LibInc\src\librm_lib_1.2.a(can_protocol.o) (fifo_s_init)
C:\Users\brody.zhang\Desktop\tutorial\car_1.3\LibInc\src\librm_lib_1.2.a(protocol_parser.o)
                              C:\Users\brody.zhang\Desktop\tutorial\car_1.3\LibInc\src\librm_lib_1.2.a(main.o) (init_uart_rx_fifo)
C:\Users\brody.zhang\Desktop\tutorial\car_1.3\LibInc\src\librm_lib_1.2.a(startup.o)
                              C:\Users\brody.zhang\Desktop\tutorial\car_1.3\LibInc\src\librm_lib_1.2.a(main.o) (system_startup)
C:\Users\brody.zhang\Desktop\tutorial\car_1.3\LibInc\src\librm_lib_1.2.a(tutorial_lib.o)
[...]
Memory Configuration

Name             Origin             Length             Attributes
RAM              0x20000000         0x00030000         xrw
CCMRAM           0x10000000         0x00010000         rw
FLASH            0x08000000         0x00200000         xr
*default*        0x00000000         0xffffffff

Linker script and memory map

LOAD c:/ac6/systemworkbench/plugins/fr.ac6.mcu.externaltools.arm-none.win32_1.15.0.201708311556/tools/compiler/bin/../lib/gcc/arm-none-eabi/6.3.1/thumb/v7e-m/fpv4-sp/hard/crti.o
LOAD c:/ac6/systemworkbench/plugins/fr.ac6.mcu.externaltools.arm-none.win32_1.15.0.201708311556/tools/compiler/bin/../lib/gcc/arm-none-eabi/6.3.1/thumb/v7e-m/fpv4-sp/hard/crtbegin.o
LOAD c:/ac6/systemworkbench/plugins/fr.ac6.mcu.externaltools.arm-none.win32_1.15.0.201708311556/tools/compiler/bin/../lib/gcc/arm-none-eabi/6.3.1/../../../../arm-none-eabi/lib/thumb/v7e-m/fpv4-sp/hard/crt0.o
LOAD LibInc/src/startup_stm32f427xx.o
LOAD LibInc/src/stm32f4xx_it.o
LOAD User/src/dev/dbus.o
LOAD User/src/dev/gyroscope.o
LOAD User/src/dev/hall.o
LOAD User/src/dev/infrared.o
LOAD User/src/dev/key.o
LOAD User/src/dev/motor.o
LOAD User/src/dev/potentiometer.o
LOAD User/src/dev/sonic.o
LOAD User/src/dev/stick.o
LOAD User/src/dev/uart.o
LOAD User/src/dev/wireless.o
LOAD User/src/sys/class_task.o
LOAD User/src/sys/lib_system.o
LOAD User/src/sys/pid.o
LOAD C:\Users\brody.zhang\Desktop\tutorial\car_1.3\LibInc\src\librm_lib_1.2.a
LOAD c:/ac6/systemworkbench/plugins/fr.ac6.mcu.externaltools.arm-none.win32_1.15.0.201708311556/tools/compiler/bin/../lib/gcc/arm-none-eabi/6.3.1/../../../../arm-none-eabi/lib/thumb/v7e-m/fpv4-sp/hard\libm.a
START GROUP
LOAD c:/ac6/systemworkbench/plugins/fr.ac6.mcu.externaltools.arm-none.win32_1.15.0.201708311556/tools/compiler/bin/../lib/gcc/arm-none-eabi/6.3.1/thumb/v7e-m/fpv4-sp/hard\libgcc.a
LOAD c:/ac6/systemworkbench/plugins/fr.ac6.mcu.externaltools.arm-none.win32_1.15.0.201708311556/tools/compiler/bin/../lib/gcc/arm-none-eabi/6.3.1/../../../../arm-none-eabi/lib/thumb/v7e-m/fpv4-sp/hard\libc_nano.a
END GROUP
START GROUP
LOAD c:/ac6/systemworkbench/plugins/fr.ac6.mcu.externaltools.arm-none.win32_1.15.0.201708311556/tools/compiler/bin/../lib/gcc/arm-none-eabi/6.3.1/thumb/v7e-m/fpv4-sp/hard\libgcc.a
LOAD c:/ac6/systemworkbench/plugins/fr.ac6.mcu.externaltools.arm-none.win32_1.15.0.201708311556/tools/compiler/bin/../lib/gcc/arm-none-eabi/6.3.1/../../../../arm-none-eabi/lib/thumb/v7e-m/fpv4-sp/hard\libc_nano.a
LOAD c:/ac6/systemworkbench/plugins/fr.ac6.mcu.externaltools.arm-none.win32_1.15.0.201708311556/tools/compiler/bin/../lib/gcc/arm-none-eabi/6.3.1/../../../../arm-none-eabi/lib/thumb/v7e-m/fpv4-sp/hard\libnosys.a
END GROUP
START GROUP
LOAD c:/ac6/systemworkbench/plugins/fr.ac6.mcu.externaltools.arm-none.win32_1.15.0.201708311556/tools/compiler/bin/../lib/gcc/arm-none-eabi/6.3.1/thumb/v7e-m/fpv4-sp/hard\libgcc.a
LOAD c:/ac6/systemworkbench/plugins/fr.ac6.mcu.externaltools.arm-none.win32_1.15.0.201708311556/tools/compiler/bin/../lib/gcc/arm-none-eabi/6.3.1/../../../../arm-none-eabi/lib/thumb/v7e-m/fpv4-sp/hard\libc_nano.a
LOAD c:/ac6/systemworkbench/plugins/fr.ac6.mcu.externaltools.arm-none.win32_1.15.0.201708311556/tools/compiler/bin/../lib/gcc/arm-none-eabi/6.3.1/../../../../arm-none-eabi/lib/thumb/v7e-m/fpv4-sp/hard\libnosys.a
END GROUP
LOAD c:/ac6/systemworkbench/plugins/fr.ac6.mcu.externaltools.arm-none.win32_1.15.0.201708311556/tools/compiler/bin/../lib/gcc/arm-none-eabi/6.3.1/thumb/v7e-m/fpv4-sp/hard/crtend.o
LOAD c:/ac6/systemworkbench/plugins/fr.ac6.mcu.externaltools.arm-none.win32_1.15.0.201708311556/tools/compiler/bin/../lib/gcc/arm-none-eabi/6.3.1/thumb/v7e-m/fpv4-sp/hard/crtn.o
                0x20030000                _estack = 0x20030000
                0x00000200                _Min_Heap_Size = 0x200
                0x00000400                _Min_Stack_Size = 0x400

.isr_vector     0x08000000      0x1ac
                0x08000000                . = ALIGN (0x4)
 *(.isr_vector)
 .isr_vector    0x08000000      0x1ac LibInc/src/startup_stm32f427xx.o
                0x08000000                g_pfnVectors
                0x080001ac                . = ALIGN (0x4)

.text           0x080001b0     0x5e10
                0x080001b0                . = ALIGN (0x4)
 *(.text)
 .text          0x080001b0       0x6c c:/ac6/systemworkbench/plugins/fr.ac6.mcu.externaltools.arm-none.win32_1.15.0.201708311556/tools/compiler/bin/../lib/gcc/arm-none-eabi/6.3.1/thumb/v7e-m/fpv4-sp/hard/crtbegin.o
 .text          0x0800021c       0x30 c:/ac6/systemworkbench/plugins/fr.ac6.mcu.externaltools.arm-none.win32_1.15.0.201708311556/tools/compiler/bin/../lib/gcc/arm-none-eabi/6.3.1/thumb/v7e-m/fpv4-sp/hard\libgcc.a(_aeabi_uldivmod.o)
                0x0800021c                __aeabi_uldivmod
 .text          0x0800024c      0x2dc c:/ac6/systemworkbench/plugins/fr.ac6.mcu.externaltools.arm-none.win32_1.15.0.201708311556/tools/compiler/bin/../lib/gcc/arm-none-eabi/6.3.1/thumb/v7e-m/fpv4-sp/hard\libgcc.a(_udivmoddi4.o)
                0x0800024c                __udivmoddi4
 .text          0x08000528        0x4 c:/ac6/systemworkbench/plugins/fr.ac6.mcu.externaltools.arm-none.win32_1.15.0.201708311556/tools/compiler/bin/../lib/gcc/arm-none-eabi/6.3.1/thumb/v7e-m/fpv4-sp/hard\libgcc.a(_dvmd_tls.o)
                0x08000528                __aeabi_idiv0
                0x08000528                __aeabi_ldiv0
 *(.text*)
 .text.Reset_Handler
                0x0800052c       0x50 LibInc/src/startup_stm32f427xx.o
                0x0800052c                Reset_Handler
 .text.Default_Handler
                0x0800057c        0x2 LibInc/src/startup_stm32f427xx.o
                0x0800057c                RTC_Alarm_IRQHandler
                0x0800057c                HASH_RNG_IRQHandler
                0x0800057c                EXTI2_IRQHandler
                0x0800057c                TIM8_CC_IRQHandler
                0x0800057c                UART8_IRQHandler
                0x0800057c                SPI4_IRQHandler
                0x0800057c                TIM1_CC_IRQHandler
                0x0800057c                DMA2_Stream5_IRQHandler
                0x0800057c                DMA1_Stream5_IRQHandler
                0x0800057c                PVD_IRQHandler
                0x0800057c                SDIO_IRQHandler
                0x0800057c                TAMP_STAMP_IRQHandler
                0x0800057c                CAN2_RX1_IRQHandler
                0x0800057c                EXTI3_IRQHandler
                0x0800057c                TIM8_TRG_COM_TIM14_IRQHandler
                0x0800057c                TIM8_UP_TIM13_IRQHandler
                0x0800057c                I2C3_ER_IRQHandler
                0x0800057c                EXTI0_IRQHandler
                0x0800057c                I2C2_EV_IRQHandler
                0x0800057c                DMA1_Stream2_IRQHandler
                0x0800057c                FPU_IRQHandler
                0x0800057c                OTG_HS_WKUP_IRQHandler
                0x0800057c                CAN2_SCE_IRQHandler
                0x0800057c                SPI1_IRQHandler
                0x0800057c                TIM6_DAC_IRQHandler
                0x0800057c                TIM1_BRK_TIM9_IRQHandler
                0x0800057c                DCMI_IRQHandler
                0x0800057c                CAN2_RX0_IRQHandler
                0x0800057c                DMA2_Stream3_IRQHandler
                0x0800057c                CAN1_RX1_IRQHandler
                0x0800057c                DMA2_Stream0_IRQHandler
                0x0800057c                TIM4_IRQHandler
                0x0800057c                I2C1_EV_IRQHandler
                0x0800057c                DMA1_Stream6_IRQHandler
                0x0800057c                TIM3_IRQHandler
                0x0800057c                RCC_IRQHandler
                0x0800057c                TIM8_BRK_TIM12_IRQHandler
                0x0800057c                Default_Handler
                0x0800057c                EXTI15_10_IRQHandler
                0x0800057c                ADC_IRQHandler
                0x0800057c                DMA1_Stream7_IRQHandler
                0x0800057c                SPI5_IRQHandler
                0x0800057c                TIM7_IRQHandler
                0x0800057c                CAN2_TX_IRQHandler
                0x0800057c                TIM5_IRQHandler
                0x0800057c                DMA2_Stream7_IRQHandler
                0x0800057c                I2C3_EV_IRQHandler
                0x0800057c                EXTI9_5_IRQHandler
                0x0800057c                RTC_WKUP_IRQHandler
                0x0800057c                ETH_WKUP_IRQHandler
                0x0800057c                SPI2_IRQHandler
                0x0800057c                OTG_HS_EP1_IN_IRQHandler
                0x0800057c                DMA1_Stream0_IRQHandler
                0x0800057c                CAN1_TX_IRQHandler
                0x0800057c                EXTI4_IRQHandler
                0x0800057c                ETH_IRQHandler
                0x0800057c                OTG_HS_EP1_OUT_IRQHandler
                0x0800057c                WWDG_IRQHandler
                0x0800057c                SPI6_IRQHandler
                0x0800057c                OTG_FS_WKUP_IRQHandler
                0x0800057c                TIM1_TRG_COM_TIM11_IRQHandler
                0x0800057c                OTG_HS_IRQHandler
                0x0800057c                DMA2D_IRQHandler
                0x0800057c                EXTI1_IRQHandler
                0x0800057c                USART2_IRQHandler
                0x0800057c                I2C2_ER_IRQHandler
                0x0800057c                DMA2_Stream1_IRQHandler
                0x0800057c                CAN1_SCE_IRQHandler
                0x0800057c                FLASH_IRQHandler
                0x0800057c                DMA2_Stream4_IRQHandler
                0x0800057c                OTG_FS_IRQHandler
                0x0800057c                SPI3_IRQHandler
                0x0800057c                DMA1_Stream4_IRQHandler
                0x0800057c                I2C1_ER_IRQHandler
                0x0800057c                FMC_IRQHandler
                0x0800057c                DMA2_Stream6_IRQHandler
                0x0800057c                SAI1_IRQHandler
                0x0800057c                DMA1_Stream3_IRQHandler
 .text.NMI_Handler
                0x0800057e        0x2 LibInc/src/stm32f4xx_it.o
                0x0800057e                NMI_Handler
 .text.HardFault_Handler
                0x08000580        0x2 LibInc/src/stm32f4xx_it.o
                0x08000580                HardFault_Handler
 .text.MemManage_Handler
                0x08000582        0x2 LibInc/src/stm32f4xx_it.o
                0x08000582                MemManage_Handler
 .text.BusFault_Handler
                0x08000584        0x2 LibInc/src/stm32f4xx_it.o
                0x08000584                BusFault_Handler
 .text.UsageFault_Handler
                0x08000586        0x2 LibInc/src/stm32f4xx_it.o
                0x08000586                UsageFault_Handler
 .text.DebugMon_Handler
                0x08000588        0x2 LibInc/src/stm32f4xx_it.o
                0x08000588                DebugMon_Handler
 .text.SysTick_Handler
                0x0800058a        0x8 LibInc/src/stm32f4xx_it.o
                0x0800058a                SysTick_Handler
 *fill*         0x08000592        0x2 
 .text.DMA1_Stream1_IRQHandler
                0x08000594       0x10 LibInc/src/stm32f4xx_it.o
                0x08000594                DMA1_Stream1_IRQHandler
 .text.CAN1_RX0_IRQHandler
                0x080005a4       0x10 LibInc/src/stm32f4xx_it.o
                0x080005a4                CAN1_RX0_IRQHandler
 .text.TIM1_UP_TIM10_IRQHandler
                0x080005b4       0x10 LibInc/src/stm32f4xx_it.o
                0x080005b4                TIM1_UP_TIM10_IRQHandler
 .text.TIM2_IRQHandler
                0x080005c4       0x10 LibInc/src/stm32f4xx_it.o
                0x080005c4                TIM2_IRQHandler
 .text.USART1_IRQHandler
                0x080005d4       0x10 LibInc/src/stm32f4xx_it.o
                0x080005d4                USART1_IRQHandler
 .text.USART3_IRQHandler
                0x080005e4       0x10 LibInc/src/stm32f4xx_it.o
                0x080005e4                USART3_IRQHandler
 .text.UART4_IRQHandler
                0x080005f4       0x10 LibInc/src/stm32f4xx_it.o
                0x080005f4                UART4_IRQHandler
 .text.UART5_IRQHandler
                0x08000604       0x10 LibInc/src/stm32f4xx_it.o
                0x08000604                UART5_IRQHandler
 .text.DMA2_Stream2_IRQHandler
                0x08000614       0x10 LibInc/src/stm32f4xx_it.o
                0x08000614                DMA2_Stream2_IRQHandler
 .text.USART6_IRQHandler
                0x08000624       0x10 LibInc/src/stm32f4xx_it.o
                0x08000624                USART6_IRQHandler
 .text.UART7_IRQHandler
                0x08000634       0x10 LibInc/src/stm32f4xx_it.o
                0x08000634                UART7_IRQHandler
 .text.dbus_uart_handler
                0x08000644        0x2 User/src/dev/dbus.o
                0x08000644                dbus_uart_handler
 *fill*         0x08000646        0x2 
 .text.gyro_mesg_handler
                0x08000648       0x7c User/src/dev/gyroscope.o
                0x08000648                gyro_mesg_handler
 .text.hall_mesg_handler
                0x080006c4       0x3c User/src/dev/hall.o
                0x080006c4                hall_mesg_handler
 .text.infrared_mesg_handler
                0x08000700       0x3c User/src/dev/infrared.o
                0x08000700                infrared_mesg_handler
 .text.key_mesg_handler
                0x0800073c       0x3c User/src/dev/key.o
                0x0800073c                key_mesg_handler
 .text.motor_mesg_handler
                0x08000778       0x34 User/src/dev/motor.o
                0x08000778                motor_mesg_handler
 .text.poten_mesg_handler
                0x080007ac       0x3c User/src/dev/potentiometer.o
                0x080007ac                poten_mesg_handler
 .text.sonic_mesg_handler
                0x080007e8       0x3c User/src/dev/sonic.o
                0x080007e8                sonic_mesg_handler
 .text.stick_mesg_handler
                0x08000824       0x3c User/src/dev/stick.o
                0x08000824                stick_mesg_handler
 .text.uart4_mesg_handler
                0x08000860      0x198 User/src/dev/uart.o
                0x08000860                uart4_mesg_handler
 .text.uart5_mesg_handler
                0x080009f8        0x2 User/src/dev/uart.o
                0x080009f8                uart5_mesg_handler
 .text.uart6_mesg_handler
                0x080009fa        0x2 User/src/dev/uart.o
                0x080009fa                uart6_mesg_handler
 .text.uart7_mesg_handler
                0x080009fc        0x2 User/src/dev/uart.o
                0x080009fc                uart7_mesg_handler
 *fill*         0x080009fe        0x2 
 .text.wireless_recv_handler
                0x08000a00       0x7c User/src/dev/wireless.o
                0x08000a00                wireless_recv_handler
 .text.communicate_task
                0x08000a7c        0xa User/src/sys/class_task.o
                0x08000a7c                communicate_task
 .text.motor_task
                0x08000a86        0xc User/src/sys/class_task.o
                0x08000a86                motor_task
 *fill*         0x08000a92        0x2 
 .text.sys_start_task
                0x08000a94       0x48 User/src/sys/lib_system.o
                0x08000a94                sys_start_task
 .text.HAL_CAN_Init
                0x08000adc      0x14c C:\Users\brody.zhang\Desktop\tutorial\car_1.3\LibInc\src\librm_lib_1.2.a(stm32f4xx_hal_can.o)
                0x08000adc                HAL_CAN_Init
 .text.HAL_CAN_ConfigFilter
                0x08000c28      0x130 C:\Users\brody.zhang\Desktop\tutorial\car_1.3\LibInc\src\librm_lib_1.2.a(stm32f4xx_hal_can.o)
                0x08000c28                HAL_CAN_ConfigFilter
 .text.HAL_CAN_Start
                0x08000d58       0x5c C:\Users\brody.zhang\Desktop\tutorial\car_1.3\LibInc\src\librm_lib_1.2.a(stm32f4xx_hal_can.o)
                0x08000d58                HAL_CAN_Start
 .text.HAL_CAN_AddTxMessage
                0x08000db4       0xf4 C:\Users\brody.zhang\Desktop\tutorial\car_1.3\LibInc\src\librm_lib_1.2.a(stm32f4xx_hal_can.o)
                0x08000db4                HAL_CAN_AddTxMessage
 .text.HAL_CAN_AbortTxRequest
                0x08000ea8       0x58 C:\Users\brody.zhang\Desktop\tutorial\car_1.3\LibInc\src\librm_lib_1.2.a(stm32f4xx_hal_can.o)
                0x08000ea8                HAL_CAN_AbortTxRequest
 .text.HAL_CAN_IsTxMessagePending
                0x08000f00       0x2c C:\Users\brody.zhang\Desktop\tutorial\car_1.3\LibInc\src\librm_lib_1.2.a(stm32f4xx_hal_can.o)
                0x08000f00                HAL_CAN_IsTxMessagePending
 .text.HAL_CAN_GetRxMessage
                0x08000f2c      0x13e C:\Users\brody.zhang\Desktop\tutorial\car_1.3\LibInc\src\librm_lib_1.2.a(stm32f4xx_hal_can.o)
                0x08000f2c                HAL_CAN_GetRxMessage
 .text.HAL_CAN_TxMailbox0CompleteCallback
                0x0800106a        0x2 C:\Users\brody.zhang\Desktop\tutorial\car_1.3\LibInc\src\librm_lib_1.2.a(stm32f4xx_hal_can.o)
                0x0800106a                HAL_CAN_TxMailbox0CompleteCallback
 .text.HAL_CAN_TxMailbox1CompleteCallback
                0x0800106c        0x2 C:\Users\brody.zhang\Desktop\tutorial\car_1.3\LibInc\src\librm_lib_1.2.a(stm32f4xx_hal_can.o)
                0x0800106c                HAL_CAN_TxMailbox1CompleteCallback
 .text.HAL_CAN_TxMailbox2CompleteCallback
                0x0800106e        0x2 C:\Users\brody.zhang\Desktop\tutorial\car_1.3\LibInc\src\librm_lib_1.2.a(stm32f4xx_hal_can.o)
                0x0800106e                HAL_CAN_TxMailbox2CompleteCallback
 .text.HAL_CAN_TxMailbox0AbortCallback
                0x08001070        0x2 C:\Users\brody.zhang\Desktop\tutorial\car_1.3\LibInc\src\librm_lib_1.2.a(stm32f4xx_hal_can.o)
                0x08001070                HAL_CAN_TxMailbox0AbortCallback
 .text.HAL_CAN_TxMailbox1AbortCallback
                0x08001072        0x2 C:\Users\brody.zhang\Desktop\tutorial\car_1.3\LibInc\src\librm_lib_1.2.a(stm32f4xx_hal_can.o)
                0x08001072                HAL_CAN_TxMailbox1AbortCallback
 .text.HAL_CAN_TxMailbox2AbortCallback
                0x08001074        0x2 C:\Users\brody.zhang\Desktop\tutorial\car_1.3\LibInc\src\librm_lib_1.2.a(stm32f4xx_hal_can.o)
                0x08001074                HAL_CAN_TxMailbox2AbortCallback
 .text.HAL_CAN_RxFifo0FullCallback
                0x08001076        0x2 C:\Users\brody.zhang\Desktop\tutorial\car_1.3\LibInc\src\librm_lib_1.2.a(stm32f4xx_hal_can.o)
                0x08001076                HAL_CAN_RxFifo0FullCallback
 .text.HAL_CAN_RxFifo1MsgPendingCallback
                0x08001078        0x2 C:\Users\brody.zhang\Desktop\tutorial\car_1.3\LibInc\src\librm_lib_1.2.a(stm32f4xx_hal_can.o)
                0x08001078                HAL_CAN_RxFifo1MsgPendingCallback
 .text.HAL_CAN_RxFifo1FullCallback
                0x0800107a        0x2 C:\Users\brody.zhang\Desktop\tutorial\car_1.3\LibInc\src\librm_lib_1.2.a(stm32f4xx_hal_can.o)
                0x0800107a                HAL_CAN_RxFifo1FullCallback
 .text.HAL_CAN_SleepCallback
                0x0800107c        0x2 C:\Users\brody.zhang\Desktop\tutorial\car_1.3\LibInc\src\librm_lib_1.2.a(stm32f4xx_hal_can.o)
                0x0800107c                HAL_CAN_SleepCallback
 .text.HAL_CAN_WakeUpFromRxMsgCallback
                0x0800107e        0x2 C:\Users\brody.zhang\Desktop\tutorial\car_1.3\LibInc\src\librm_lib_1.2.a(stm32f4xx_hal_can.o)
                0x0800107e                HAL_CAN_WakeUpFromRxMsgCallback
 .text.HAL_CAN_IRQHandler
                0x08001080      0x258 C:\Users\brody.zhang\Desktop\tutorial\car_1.3\LibInc\src\librm_lib_1.2.a(stm32f4xx_hal_can.o)
                0x08001080                HAL_CAN_IRQHandler
 .text.DMA_SetConfig
                0x080012d8       0x2c C:\Users\brody.zhang\Desktop\tutorial\car_1.3\LibInc\src\librm_lib_1.2.a(stm32f4xx_hal_dma.o)
 .text.DMA_CalcBaseAndBitshift
                0x08001304       0x3c C:\Users\brody.zhang\Desktop\tutorial\car_1.3\LibInc\src\librm_lib_1.2.a(stm32f4xx_hal_dma.o)
 .text.DMA_CheckFifoParam
                0x08001340       0x8e C:\Users\brody.zhang\Desktop\tutorial\car_1.3\LibInc\src\librm_lib_1.2.a(stm32f4xx_hal_dma.o)
 *fill*         0x080013ce        0x2 
 .text.HAL_DMA_Init
                0x080013d0       0xd0 C:\Users\brody.zhang\Desktop\tutorial\car_1.3\LibInc\src\librm_lib_1.2.a(stm32f4xx_hal_dma.o)
                0x080013d0                HAL_DMA_Init
 .text.HAL_DMA_Start
                0x080014a0       0x48 C:\Users\brody.zhang\Desktop\tutorial\car_1.3\LibInc\src\librm_lib_1.2.a(stm32f4xx_hal_dma.o)
                0x080014a0                HAL_DMA_Start
 .text.HAL_DMA_Abort_IT
                0x080014e8       0x26 C:\Users\brody.zhang\Desktop\tutorial\car_1.3\LibInc\src\librm_lib_1.2.a(stm32f4xx_hal_dma.o)
                0x080014e8                HAL_DMA_Abort_IT
 *fill*         0x0800150e        0x2 
 .text.HAL_DMA_IRQHandler
                0x08001510      0x1dc C:\Users\brody.zhang\Desktop\tutorial\car_1.3\LibInc\src\librm_lib_1.2.a(stm32f4xx_hal_dma.o)
                0x08001510                HAL_DMA_IRQHandler
 .text.TIM_TI1_ConfigInputStage
                0x080016ec       0x26 C:\Users\brody.zhang\Desktop\tutorial\car_1.3\LibInc\src\librm_lib_1.2.a(stm32f4xx_hal_tim.o)
 .text.TIM_TI2_ConfigInputStage
                0x08001712       0x28 C:\Users\brody.zhang\Desktop\tutorial\car_1.3\LibInc\src\librm_lib_1.2.a(stm32f4xx_hal_tim.o)
 .text.TIM_ITRx_SetConfig
                0x0800173a       0x10 C:\Users\brody.zhang\Desktop\tutorial\car_1.3\LibInc\src\librm_lib_1.2.a(stm32f4xx_hal_tim.o)
 .text.TIM_ETR_SetConfig
                0x0800174a       0x18 C:\Users\brody.zhang\Desktop\tutorial\car_1.3\LibInc\src\librm_lib_1.2.a(stm32f4xx_hal_tim.o)
 .text.HAL_TIM_Base_Start_IT
                0x08001762       0x18 C:\Users\brody.zhang\Desktop\tutorial\car_1.3\LibInc\src\librm_lib_1.2.a(stm32f4xx_hal_tim.o)
                0x08001762                HAL_TIM_Base_Start_IT
 .text.HAL_TIM_ConfigClockSource
                0x0800177a      0x108 C:\Users\brody.zhang\Desktop\tutorial\car_1.3\LibInc\src\librm_lib_1.2.a(stm32f4xx_hal_tim.o)
                0x0800177a                HAL_TIM_ConfigClockSource
 .text.HAL_TIM_OC_DelayElapsedCallback
                0x08001882        0x2 C:\Users\brody.zhang\Desktop\tutorial\car_1.3\LibInc\src\librm_lib_1.2.a(stm32f4xx_hal_tim.o)
                0x08001882                HAL_TIM_OC_DelayElapsedCallback
 .text.HAL_TIM_IC_CaptureCallback
                0x08001884        0x2 C:\Users\brody.zhang\Desktop\tutorial\car_1.3\LibInc\src\librm_lib_1.2.a(stm32f4xx_hal_tim.o)
                0x08001884                HAL_TIM_IC_CaptureCallback
 .text.HAL_TIM_PWM_PulseFinishedCallback
                0x08001886        0x2 C:\Users\brody.zhang\Desktop\tutorial\car_1.3\LibInc\src\librm_lib_1.2.a(stm32f4xx_hal_tim.o)
                0x08001886                HAL_TIM_PWM_PulseFinishedCallback
 .text.HAL_TIM_TriggerCallback
                0x08001888        0x2 C:\Users\brody.zhang\Desktop\tutorial\car_1.3\LibInc\src\librm_lib_1.2.a(stm32f4xx_hal_tim.o)
                0x08001888                HAL_TIM_TriggerCallback
 .text.HAL_TIM_IRQHandler
                0x0800188a      0x17a C:\Users\brody.zhang\Desktop\tutorial\car_1.3\LibInc\src\librm_lib_1.2.a(stm32f4xx_hal_tim.o)
                0x0800188a                HAL_TIM_IRQHandler
 .text.TIM_Base_SetConfig
                0x08001a04      0x11c C:\Users\brody.zhang\Desktop\tutorial\car_1.3\LibInc\src\librm_lib_1.2.a(stm32f4xx_hal_tim.o)
                0x08001a04                TIM_Base_SetConfig
 .text.HAL_TIM_Base_Init
                0x08001b20       0x32 C:\Users\brody.zhang\Desktop\tutorial\car_1.3\LibInc\src\librm_lib_1.2.a(stm32f4xx_hal_tim.o)
                0x08001b20                HAL_TIM_Base_Init
 .text.HAL_TIMEx_MasterConfigSynchronization
                0x08001b52       0x52 C:\Users\brody.zhang\Desktop\tutorial\car_1.3\LibInc\src\librm_lib_1.2.a(stm32f4xx_hal_tim_ex.o)
                0x08001b52                HAL_TIMEx_MasterConfigSynchronization
 .text.HAL_TIMEx_CommutationCallback
                0x08001ba4        0x2 C:\Users\brody.zhang\Desktop\tutorial\car_1.3\LibInc\src\librm_lib_1.2.a(stm32f4xx_hal_tim_ex.o)
                0x08001ba4                HAL_TIMEx_CommutationCallback
 .text.HAL_TIMEx_BreakCallback
                0x08001ba6        0x2 C:\Users\brody.zhang\Desktop\tutorial\car_1.3\LibInc\src\librm_lib_1.2.a(stm32f4xx_hal_tim_ex.o)
                0x08001ba6                HAL_TIMEx_BreakCallback
 .text.UART_EndRxTransfer
                0x08001ba8       0x1c C:\Users\brody.zhang\Desktop\tutorial\car_1.3\LibInc\src\librm_lib_1.2.a(stm32f4xx_hal_uart.o)
 .text.UART_Transmit_IT
                0x08001bc4       0x6a C:\Users\brody.zhang\Desktop\tutorial\car_1.3\LibInc\src\librm_lib_1.2.a(stm32f4xx_hal_uart.o)
 *fill*         0x08001c2e        0x2 
 .text.UART_SetConfig
                0x08001c30      0x344 C:\Users\brody.zhang\Desktop\tutorial\car_1.3\LibInc\src\librm_lib_1.2.a(stm32f4xx_hal_uart.o)
 .text.UART_WaitOnFlagUntilTimeout
                0x08001f74       0x64 C:\Users\brody.zhang\Desktop\tutorial\car_1.3\LibInc\src\librm_lib_1.2.a(stm32f4xx_hal_uart.o)
 .text.HAL_UART_Init
                0x08001fd8       0x5e C:\Users\brody.zhang\Desktop\tutorial\car_1.3\LibInc\src\librm_lib_1.2.a(stm32f4xx_hal_uart.o)
                0x08001fd8                HAL_UART_Init
 .text.HAL_UART_Transmit
                0x08002036       0xe2 C:\Users\brody.zhang\Desktop\tutorial\car_1.3\LibInc\src\librm_lib_1.2.a(stm32f4xx_hal_uart.o)
                0x08002036                HAL_UART_Transmit
 .text.HAL_UART_Receive_IT
                0x08002118       0x52 C:\Users\brody.zhang\Desktop\tutorial\car_1.3\LibInc\src\librm_lib_1.2.a(stm32f4xx_hal_uart.o)
                0x08002118                HAL_UART_Receive_IT
 .text.HAL_UART_TxCpltCallback
                0x0800216a        0x2 C:\Users\brody.zhang\Desktop\tutorial\car_1.3\LibInc\src\librm_lib_1.2.a(stm32f4xx_hal_uart.o)
                0x0800216a                HAL_UART_TxCpltCallback
 .text.UART_EndTransmit_IT
                0x0800216c       0x1a C:\Users\brody.zhang\Desktop\tutorial\car_1.3\LibInc\src\librm_lib_1.2.a(stm32f4xx_hal_uart.o)
 .text.UART_Receive_IT
                0x08002186       0x94 C:\Users\brody.zhang\Desktop\tutorial\car_1.3\LibInc\src\librm_lib_1.2.a(stm32f4xx_hal_uart.o)
 .text.HAL_UART_ErrorCallback
                0x0800221a        0x2 C:\Users\brody.zhang\Desktop\tutorial\car_1.3\LibInc\src\librm_lib_1.2.a(stm32f4xx_hal_uart.o)
                0x0800221a                HAL_UART_ErrorCallback
 .text.HAL_UART_IRQHandler
                0x0800221c      0x120 C:\Users\brody.zhang\Desktop\tutorial\car_1.3\LibInc\src\librm_lib_1.2.a(stm32f4xx_hal_uart.o)
                0x0800221c                HAL_UART_IRQHandler
 .text.UART_DMAAbortOnError
                0x0800233c       0x10 C:\Users\brody.zhang\Desktop\tutorial\car_1.3\LibInc\src\librm_lib_1.2.a(stm32f4xx_hal_uart.o)
 .text.makeFreeRtosPriority
                0x0800234c        0xc C:\Users\brody.zhang\Desktop\tutorial\car_1.3\LibInc\src\librm_lib_1.2.a(cmsis_os.o)
 .text.inHandlerMode
                0x08002358        0xc C:\Users\brody.zhang\Desktop\tutorial\car_1.3\LibInc\src\librm_lib_1.2.a(cmsis_os.o)
 .text.osKernelStart
                0x08002364        0xa C:\Users\brody.zhang\Desktop\tutorial\car_1.3\LibInc\src\librm_lib_1.2.a(cmsis_os.o)
                0x08002364                osKernelStart
 .text.osThreadCreate
                0x0800236e       0x34 C:\Users\brody.zhang\Desktop\tutorial\car_1.3\LibInc\src\librm_lib_1.2.a(cmsis_os.o)
                0x0800236e                osThreadCreate
 .text.osDelay  0x080023a2       0x12 C:\Users\brody.zhang\Desktop\tutorial\car_1.3\LibInc\src\librm_lib_1.2.a(cmsis_os.o)
                0x080023a2                osDelay
 .text.osSignalSet
                0x080023b4       0x64 C:\Users\brody.zhang\Desktop\tutorial\car_1.3\LibInc\src\librm_lib_1.2.a(cmsis_os.o)
                0x080023b4                osSignalSet
 .text.osSignalWait
                0x08002418       0x68 C:\Users\brody.zhang\Desktop\tutorial\car_1.3\LibInc\src\librm_lib_1.2.a(cmsis_os.o)
                0x08002418                osSignalWait
 .text.osSystickHandler
                0x08002480       0x10 C:\Users\brody.zhang\Desktop\tutorial\car_1.3\LibInc\src\librm_lib_1.2.a(cmsis_os.o)
                0x08002480                osSystickHandler
 .text.prvResetNextTaskUnblockTime
                0x08002490       0x2c C:\Users\brody.zhang\Desktop\tutorial\car_1.3\LibInc\src\librm_lib_1.2.a(tasks.o)
 .text.prvDeleteTCB
                0x080024bc       0x12 C:\Users\brody.zhang\Desktop\tutorial\car_1.3\LibInc\src\librm_lib_1.2.a(tasks.o)
 .text.prvInitialiseNewTask
                0x080024ce       0x80 C:\Users\brody.zhang\Desktop\tutorial\car_1.3\LibInc\src\librm_lib_1.2.a(tasks.o)
 *fill*         0x0800254e        0x2 
 .text.prvInitialiseTaskLists
                0x08002550       0x58 C:\Users\brody.zhang\Desktop\tutorial\car_1.3\LibInc\src\librm_lib_1.2.a(tasks.o)
 .text.prvAddNewTaskToReadyList
                0x080025a8       0xac C:\Users\brody.zhang\Desktop\tutorial\car_1.3\LibInc\src\librm_lib_1.2.a(tasks.o)
 .text.prvAddCurrentTaskToDelayedList
                0x08002654       0x88 C:\Users\brody.zhang\Desktop\tutorial\car_1.3\LibInc\src\librm_lib_1.2.a(tasks.o)
 .text.xTaskCreate
                0x080026dc       0x62 C:\Users\brody.zhang\Desktop\tutorial\car_1.3\LibInc\src\librm_lib_1.2.a(tasks.o)
                0x080026dc                xTaskCreate
 *fill*         0x0800273e        0x2 
 .text.vTaskStartScheduler
                0x08002740       0x74 C:\Users\brody.zhang\Desktop\tutorial\car_1.3\LibInc\src\librm_lib_1.2.a(tasks.o)
                0x08002740                vTaskStartScheduler
 .text.vTaskSuspendAll
                0x080027b4       0x14 C:\Users\brody.zhang\Desktop\tutorial\car_1.3\LibInc\src\librm_lib_1.2.a(tasks.o)
                0x080027b4                vTaskSuspendAll
 .text.xTaskIncrementTick
                0x080027c8      0x114 C:\Users\brody.zhang\Desktop\tutorial\car_1.3\LibInc\src\librm_lib_1.2.a(tasks.o)
                0x080027c8                xTaskIncrementTick
 .text.xTaskResumeAll
                0x080028dc       0xf4 C:\Users\brody.zhang\Desktop\tutorial\car_1.3\LibInc\src\librm_lib_1.2.a(tasks.o)
                0x080028dc                xTaskResumeAll
 .text.vTaskDelay
                0x080029d0       0x50 C:\Users\brody.zhang\Desktop\tutorial\car_1.3\LibInc\src\librm_lib_1.2.a(tasks.o)
                0x080029d0                vTaskDelay
 .text.prvCheckTasksWaitingTermination
                0x08002a20       0x54 C:\Users\brody.zhang\Desktop\tutorial\car_1.3\LibInc\src\librm_lib_1.2.a(tasks.o)
 .text.prvIdleTask
                0x08002a74       0x30 C:\Users\brody.zhang\Desktop\tutorial\car_1.3\LibInc\src\librm_lib_1.2.a(tasks.o)
 .text.vTaskSwitchContext
                0x08002aa4       0x90 C:\Users\brody.zhang\Desktop\tutorial\car_1.3\LibInc\src\librm_lib_1.2.a(tasks.o)
                0x08002aa4                vTaskSwitchContext
 .text.xTaskGetSchedulerState
                0x08002b34       0x20 C:\Users\brody.zhang\Desktop\tutorial\car_1.3\LibInc\src\librm_lib_1.2.a(tasks.o)
                0x08002b34                xTaskGetSchedulerState
 .text.xTaskNotifyWait
                0x08002b54       0xa8 C:\Users\brody.zhang\Desktop\tutorial\car_1.3\LibInc\src\librm_lib_1.2.a(tasks.o)
                0x08002b54                xTaskNotifyWait
 .text.xTaskGenericNotify
                0x08002bfc       0xe0 C:\Users\brody.zhang\Desktop\tutorial\car_1.3\LibInc\src\librm_lib_1.2.a(tasks.o)
                0x08002bfc                xTaskGenericNotify
 .text.xTaskGenericNotifyFromISR
                0x08002cdc      0x114 C:\Users\brody.zhang\Desktop\tutorial\car_1.3\LibInc\src\librm_lib_1.2.a(tasks.o)
                0x08002cdc                xTaskGenericNotifyFromISR
 .text.prvTaskExitError
                0x08002df0       0x34 C:\Users\brody.zhang\Desktop\tutorial\car_1.3\LibInc\src\librm_lib_1.2.a(port.o)
 .text.prvPortStartFirstTask
                0x08002e24       0x20 C:\Users\brody.zhang\Desktop\tutorial\car_1.3\LibInc\src\librm_lib_1.2.a(port.o)
 .text.vPortEnableVFP
                0x08002e44       0x14 C:\Users\brody.zhang\Desktop\tutorial\car_1.3\LibInc\src\librm_lib_1.2.a(port.o)
 .text.pxPortInitialiseStack
                0x08002e58       0x2c C:\Users\brody.zhang\Desktop\tutorial\car_1.3\LibInc\src\librm_lib_1.2.a(port.o)
                0x08002e58                pxPortInitialiseStack
 *fill*         0x08002e84        0xc 
 .text.SVC_Handler
                0x08002e90       0x24 C:\Users\brody.zhang\Desktop\tutorial\car_1.3\LibInc\src\librm_lib_1.2.a(port.o)
                0x08002e90                SVC_Handler
 .text.vPortEnterCritical
                0x08002eb4       0x44 C:\Users\brody.zhang\Desktop\tutorial\car_1.3\LibInc\src\librm_lib_1.2.a(port.o)
                0x08002eb4                vPortEnterCritical
 .text.vPortExitCritical
                0x08002ef8       0x2c C:\Users\brody.zhang\Desktop\tutorial\car_1.3\LibInc\src\librm_lib_1.2.a(port.o)
                0x08002ef8                vPortExitCritical
 *fill*         0x08002f24        0xc 
 .text.PendSV_Handler
                0x08002f30       0x64 C:\Users\brody.zhang\Desktop\tutorial\car_1.3\LibInc\src\librm_lib_1.2.a(port.o)
                0x08002f30                PendSV_Handler
 .text.xPortSysTickHandler
                0x08002f94       0x2c C:\Users\brody.zhang\Desktop\tutorial\car_1.3\LibInc\src\librm_lib_1.2.a(port.o)
                0x08002f94                xPortSysTickHandler
 .text.vPortSetupTimerInterrupt
                0x08002fc0       0x2c C:\Users\brody.zhang\Desktop\tutorial\car_1.3\LibInc\src\librm_lib_1.2.a(port.o)
                0x08002fc0                vPortSetupTimerInterrupt
 .text.xPortStartScheduler
                0x08002fec       0xe8 C:\Users\brody.zhang\Desktop\tutorial\car_1.3\LibInc\src\librm_lib_1.2.a(port.o)
                0x08002fec                xPortStartScheduler
 .text.vPortValidateInterruptPriority
                0x080030d4       0x58 C:\Users\brody.zhang\Desktop\tutorial\car_1.3\LibInc\src\librm_lib_1.2.a(port.o)
                0x080030d4                vPortValidateInterruptPriority
 .text.prvHeapInit
                0x0800312c       0x58 C:\Users\brody.zhang\Desktop\tutorial\car_1.3\LibInc\src\librm_lib_1.2.a(heap_4.o)
 .text.prvInsertBlockIntoFreeList
                0x08003184       0x58 C:\Users\brody.zhang\Desktop\tutorial\car_1.3\LibInc\src\librm_lib_1.2.a(heap_4.o)
 .text.pvPortMalloc
                0x080031dc      0x10c C:\Users\brody.zhang\Desktop\tutorial\car_1.3\LibInc\src\librm_lib_1.2.a(heap_4.o)
                0x080031dc                pvPortMalloc
 .text.vPortFree
                0x080032e8       0x70 C:\Users\brody.zhang\Desktop\tutorial\car_1.3\LibInc\src\librm_lib_1.2.a(heap_4.o)
                0x080032e8                vPortFree
 .text.MX_CAN1_Init
                0x08003358       0x4c C:\Users\brody.zhang\Desktop\tutorial\car_1.3\LibInc\src\librm_lib_1.2.a(can.o)
                0x08003358                MX_CAN1_Init
 .text.HAL_CAN_MspInit
                0x080033a4       0x60 C:\Users\brody.zhang\Desktop\tutorial\car_1.3\LibInc\src\librm_lib_1.2.a(can.o)
                0x080033a4                HAL_CAN_MspInit
 .text.StartDefaultTask
                0x08003404       0x10 C:\Users\brody.zhang\Desktop\tutorial\car_1.3\LibInc\src\librm_lib_1.2.a(freertos.o)
                0x08003404                StartDefaultTask
 .text.unpack_task
                0x08003414       0x32 C:\Users\brody.zhang\Desktop\tutorial\car_1.3\LibInc\src\librm_lib_1.2.a(freertos.o)
                0x08003414                unpack_task
 .text.vApplicationIdleHook
                0x08003446        0x2 C:\Users\brody.zhang\Desktop\tutorial\car_1.3\LibInc\src\librm_lib_1.2.a(freertos.o)
                0x08003446                vApplicationIdleHook
 .text.MX_FREERTOS_Init
                0x08003448       0x54 C:\Users\brody.zhang\Desktop\tutorial\car_1.3\LibInc\src\librm_lib_1.2.a(freertos.o)
                0x08003448                MX_FREERTOS_Init
 .text.task_delay
                0x0800349c        0x8 C:\Users\brody.zhang\Desktop\tutorial\car_1.3\LibInc\src\librm_lib_1.2.a(freertos.o)
                0x0800349c                task_delay
 .text.HAL_TIM_PeriodElapsedCallback
                0x080034a4       0x12 C:\Users\brody.zhang\Desktop\tutorial\car_1.3\LibInc\src\librm_lib_1.2.a(main.o)
                0x080034a4                HAL_TIM_PeriodElapsedCallback
 .text._Error_Handler
                0x080034b6        0x2 C:\Users\brody.zhang\Desktop\tutorial\car_1.3\LibInc\src\librm_lib_1.2.a(main.o)
                0x080034b6                _Error_Handler
 .text.SystemClock_Config
                0x080034b8       0xd4 C:\Users\brody.zhang\Desktop\tutorial\car_1.3\LibInc\src\librm_lib_1.2.a(main.o)
                0x080034b8                SystemClock_Config
 .text.main     0x0800358c       0x74 C:\Users\brody.zhang\Desktop\tutorial\car_1.3\LibInc\src\librm_lib_1.2.a(main.o)
                0x0800358c                main
 .text.HAL_InitTick
                0x08003600       0x78 C:\Users\brody.zhang\Desktop\tutorial\car_1.3\LibInc\src\librm_lib_1.2.a(stm32f4xx_hal_timebase_TIM.o)
                0x08003600                HAL_InitTick
 .text.SystemInit
                0x08003678       0x4c C:\Users\brody.zhang\Desktop\tutorial\car_1.3\LibInc\src\librm_lib_1.2.a(system_stm32f4xx.o)
                0x08003678                SystemInit
 .text.MX_TIM1_Init
                0x080036c4       0x74 C:\Users\brody.zhang\Desktop\tutorial\car_1.3\LibInc\src\librm_lib_1.2.a(tim.o)
                0x080036c4                MX_TIM1_Init
 .text.HAL_TIM_Base_MspInit
                0x08003738       0x40 C:\Users\brody.zhang\Desktop\tutorial\car_1.3\LibInc\src\librm_lib_1.2.a(tim.o)
                0x08003738                HAL_TIM_Base_MspInit
 .text.MX_UART4_Init
                0x08003778       0x3c C:\Users\brody.zhang\Desktop\tutorial\car_1.3\LibInc\src\librm_lib_1.2.a(usart.o)
                0x08003778                MX_UART4_Init
 .text.MX_UART5_Init
                0x080037b4       0x3c C:\Users\brody.zhang\Desktop\tutorial\car_1.3\LibInc\src\librm_lib_1.2.a(usart.o)
                0x080037b4                MX_UART5_Init
 .text.MX_UART7_Init
                0x080037f0       0x3c C:\Users\brody.zhang\Desktop\tutorial\car_1.3\LibInc\src\librm_lib_1.2.a(usart.o)
                0x080037f0                MX_UART7_Init
 .text.MX_USART1_UART_Init
                0x0800382c       0x3c C:\Users\brody.zhang\Desktop\tutorial\car_1.3\LibInc\src\librm_lib_1.2.a(usart.o)
                0x0800382c                MX_USART1_UART_Init
 .text.MX_USART3_UART_Init
                0x08003868       0x44 C:\Users\brody.zhang\Desktop\tutorial\car_1.3\LibInc\src\librm_lib_1.2.a(usart.o)
                0x08003868                MX_USART3_UART_Init
 .text.MX_USART6_UART_Init
                0x080038ac       0x3c C:\Users\brody.zhang\Desktop\tutorial\car_1.3\LibInc\src\librm_lib_1.2.a(usart.o)
                0x080038ac                MX_USART6_UART_Init
 .text.HAL_UART_MspInit
                0x080038e8      0x2bc C:\Users\brody.zhang\Desktop\tutorial\car_1.3\LibInc\src\librm_lib_1.2.a(usart.o)
                0x080038e8                HAL_UART_MspInit
 .text.can_callback_reg
                0x08003ba4        0xc C:\Users\brody.zhang\Desktop\tutorial\car_1.3\LibInc\src\librm_lib_1.2.a(bsp_can.o)
                0x08003ba4                can_callback_reg
 .text.can_filter_config
                0x08003bb0       0x40 C:\Users\brody.zhang\Desktop\tutorial\car_1.3\LibInc\src\librm_lib_1.2.a(bsp_can.o)
                0x08003bb0                can_filter_config
 .text.HAL_CAN_RxFifo0MsgPendingCallback
                0x08003bf0       0x4c C:\Users\brody.zhang\Desktop\tutorial\car_1.3\LibInc\src\librm_lib_1.2.a(bsp_can.o)
                0x08003bf0                HAL_CAN_RxFifo0MsgPendingCallback
 .text.HAL_CAN_ErrorCallback
                0x08003c3c       0x14 C:\Users\brody.zhang\Desktop\tutorial\car_1.3\LibInc\src\librm_lib_1.2.a(bsp_can.o)
                0x08003c3c                HAL_CAN_ErrorCallback
 .text.bsp_can_sendbuf
                0x08003c50      0x120 C:\Users\brody.zhang\Desktop\tutorial\car_1.3\LibInc\src\librm_lib_1.2.a(bsp_can.o)
                0x08003c50                bsp_can_sendbuf
 .text.led_red_off
                0x08003d70       0x10 C:\Users\brody.zhang\Desktop\tutorial\car_1.3\LibInc\src\librm_lib_1.2.a(bsp_led.o)
                0x08003d70                led_red_off
 .text.led_red_on
                0x08003d80       0x10 C:\Users\brody.zhang\Desktop\tutorial\car_1.3\LibInc\src\librm_lib_1.2.a(bsp_led.o)
                0x08003d80                led_red_on
 .text.led_green_off
                0x08003d90       0x10 C:\Users\brody.zhang\Desktop\tutorial\car_1.3\LibInc\src\librm_lib_1.2.a(bsp_led.o)
                0x08003d90                led_green_off
 .text.led_green_toggle
                0x08003da0       0x10 C:\Users\brody.zhang\Desktop\tutorial\car_1.3\LibInc\src\librm_lib_1.2.a(bsp_led.o)
                0x08003da0                led_green_toggle
 .text.uart_recv_dma_config
                0x08003db0       0x22 C:\Users\brody.zhang\Desktop\tutorial\car_1.3\LibInc\src\librm_lib_1.2.a(bsp_usart.o)
 *fill*         0x08003dd2        0x2 
 .text.uart1_callback_reg
                0x08003dd4        0xc C:\Users\brody.zhang\Desktop\tutorial\car_1.3\LibInc\src\librm_lib_1.2.a(bsp_usart.o)
                0x08003dd4                uart1_callback_reg
 .text.bsp_uart1_sendbuf
                0x08003de0       0x18 C:\Users\brody.zhang\Desktop\tutorial\car_1.3\LibInc\src\librm_lib_1.2.a(bsp_usart.o)
                0x08003de0                bsp_uart1_sendbuf
 .text.uart_recv_handler
                0x08003df8       0xc4 C:\Users\brody.zhang\Desktop\tutorial\car_1.3\LibInc\src\librm_lib_1.2.a(bsp_usart.o)
                0x08003df8                uart_recv_handler
 .text.bsp_uart_config
                0x08003ebc       0x94 C:\Users\brody.zhang\Desktop\tutorial\car_1.3\LibInc\src\librm_lib_1.2.a(bsp_usart.o)
                0x08003ebc                bsp_uart_config
 .text.HAL_UART_RxCpltCallback
                0x08003f50       0x8c C:\Users\brody.zhang\Desktop\tutorial\car_1.3\LibInc\src\librm_lib_1.2.a(bsp_usart.o)
                0x08003f50                HAL_UART_RxCpltCallback
 .text.can_data_to_fifo
                0x08003fdc       0x28 C:\Users\brody.zhang\Desktop\tutorial\car_1.3\LibInc\src\librm_lib_1.2.a(can_protocol.o)
                0x08003fdc                can_data_to_fifo
 .text.can_protocol_unpack
                0x08004004       0x34 C:\Users\brody.zhang\Desktop\tutorial\car_1.3\LibInc\src\librm_lib_1.2.a(can_protocol.o)
                0x08004004                can_protocol_unpack
 .text.Iniunpack_obj_t
                0x08004038       0x16 C:\Users\brody.zhang\Desktop\tutorial\car_1.3\LibInc\src\librm_lib_1.2.a(can_protocol.o)
                0x08004038                Iniunpack_obj_t
 *fill*         0x0800404e        0x2 
 .text.init_can_rx_fifo
                0x08004050       0x50 C:\Users\brody.zhang\Desktop\tutorial\car_1.3\LibInc\src\librm_lib_1.2.a(can_protocol.o)
                0x08004050                init_can_rx_fifo
 .text.fifo_s_init
                0x080040a0       0x26 C:\Users\brody.zhang\Desktop\tutorial\car_1.3\LibInc\src\librm_lib_1.2.a(fifo.o)
                0x080040a0                fifo_s_init
 .text.FIFO_S_Puts
                0x080040c6       0x4c C:\Users\brody.zhang\Desktop\tutorial\car_1.3\LibInc\src\librm_lib_1.2.a(fifo.o)
                0x080040c6                FIFO_S_Puts
 .text.FIFO_S_Puts_no_mutex
                0x08004112       0x4c C:\Users\brody.zhang\Desktop\tutorial\car_1.3\LibInc\src\librm_lib_1.2.a(fifo.o)
                0x08004112                FIFO_S_Puts_no_mutex
 .text.FIFO_S_Get
                0x0800415e       0x2c C:\Users\brody.zhang\Desktop\tutorial\car_1.3\LibInc\src\librm_lib_1.2.a(fifo.o)
                0x0800415e                FIFO_S_Get
 .text.FIFO_S_CountUsed
                0x0800418a        0x8 C:\Users\brody.zhang\Desktop\tutorial\car_1.3\LibInc\src\librm_lib_1.2.a(fifo.o)
                0x0800418a                FIFO_S_CountUsed
 *fill*         0x08004192        0x2 
 .text.uart_data_to_fifo
                0x08004194       0x14 C:\Users\brody.zhang\Desktop\tutorial\car_1.3\LibInc\src\librm_lib_1.2.a(protocol_parser.o)
                0x08004194                uart_data_to_fifo
 .text.init_uart_rx_fifo
                0x080041a8       0x24 C:\Users\brody.zhang\Desktop\tutorial\car_1.3\LibInc\src\librm_lib_1.2.a(protocol_parser.o)
                0x080041a8                init_uart_rx_fifo
 .text.Module_Cmd_Handle
                0x080041cc       0x34 C:\Users\brody.zhang\Desktop\tutorial\car_1.3\LibInc\src\librm_lib_1.2.a(protocol_parser.o)
                0x080041cc                Module_Cmd_Handle
 .text.module_cmd_set_init
                0x08004200       0x20 C:\Users\brody.zhang\Desktop\tutorial\car_1.3\LibInc\src\librm_lib_1.2.a(protocol_parser.o)
                0x08004200                module_cmd_set_init
 .text.module_ack_register
                0x08004220       0x38 C:\Users\brody.zhang\Desktop\tutorial\car_1.3\LibInc\src\librm_lib_1.2.a(protocol_parser.o)
                0x08004220                module_ack_register
 .text.mesg_ack_register
                0x08004258       0xe8 C:\Users\brody.zhang\Desktop\tutorial\car_1.3\LibInc\src\librm_lib_1.2.a(protocol_parser.o)
                0x08004258                mesg_ack_register
 .text.in_frame_pack
                0x08004340       0x36 C:\Users\brody.zhang\Desktop\tutorial\car_1.3\LibInc\src\librm_lib_1.2.a(protocol_parser.o)
                0x08004340                in_frame_pack
 *fill*         0x08004376        0x2 
 .text.send_can_pack_cmd
                0x08004378      0x418 C:\Users\brody.zhang\Desktop\tutorial\car_1.3\LibInc\src\librm_lib_1.2.a(protocol_parser.o)
                0x08004378                send_can_pack_cmd
 .text.Forward_Packet
                0x08004790       0x38 C:\Users\brody.zhang\Desktop\tutorial\car_1.3\LibInc\src\librm_lib_1.2.a(protocol_parser.o)
                0x08004790                Forward_Packet
 .text.ProtocolUnpack
                0x080047c8      0x168 C:\Users\brody.zhang\Desktop\tutorial\car_1.3\LibInc\src\librm_lib_1.2.a(protocol_parser.o)
                0x080047c8                ProtocolUnpack
 .text.pc_unpack_handler
                0x08004930      0x1b4 C:\Users\brody.zhang\Desktop\tutorial\car_1.3\LibInc\src\librm_lib_1.2.a(protocol_parser.o)
                0x08004930                pc_unpack_handler
 .text.save_app_firmware_param
                0x08004ae4       0x14 C:\Users\brody.zhang\Desktop\tutorial\car_1.3\LibInc\src\librm_lib_1.2.a(protocol_parser.o)
                0x08004ae4                save_app_firmware_param
 .text.init_firmware_param
                0x08004af8       0x20 C:\Users\brody.zhang\Desktop\tutorial\car_1.3\LibInc\src\librm_lib_1.2.a(protocol_parser.o)
                0x08004af8                init_firmware_param
 .text.system_startup
                0x08004b18       0x4c C:\Users\brody.zhang\Desktop\tutorial\car_1.3\LibInc\src\librm_lib_1.2.a(startup.o)
                0x08004b18                system_startup
 .text.infrared_reg_handler
                0x08004b64       0x20 C:\Users\brody.zhang\Desktop\tutorial\car_1.3\LibInc\src\librm_lib_1.2.a(tutorial_lib.o)
                0x08004b64                infrared_reg_handler
 .text.poten_reg_handler
                0x08004b84       0x20 C:\Users\brody.zhang\Desktop\tutorial\car_1.3\LibInc\src\librm_lib_1.2.a(tutorial_lib.o)
                0x08004b84                poten_reg_handler
 .text.sonic_reg_handler
                0x08004ba4       0x20 C:\Users\brody.zhang\Desktop\tutorial\car_1.3\LibInc\src\librm_lib_1.2.a(tutorial_lib.o)
                0x08004ba4                sonic_reg_handler
 .text.gyro_reg_handler
                0x08004bc4       0x20 C:\Users\brody.zhang\Desktop\tutorial\car_1.3\LibInc\src\librm_lib_1.2.a(tutorial_lib.o)
                0x08004bc4                gyro_reg_handler
 .text.stick_reg_handler
                0x08004be4       0x20 C:\Users\brody.zhang\Desktop\tutorial\car_1.3\LibInc\src\librm_lib_1.2.a(tutorial_lib.o)
                0x08004be4                stick_reg_handler
 .text.hall_reg_handler
                0x08004c04       0x20 C:\Users\brody.zhang\Desktop\tutorial\car_1.3\LibInc\src\librm_lib_1.2.a(tutorial_lib.o)
                0x08004c04                hall_reg_handler
 .text.motor_reg_handler
                0x08004c24       0x20 C:\Users\brody.zhang\Desktop\tutorial\car_1.3\LibInc\src\librm_lib_1.2.a(tutorial_lib.o)
                0x08004c24                motor_reg_handler
 .text.key_mesg_reg_handler
                0x08004c44       0x20 C:\Users\brody.zhang\Desktop\tutorial\car_1.3\LibInc\src\librm_lib_1.2.a(tutorial_lib.o)
                0x08004c44                key_mesg_reg_handler
 .text.wireless_recv_reg_handler
                0x08004c64       0x20 C:\Users\brody.zhang\Desktop\tutorial\car_1.3\LibInc\src\librm_lib_1.2.a(tutorial_lib.o)
                0x08004c64                wireless_recv_reg_handler
 .text.HAL_MspInit
                0x08004c84        0x2 C:\Users\brody.zhang\Desktop\tutorial\car_1.3\LibInc\src\librm_lib_1.2.a(stm32f4xx_hal.o)
                0x08004c84                HAL_MspInit
 *fill*         0x08004c86        0x2 
 .text.HAL_Init
                0x08004c88       0x34 C:\Users\brody.zhang\Desktop\tutorial\car_1.3\LibInc\src\librm_lib_1.2.a(stm32f4xx_hal.o)
                0x08004c88                HAL_Init
 .text.HAL_IncTick
                0x08004cbc       0x18 C:\Users\brody.zhang\Desktop\tutorial\car_1.3\LibInc\src\librm_lib_1.2.a(stm32f4xx_hal.o)
                0x08004cbc                HAL_IncTick
 .text.HAL_GetTick
                0x08004cd4        0xc C:\Users\brody.zhang\Desktop\tutorial\car_1.3\LibInc\src\librm_lib_1.2.a(stm32f4xx_hal.o)
                0x08004cd4                HAL_GetTick
 .text.HAL_Delay
                0x08004ce0       0x28 C:\Users\brody.zhang\Desktop\tutorial\car_1.3\LibInc\src\librm_lib_1.2.a(stm32f4xx_hal.o)
                0x08004ce0                HAL_Delay
 .text.HAL_NVIC_SetPriorityGrouping
                0x08004d08       0x24 C:\Users\brody.zhang\Desktop\tutorial\car_1.3\LibInc\src\librm_lib_1.2.a(stm32f4xx_hal_cortex.o)
                0x08004d08                HAL_NVIC_SetPriorityGrouping
 .text.HAL_NVIC_SetPriority
                0x08004d2c       0x64 C:\Users\brody.zhang\Desktop\tutorial\car_1.3\LibInc\src\librm_lib_1.2.a(stm32f4xx_hal_cortex.o)
                0x08004d2c                HAL_NVIC_SetPriority
 .text.HAL_NVIC_EnableIRQ
                0x08004d90       0x18 C:\Users\brody.zhang\Desktop\tutorial\car_1.3\LibInc\src\librm_lib_1.2.a(stm32f4xx_hal_cortex.o)
                0x08004d90                HAL_NVIC_EnableIRQ
 .text.HAL_SYSTICK_Config
                0x08004da8       0x2c C:\Users\brody.zhang\Desktop\tutorial\car_1.3\LibInc\src\librm_lib_1.2.a(stm32f4xx_hal_cortex.o)
                0x08004da8                HAL_SYSTICK_Config
 .text.HAL_SYSTICK_CLKSourceConfig
                0x08004dd4       0x20 C:\Users\brody.zhang\Desktop\tutorial\car_1.3\LibInc\src\librm_lib_1.2.a(stm32f4xx_hal_cortex.o)
                0x08004dd4                HAL_SYSTICK_CLKSourceConfig
 .text.HAL_GPIO_Init
                0x08004df4      0x1e4 C:\Users\brody.zhang\Desktop\tutorial\car_1.3\LibInc\src\librm_lib_1.2.a(stm32f4xx_hal_gpio.o)
                0x08004df4                HAL_GPIO_Init
 .text.HAL_GPIO_WritePin
                0x08004fd8        0xc C:\Users\brody.zhang\Desktop\tutorial\car_1.3\LibInc\src\librm_lib_1.2.a(stm32f4xx_hal_gpio.o)
                0x08004fd8                HAL_GPIO_WritePin
 .text.HAL_PWREx_EnableOverDrive
                0x08004fe4       0x80 C:\Users\brody.zhang\Desktop\tutorial\car_1.3\LibInc\src\librm_lib_1.2.a(stm32f4xx_hal_pwr_ex.o)
                0x08004fe4                HAL_PWREx_EnableOverDrive
 .text.HAL_RCC_OscConfig
                0x08005064      0x398 C:\Users\brody.zhang\Desktop\tutorial\car_1.3\LibInc\src\librm_lib_1.2.a(stm32f4xx_hal_rcc.o)
                0x08005064                HAL_RCC_OscConfig
 .text.HAL_RCC_GetSysClockFreq
                0x080053fc       0xa4 C:\Users\brody.zhang\Desktop\tutorial\car_1.3\LibInc\src\librm_lib_1.2.a(stm32f4xx_hal_rcc.o)
                0x080053fc                HAL_RCC_GetSysClockFreq
 .text.HAL_RCC_ClockConfig
                0x080054a0      0x158 C:\Users\brody.zhang\Desktop\tutorial\car_1.3\LibInc\src\librm_lib_1.2.a(stm32f4xx_hal_rcc.o)
                0x080054a0                HAL_RCC_ClockConfig
 .text.HAL_RCC_GetHCLKFreq
                0x080055f8        0xc C:\Users\brody.zhang\Desktop\tutorial\car_1.3\LibInc\src\librm_lib_1.2.a(stm32f4xx_hal_rcc.o)
                0x080055f8                HAL_RCC_GetHCLKFreq
 .text.HAL_RCC_GetPCLK1Freq
                0x08005604       0x20 C:\Users\brody.zhang\Desktop\tutorial\car_1.3\LibInc\src\librm_lib_1.2.a(stm32f4xx_hal_rcc.o)
                0x08005604                HAL_RCC_GetPCLK1Freq
 .text.HAL_RCC_GetPCLK2Freq
                0x08005624       0x20 C:\Users\brody.zhang\Desktop\tutorial\car_1.3\LibInc\src\librm_lib_1.2.a(stm32f4xx_hal_rcc.o)
                0x08005624                HAL_RCC_GetPCLK2Freq
 .text.HAL_RCC_GetClockConfig
                0x08005644       0x3c C:\Users\brody.zhang\Desktop\tutorial\car_1.3\LibInc\src\librm_lib_1.2.a(stm32f4xx_hal_rcc.o)
                0x08005644                HAL_RCC_GetClockConfig
 .text.vListInitialise
                0x08005680       0x16 C:\Users\brody.zhang\Desktop\tutorial\car_1.3\LibInc\src\librm_lib_1.2.a(list.o)
                0x08005680                vListInitialise
 .text.vListInitialiseItem
                0x08005696        0x6 C:\Users\brody.zhang\Desktop\tutorial\car_1.3\LibInc\src\librm_lib_1.2.a(list.o)
                0x08005696                vListInitialiseItem
 .text.vListInsertEnd
                0x0800569c       0x18 C:\Users\brody.zhang\Desktop\tutorial\car_1.3\LibInc\src\librm_lib_1.2.a(list.o)
                0x0800569c                vListInsertEnd
 .text.vListInsert
                0x080056b4       0x34 C:\Users\brody.zhang\Desktop\tutorial\car_1.3\LibInc\src\librm_lib_1.2.a(list.o)
                0x080056b4                vListInsert
 .text.uxListRemove
                0x080056e8       0x26 C:\Users\brody.zhang\Desktop\tutorial\car_1.3\LibInc\src\librm_lib_1.2.a(list.o)
                0x080056e8                uxListRemove
 *fill*         0x0800570e        0x2 
 .text.MX_DMA_Init
                0x08005710       0x58 C:\Users\brody.zhang\Desktop\tutorial\car_1.3\LibInc\src\librm_lib_1.2.a(dma.o)
                0x08005710                MX_DMA_Init
 .text.MX_GPIO_Init
                0x08005768       0xd8 C:\Users\brody.zhang\Desktop\tutorial\car_1.3\LibInc\src\librm_lib_1.2.a(gpio.o)
                0x08005768                MX_GPIO_Init
 .text.Get_CRC16_Check_Sum
                0x08005840       0x34 C:\Users\brody.zhang\Desktop\tutorial\car_1.3\LibInc\src\librm_lib_1.2.a(MF_CRC16.o)
                0x08005840                Get_CRC16_Check_Sum
 .text.Verify_CRC16_Check_Sum
                0x08005874       0x48 C:\Users\brody.zhang\Desktop\tutorial\car_1.3\LibInc\src\librm_lib_1.2.a(MF_CRC16.o)
                0x08005874                Verify_CRC16_Check_Sum
 .text.Append_CRC16_Check_Sum
                0x080058bc       0x2c C:\Users\brody.zhang\Desktop\tutorial\car_1.3\LibInc\src\librm_lib_1.2.a(MF_CRC16.o)
                0x080058bc                Append_CRC16_Check_Sum
 .text.Get_CRC8_Check_Sum
                0x080058e8       0x1c C:\Users\brody.zhang\Desktop\tutorial\car_1.3\LibInc\src\librm_lib_1.2.a(MF_CRC8.o)
                0x080058e8                Get_CRC8_Check_Sum
 .text.Verify_CRC8_Check_Sum
                0x08005904       0x28 C:\Users\brody.zhang\Desktop\tutorial\car_1.3\LibInc\src\librm_lib_1.2.a(MF_CRC8.o)
                0x08005904                Verify_CRC8_Check_Sum
 .text.Append_CRC8_Check_Sum
                0x0800592c       0x1a C:\Users\brody.zhang\Desktop\tutorial\car_1.3\LibInc\src\librm_lib_1.2.a(MF_CRC8.o)
                0x0800592c                Append_CRC8_Check_Sum
 .text.get_sector
                0x08005946      0x196 C:\Users\brody.zhang\Desktop\tutorial\car_1.3\LibInc\src\librm_lib_1.2.a(bsp_flash.o)
                0x08005946                get_sector
 .text.read_app_param
                0x08005adc        0xc C:\Users\brody.zhang\Desktop\tutorial\car_1.3\LibInc\src\librm_lib_1.2.a(bsp_flash.o)
                0x08005adc                read_app_param
 .text.bsp_flash_write
                0x08005ae8       0x5c C:\Users\brody.zhang\Desktop\tutorial\car_1.3\LibInc\src\librm_lib_1.2.a(bsp_flash.o)
                0x08005ae8                bsp_flash_write
 .text.FLASH_Program_DoubleWord
                0x08005b44       0x2c C:\Users\brody.zhang\Desktop\tutorial\car_1.3\LibInc\src\librm_lib_1.2.a(stm32f4xx_hal_flash.o)
 .text.FLASH_Program_Word
                0x08005b70       0x24 C:\Users\brody.zhang\Desktop\tutorial\car_1.3\LibInc\src\librm_lib_1.2.a(stm32f4xx_hal_flash.o)
 .text.FLASH_Program_HalfWord
                0x08005b94       0x24 C:\Users\brody.zhang\Desktop\tutorial\car_1.3\LibInc\src\librm_lib_1.2.a(stm32f4xx_hal_flash.o)
 .text.FLASH_Program_Byte
                0x08005bb8       0x20 C:\Users\brody.zhang\Desktop\tutorial\car_1.3\LibInc\src\librm_lib_1.2.a(stm32f4xx_hal_flash.o)
 .text.FLASH_SetErrorCode
                0x08005bd8       0xa8 C:\Users\brody.zhang\Desktop\tutorial\car_1.3\LibInc\src\librm_lib_1.2.a(stm32f4xx_hal_flash.o)
 .text.HAL_FLASH_Unlock
                0x08005c80       0x30 C:\Users\brody.zhang\Desktop\tutorial\car_1.3\LibInc\src\librm_lib_1.2.a(stm32f4xx_hal_flash.o)
                0x08005c80                HAL_FLASH_Unlock
 .text.HAL_FLASH_Lock
                0x08005cb0       0x14 C:\Users\brody.zhang\Desktop\tutorial\car_1.3\LibInc\src\librm_lib_1.2.a(stm32f4xx_hal_flash.o)
                0x08005cb0                HAL_FLASH_Lock
 .text.FLASH_WaitForLastOperation
                0x08005cc4       0x64 C:\Users\brody.zhang\Desktop\tutorial\car_1.3\LibInc\src\librm_lib_1.2.a(stm32f4xx_hal_flash.o)
                0x08005cc4                FLASH_WaitForLastOperation
 .text.HAL_FLASH_Program
                0x08005d28       0x84 C:\Users\brody.zhang\Desktop\tutorial\car_1.3\LibInc\src\librm_lib_1.2.a(stm32f4xx_hal_flash.o)
                0x08005d28                HAL_FLASH_Program
 .text.FLASH_MassErase
                0x08005dac       0x4c C:\Users\brody.zhang\Desktop\tutorial\car_1.3\LibInc\src\librm_lib_1.2.a(stm32f4xx_hal_flash_ex.o)
 .text.FLASH_Erase_Sector
                0x08005df8       0x58 C:\Users\brody.zhang\Desktop\tutorial\car_1.3\LibInc\src\librm_lib_1.2.a(stm32f4xx_hal_flash_ex.o)
                0x08005df8                FLASH_Erase_Sector
 .text.FLASH_FlushCaches
                0x08005e50       0x60 C:\Users\brody.zhang\Desktop\tutorial\car_1.3\LibInc\src\librm_lib_1.2.a(stm32f4xx_hal_flash_ex.o)
                0x08005e50                FLASH_FlushCaches
 .text.HAL_FLASHEx_Erase
                0x08005eb0       0x98 C:\Users\brody.zhang\Desktop\tutorial\car_1.3\LibInc\src\librm_lib_1.2.a(stm32f4xx_hal_flash_ex.o)
                0x08005eb0                HAL_FLASHEx_Erase
 .text.__libc_init_array
                0x08005f48       0x48 c:/ac6/systemworkbench/plugins/fr.ac6.mcu.externaltools.arm-none.win32_1.15.0.201708311556/tools/compiler/bin/../lib/gcc/arm-none-eabi/6.3.1/../../../../arm-none-eabi/lib/thumb/v7e-m/fpv4-sp/hard\libc_nano.a(lib_a-init.o)
                0x08005f48                __libc_init_array
 .text.memcpy   0x08005f90       0x16 c:/ac6/systemworkbench/plugins/fr.ac6.mcu.externaltools.arm-none.win32_1.15.0.201708311556/tools/compiler/bin/../lib/gcc/arm-none-eabi/6.3.1/../../../../arm-none-eabi/lib/thumb/v7e-m/fpv4-sp/hard\libc_nano.a(lib_a-memcpy-stub.o)
                0x08005f90                memcpy
 *(.glue_7)
 .glue_7        0x08005fa6        0x0 linker stubs
 *(.glue_7t)
 .glue_7t       0x08005fa6        0x0 linker stubs
 *(.eh_frame)
 *fill*         0x08005fa6        0x2 
 .eh_frame      0x08005fa8        0x0 c:/ac6/systemworkbench/plugins/fr.ac6.mcu.externaltools.arm-none.win32_1.15.0.201708311556/tools/compiler/bin/../lib/gcc/arm-none-eabi/6.3.1/thumb/v7e-m/fpv4-sp/hard/crtbegin.o
 *(.init)
 .init          0x08005fa8        0x4 c:/ac6/systemworkbench/plugins/fr.ac6.mcu.externaltools.arm-none.win32_1.15.0.201708311556/tools/compiler/bin/../lib/gcc/arm-none-eabi/6.3.1/thumb/v7e-m/fpv4-sp/hard/crti.o
                0x08005fa8                _init
 .init          0x08005fac        0x8 c:/ac6/systemworkbench/plugins/fr.ac6.mcu.externaltools.arm-none.win32_1.15.0.201708311556/tools/compiler/bin/../lib/gcc/arm-none-eabi/6.3.1/thumb/v7e-m/fpv4-sp/hard/crtn.o
 *(.fini)
 .fini          0x08005fb4        0x4 c:/ac6/systemworkbench/plugins/fr.ac6.mcu.externaltools.arm-none.win32_1.15.0.201708311556/tools/compiler/bin/../lib/gcc/arm-none-eabi/6.3.1/thumb/v7e-m/fpv4-sp/hard/crti.o
                0x08005fb4                _fini
 .fini          0x08005fb8        0x8 c:/ac6/systemworkbench/plugins/fr.ac6.mcu.externaltools.arm-none.win32_1.15.0.201708311556/tools/compiler/bin/../lib/gcc/arm-none-eabi/6.3.1/thumb/v7e-m/fpv4-sp/hard/crtn.o
                0x08005fc0                . = ALIGN (0x4)
                0x08005fc0                _etext = .

.vfp11_veneer   0x08005fc0        0x0
 .vfp11_veneer  0x08005fc0        0x0 linker stubs

.v4_bx          0x08005fc0        0x0
 .v4_bx         0x08005fc0        0x0 linker stubs

.iplt           0x08005fc0        0x0
 .iplt          0x08005fc0        0x0 c:/ac6/systemworkbench/plugins/fr.ac6.mcu.externaltools.arm-none.win32_1.15.0.201708311556/tools/compiler/bin/../lib/gcc/arm-none-eabi/6.3.1/thumb/v7e-m/fpv4-sp/hard/crtbegin.o

.rodata         0x08005fc0      0x3e4
                0x08005fc0                . = ALIGN (0x4)
 *(.rodata)
 .rodata        0x08005fc0       0x28 User/src/sys/lib_system.o
 .rodata        0x08005fe8        0x8 C:\Users\brody.zhang\Desktop\tutorial\car_1.3\LibInc\src\librm_lib_1.2.a(stm32f4xx_hal_dma.o)
 .rodata        0x08005ff0       0x28 C:\Users\brody.zhang\Desktop\tutorial\car_1.3\LibInc\src\librm_lib_1.2.a(freertos.o)
 .rodata        0x08006018       0x18 C:\Users\brody.zhang\Desktop\tutorial\car_1.3\LibInc\src\librm_lib_1.2.a(system_stm32f4xx.o)
                0x08006018                AHBPrescTable
                0x08006028                APBPrescTable
 .rodata        0x08006030      0x200 C:\Users\brody.zhang\Desktop\tutorial\car_1.3\LibInc\src\librm_lib_1.2.a(MF_CRC16.o)
                0x08006030                wCRC_Table
 .rodata        0x08006230      0x101 C:\Users\brody.zhang\Desktop\tutorial\car_1.3\LibInc\src\librm_lib_1.2.a(MF_CRC8.o)
                0x08006230                CRC8_TAB
                0x08006330                CRC8_INIT
 *(.rodata*)
 *fill*         0x08006331        0x3 
 .rodata.str1.4
                0x08006334       0x10 User/src/sys/lib_system.o
 .rodata.str1.4
                0x08006344        0x5 C:\Users\brody.zhang\Desktop\tutorial\car_1.3\LibInc\src\librm_lib_1.2.a(tasks.o)
 *fill*         0x08006349        0x3 
 .rodata.str1.4
                0x0800634c        0xd C:\Users\brody.zhang\Desktop\tutorial\car_1.3\LibInc\src\librm_lib_1.2.a(can.o)
 *fill*         0x08006359        0x3 
 .rodata.str1.4
                0x0800635c       0x18 C:\Users\brody.zhang\Desktop\tutorial\car_1.3\LibInc\src\librm_lib_1.2.a(freertos.o)
 .rodata.str1.4
                0x08006374        0xe C:\Users\brody.zhang\Desktop\tutorial\car_1.3\LibInc\src\librm_lib_1.2.a(main.o)
 *fill*         0x08006382        0x2 
 .rodata.str1.4
                0x08006384        0xd C:\Users\brody.zhang\Desktop\tutorial\car_1.3\LibInc\src\librm_lib_1.2.a(tim.o)
 *fill*         0x08006391        0x3 
 .rodata.str1.4
                0x08006394       0x10 C:\Users\brody.zhang\Desktop\tutorial\car_1.3\LibInc\src\librm_lib_1.2.a(usart.o)
                                  0xf (size before relaxing)
                0x080063a4                . = ALIGN (0x4)

.ARM.extab
 *(.ARM.extab* .gnu.linkonce.armextab.*)

.ARM            0x080063a4        0x8
                0x080063a4                __exidx_start = .
 *(.ARM.exidx*)
 .ARM.exidx     0x080063a4        0x8 c:/ac6/systemworkbench/plugins/fr.ac6.mcu.externaltools.arm-none.win32_1.15.0.201708311556/tools/compiler/bin/../lib/gcc/arm-none-eabi/6.3.1/thumb/v7e-m/fpv4-sp/hard\libgcc.a(_udivmoddi4.o)
                0x080063ac                __exidx_end = .

.rel.dyn        0x080063ac        0x0
 .rel.iplt      0x080063ac        0x0 c:/ac6/systemworkbench/plugins/fr.ac6.mcu.externaltools.arm-none.win32_1.15.0.201708311556/tools/compiler/bin/../lib/gcc/arm-none-eabi/6.3.1/thumb/v7e-m/fpv4-sp/hard/crtbegin.o

.preinit_array  0x080063ac        0x0
                0x080063ac                PROVIDE (__preinit_array_start, .)
 *(.preinit_array*)
                0x080063ac                PROVIDE (__preinit_array_end, .)

.init_array     0x080063ac        0x4
                0x080063ac                PROVIDE (__init_array_start, .)
 *(SORT(.init_array.*))
 *(.init_array*)
 .init_array    0x080063ac        0x4 c:/ac6/systemworkbench/plugins/fr.ac6.mcu.externaltools.arm-none.win32_1.15.0.201708311556/tools/compiler/bin/../lib/gcc/arm-none-eabi/6.3.1/thumb/v7e-m/fpv4-sp/hard/crtbegin.o
                0x080063b0                PROVIDE (__init_array_end, .)

.fini_array     0x080063b0        0x4
                [!provide]                PROVIDE (__fini_array_start, .)
 *(SORT(.fini_array.*))
 *(.fini_array*)
 .fini_array    0x080063b0        0x4 c:/ac6/systemworkbench/plugins/fr.ac6.mcu.externaltools.arm-none.win32_1.15.0.201708311556/tools/compiler/bin/../lib/gcc/arm-none-eabi/6.3.1/thumb/v7e-m/fpv4-sp/hard/crtbegin.o
                [!provide]                PROVIDE (__fini_array_end, .)
                0x080063b4                _sidata = LOADADDR (.data)

.data           0x20000000       0x14 load address 0x080063b4
                0x20000000                . = ALIGN (0x4)
                0x20000000                _sdata = .
 *(.data)
 .data          0x20000000        0x4 C:\Users\brody.zhang\Desktop\tutorial\car_1.3\LibInc\src\librm_lib_1.2.a(port.o)
 .data          0x20000004        0x4 C:\Users\brody.zhang\Desktop\tutorial\car_1.3\LibInc\src\librm_lib_1.2.a(system_stm32f4xx.o)
                0x20000004                SystemCoreClock
 .data          0x20000008        0x8 C:\Users\brody.zhang\Desktop\tutorial\car_1.3\LibInc\src\librm_lib_1.2.a(stm32f4xx_hal.o)
                0x20000008                uwTickFreq
                0x2000000c                uwTickPrio
 .data          0x20000010        0x2 C:\Users\brody.zhang\Desktop\tutorial\car_1.3\LibInc\src\librm_lib_1.2.a(MF_CRC16.o)
                0x20000010                CRC_INIT
 *(.data*)
                0x20000014                . = ALIGN (0x4)
 *fill*         0x20000012        0x2 
                0x20000014                _edata = .
                0x080063c8                _siccmram = LOADADDR (.ccmram)

.jcr            0x20000014        0x0 load address 0x080063c8
 .jcr           0x20000014        0x0 c:/ac6/systemworkbench/plugins/fr.ac6.mcu.externaltools.arm-none.win32_1.15.0.201708311556/tools/compiler/bin/../lib/gcc/arm-none-eabi/6.3.1/thumb/v7e-m/fpv4-sp/hard/crtbegin.o

.igot.plt       0x20000014        0x0 load address 0x080063c8
 .igot.plt      0x20000014        0x0 c:/ac6/systemworkbench/plugins/fr.ac6.mcu.externaltools.arm-none.win32_1.15.0.201708311556/tools/compiler/bin/../lib/gcc/arm-none-eabi/6.3.1/thumb/v7e-m/fpv4-sp/hard/crtbegin.o

.ccmram         0x10000000        0x0 load address 0x080063c8
                0x10000000                . = ALIGN (0x4)
                0x10000000                _sccmram = .
 *(.ccmram)
 *(.ccmram*)
                0x10000000                . = ALIGN (0x4)
                0x10000000                _eccmram = .
                0x10000000                . = ALIGN (0x4)

.bss            0x20000014     0xcd18
                0x20000014                _sbss = .
                0x20000014                __bss_start__ = _sbss
 *(.bss)
 .bss           0x20000014       0x1c c:/ac6/systemworkbench/plugins/fr.ac6.mcu.externaltools.arm-none.win32_1.15.0.201708311556/tools/compiler/bin/../lib/gcc/arm-none-eabi/6.3.1/thumb/v7e-m/fpv4-sp/hard/crtbegin.o
 .bss           0x20000030       0x18 User/src/dev/uart.o
 .bss           0x20000048      0x12c C:\Users\brody.zhang\Desktop\tutorial\car_1.3\LibInc\src\librm_lib_1.2.a(tasks.o)
                0x20000148                pxCurrentTCB
 .bss           0x20000174        0x8 C:\Users\brody.zhang\Desktop\tutorial\car_1.3\LibInc\src\librm_lib_1.2.a(port.o)
 .bss           0x2000017c     0x3c18 C:\Users\brody.zhang\Desktop\tutorial\car_1.3\LibInc\src\librm_lib_1.2.a(heap_4.o)
 .bss           0x20003d94       0x48 C:\Users\brody.zhang\Desktop\tutorial\car_1.3\LibInc\src\librm_lib_1.2.a(bsp_can.o)
 .bss           0x20003ddc      0x64e C:\Users\brody.zhang\Desktop\tutorial\car_1.3\LibInc\src\librm_lib_1.2.a(protocol_parser.o)
                0x20003f6c                pc_tx_buf
 *(.bss*)
 *(COMMON)
 *fill*         0x2000442a        0x2 
 COMMON         0x2000442c       0x61 User/src/dev/gyroscope.o
                0x2000442c                gyro_val
                0x2000448c                gyro_id
 *fill*         0x2000448d        0x3 
 COMMON         0x20004490        0x9 User/src/dev/hall.o
                0x20004490                hall_val
                0x20004498                hall_id
 *fill*         0x20004499        0x3 
 COMMON         0x2000449c       0x11 User/src/dev/infrared.o
                0x2000449c                infrared_val
                0x200044ac                infrared_id
 *fill*         0x200044ad        0x3 
 COMMON         0x200044b0        0xc User/src/dev/key.o
                0x200044b0                key_id
                0x200044b4                key_val
 COMMON         0x200044bc       0x34 User/src/dev/motor.o
                0x200044bc                motor_id
                0x200044c0                motor_val
 COMMON         0x200044f0        0xc User/src/dev/potentiometer.o
                0x200044f0                poten_id
                0x200044f4                poten_val
 COMMON         0x200044fc        0x9 User/src/dev/sonic.o
                0x200044fc                sonic_val
                0x20004504                sonic_id
 *fill*         0x20004505        0x3 
 COMMON         0x20004508       0x11 User/src/dev/stick.o
                0x20004508                stick_val
                0x20004518                stick_id
 *fill*         0x20004519        0x3 
 COMMON         0x2000451c       0x14 User/src/dev/uart.o
                0x2000451c                my_rc
 COMMON         0x20004530       0x41 User/src/dev/wireless.o
                0x20004530                wireless_val
                0x20004570                wireless_id
 *fill*         0x20004571        0x3 
 COMMON         0x20004574       0x28 C:\Users\brody.zhang\Desktop\tutorial\car_1.3\LibInc\src\librm_lib_1.2.a(can.o)
                0x20004574                hcan1
 COMMON         0x2000459c       0x1c C:\Users\brody.zhang\Desktop\tutorial\car_1.3\LibInc\src\librm_lib_1.2.a(freertos.o)
                0x2000459c                unpack_tast_t
                0x200045a0                task1_t
                0x200045a4                defaultTaskHandle
                0x200045a8                task3_t
                0x200045ac                task2_t
                0x200045b0                task4_t
                0x200045b4                task5_t
 COMMON         0x200045b8       0x3c C:\Users\brody.zhang\Desktop\tutorial\car_1.3\LibInc\src\librm_lib_1.2.a(stm32f4xx_hal_timebase_TIM.o)
                0x200045b8                htim2
 COMMON         0x200045f4       0x3c C:\Users\brody.zhang\Desktop\tutorial\car_1.3\LibInc\src\librm_lib_1.2.a(tim.o)
                0x200045f4                htim1
 COMMON         0x20004630      0x240 C:\Users\brody.zhang\Desktop\tutorial\car_1.3\LibInc\src\librm_lib_1.2.a(usart.o)
                0x20004630                huart7
                0x20004670                hdma_usart3_rx
                0x200046d0                huart3
                0x20004710                huart5
                0x20004750                hdma_usart1_rx
                0x200047b0                huart1
                0x200047f0                huart6
                0x20004830                huart4
 COMMON         0x20004870        0x4 C:\Users\brody.zhang\Desktop\tutorial\car_1.3\LibInc\src\librm_lib_1.2.a(bsp_can.o)
                0x20004870                can_callback
 COMMON         0x20004874      0x408 C:\Users\brody.zhang\Desktop\tutorial\car_1.3\LibInc\src\librm_lib_1.2.a(bsp_usart.o)
                0x20004874                uart5_rec
                0x20004875                uart6_rec
                0x20004878                uart1_callback
                0x2000487c                uart4_rec
                0x2000487d                uart7_rec
                0x20004880                dbus_buf
                0x20004894                dma_rx_buff
 COMMON         0x20004c7c     0x7c44 C:\Users\brody.zhang\Desktop\tutorial\car_1.3\LibInc\src\librm_lib_1.2.a(can_protocol.o)
                0x20004c7c                can_rx_fifo
                0x200051bc                gCanUnpackObj
                0x2000acbc                can_unpack_invalid_cnt
                0x2000acc0                can_rx_buffer
 COMMON         0x2000c8c0      0x444 C:\Users\brody.zhang\Desktop\tutorial\car_1.3\LibInc\src\librm_lib_1.2.a(protocol_parser.o)
                0x2000c8c0                uart_rx_fifo
                0x2000c8d8                glb_module_info
                0x2000c910                uart_rx_buffer
                0x2000ccf8                theader_ptr_test
 COMMON         0x2000cd04        0x4 C:\Users\brody.zhang\Desktop\tutorial\car_1.3\LibInc\src\librm_lib_1.2.a(stm32f4xx_hal.o)
                0x2000cd04                uwTick
 COMMON         0x2000cd08        0x4 C:\Users\brody.zhang\Desktop\tutorial\car_1.3\LibInc\src\librm_lib_1.2.a(bsp_flash.o)
                0x2000cd08                SectorError
 COMMON         0x2000cd0c       0x20 C:\Users\brody.zhang\Desktop\tutorial\car_1.3\LibInc\src\librm_lib_1.2.a(stm32f4xx_hal_flash.o)
                0x2000cd0c                pFlash
                0x2000cd2c                . = ALIGN (0x4)
                0x2000cd2c                _ebss = .
                0x2000cd2c                __bss_end__ = _ebss

._user_heap_stack
                0x2000cd2c      0x604
                0x2000cd30                . = ALIGN (0x8)
 *fill*         0x2000cd2c        0x4 
                0x2000cd30                PROVIDE (end, .)
                [!provide]                PROVIDE (_end, .)
                0x2000cf30                . = (. + _Min_Heap_Size)
 *fill*         0x2000cd30      0x200 
                0x2000d330                . = (. + _Min_Stack_Size)
 *fill*         0x2000cf30      0x400 
                0x2000d330                . = ALIGN (0x8)

/DISCARD/
 libc.a(*)
 libm.a(*)
 libgcc.a(*)

.ARM.attributes
                0x00000000       0x30
 *(.ARM.attributes)
 .ARM.attributes
                0x00000000       0x22 c:/ac6/systemworkbench/plugins/fr.ac6.mcu.externaltools.arm-none.win32_1.15.0.201708311556/tools/compiler/bin/../lib/gcc/arm-none-eabi/6.3.1/thumb/v7e-m/fpv4-sp/hard/crti.o
 .ARM.attributes
                0x00000022       0x34 c:/ac6/systemworkbench/plugins/fr.ac6.mcu.externaltools.arm-none.win32_1.15.0.201708311556/tools/compiler/bin/../lib/gcc/arm-none-eabi/6.3.1/thumb/v7e-m/fpv4-sp/hard/crtbegin.o
 .ARM.attributes
                0x00000056       0x21 LibInc/src/startup_stm32f427xx.o
 .ARM.attributes
                0x00000077       0x39 LibInc/src/stm32f4xx_it.o
 .ARM.attributes
                0x000000b0       0x39 User/src/dev/dbus.o
 .ARM.attributes
                0x000000e9       0x39 User/src/dev/gyroscope.o
 .ARM.attributes
                0x00000122       0x39 User/src/dev/hall.o
 .ARM.attributes
                0x0000015b       0x39 User/src/dev/infrared.o
 .ARM.attributes
                0x00000194       0x39 User/src/dev/key.o
 .ARM.attributes
                0x000001cd       0x39 User/src/dev/motor.o
 .ARM.attributes
                0x00000206       0x39 User/src/dev/potentiometer.o
 .ARM.attributes
                0x0000023f       0x39 User/src/dev/sonic.o
 .ARM.attributes
                0x00000278       0x39 User/src/dev/stick.o
 .ARM.attributes
                0x000002b1       0x39 User/src/dev/uart.o
 .ARM.attributes
                0x000002ea       0x39 User/src/dev/wireless.o
 .ARM.attributes
                0x00000323       0x39 User/src/sys/class_task.o
 .ARM.attributes
                0x0000035c       0x39 User/src/sys/lib_system.o
 .ARM.attributes
                0x00000395       0x39 C:\Users\brody.zhang\Desktop\tutorial\car_1.3\LibInc\src\librm_lib_1.2.a(stm32f4xx_hal_can.o)
 .ARM.attributes
                0x000003ce       0x39 C:\Users\brody.zhang\Desktop\tutorial\car_1.3\LibInc\src\librm_lib_1.2.a(stm32f4xx_hal_dma.o)
 .ARM.attributes
                0x00000407       0x39 C:\Users\brody.zhang\Desktop\tutorial\car_1.3\LibInc\src\librm_lib_1.2.a(stm32f4xx_hal_tim.o)
 .ARM.attributes
                0x00000440       0x39 C:\Users\brody.zhang\Desktop\tutorial\car_1.3\LibInc\src\librm_lib_1.2.a(stm32f4xx_hal_tim_ex.o)
 .ARM.attributes
                0x00000479       0x39 C:\Users\brody.zhang\Desktop\tutorial\car_1.3\LibInc\src\librm_lib_1.2.a(stm32f4xx_hal_uart.o)
 .ARM.attributes
                0x000004b2       0x39 C:\Users\brody.zhang\Desktop\tutorial\car_1.3\LibInc\src\librm_lib_1.2.a(cmsis_os.o)
 .ARM.attributes
                0x000004eb       0x39 C:\Users\brody.zhang\Desktop\tutorial\car_1.3\LibInc\src\librm_lib_1.2.a(tasks.o)
 .ARM.attributes
                0x00000524       0x39 C:\Users\brody.zhang\Desktop\tutorial\car_1.3\LibInc\src\librm_lib_1.2.a(port.o)
 .ARM.attributes
                0x0000055d       0x39 C:\Users\brody.zhang\Desktop\tutorial\car_1.3\LibInc\src\librm_lib_1.2.a(heap_4.o)
 .ARM.attributes
                0x00000596       0x39 C:\Users\brody.zhang\Desktop\tutorial\car_1.3\LibInc\src\librm_lib_1.2.a(can.o)
 .ARM.attributes
                0x000005cf       0x39 C:\Users\brody.zhang\Desktop\tutorial\car_1.3\LibInc\src\librm_lib_1.2.a(freertos.o)
 .ARM.attributes
                0x00000608       0x39 C:\Users\brody.zhang\Desktop\tutorial\car_1.3\LibInc\src\librm_lib_1.2.a(main.o)
 .ARM.attributes
                0x00000641       0x39 C:\Users\brody.zhang\Desktop\tutorial\car_1.3\LibInc\src\librm_lib_1.2.a(stm32f4xx_hal_timebase_TIM.o)
 .ARM.attributes
                0x0000067a       0x39 C:\Users\brody.zhang\Desktop\tutorial\car_1.3\LibInc\src\librm_lib_1.2.a(system_stm32f4xx.o)
 .ARM.attributes
                0x000006b3       0x39 C:\Users\brody.zhang\Desktop\tutorial\car_1.3\LibInc\src\librm_lib_1.2.a(tim.o)
 .ARM.attributes
                0x000006ec       0x39 C:\Users\brody.zhang\Desktop\tutorial\car_1.3\LibInc\src\librm_lib_1.2.a(usart.o)
 .ARM.attributes
                0x00000725       0x39 C:\Users\brody.zhang\Desktop\tutorial\car_1.3\LibInc\src\librm_lib_1.2.a(bsp_can.o)
 .ARM.attributes
                0x0000075e       0x39 C:\Users\brody.zhang\Desktop\tutorial\car_1.3\LibInc\src\librm_lib_1.2.a(bsp_led.o)
 .ARM.attributes
                0x00000797       0x39 C:\Users\brody.zhang\Desktop\tutorial\car_1.3\LibInc\src\librm_lib_1.2.a(bsp_usart.o)
 .ARM.attributes
                0x000007d0       0x39 C:\Users\brody.zhang\Desktop\tutorial\car_1.3\LibInc\src\librm_lib_1.2.a(can_protocol.o)
 .ARM.attributes
                0x00000809       0x39 C:\Users\brody.zhang\Desktop\tutorial\car_1.3\LibInc\src\librm_lib_1.2.a(fifo.o)
 .ARM.attributes
                0x00000842       0x39 C:\Users\brody.zhang\Desktop\tutorial\car_1.3\LibInc\src\librm_lib_1.2.a(protocol_parser.o)
 .ARM.attributes
                0x0000087b       0x39 C:\Users\brody.zhang\Desktop\tutorial\car_1.3\LibInc\src\librm_lib_1.2.a(startup.o)
 .ARM.attributes
                0x000008b4       0x39 C:\Users\brody.zhang\Desktop\tutorial\car_1.3\LibInc\src\librm_lib_1.2.a(tutorial_lib.o)
 .ARM.attributes
                0x000008ed       0x39 C:\Users\brody.zhang\Desktop\tutorial\car_1.3\LibInc\src\librm_lib_1.2.a(stm32f4xx_hal.o)
 .ARM.attributes
                0x00000926       0x39 C:\Users\brody.zhang\Desktop\tutorial\car_1.3\LibInc\src\librm_lib_1.2.a(stm32f4xx_hal_cortex.o)
 .ARM.attributes
                0x0000095f       0x39 C:\Users\brody.zhang\Desktop\tutorial\car_1.3\LibInc\src\librm_lib_1.2.a(stm32f4xx_hal_gpio.o)
 .ARM.attributes
                0x00000998       0x39 C:\Users\brody.zhang\Desktop\tutorial\car_1.3\LibInc\src\librm_lib_1.2.a(stm32f4xx_hal_pwr_ex.o)
 .ARM.attributes
                0x000009d1       0x39 C:\Users\brody.zhang\Desktop\tutorial\car_1.3\LibInc\src\librm_lib_1.2.a(stm32f4xx_hal_rcc.o)
 .ARM.attributes
                0x00000a0a       0x39 C:\Users\brody.zhang\Desktop\tutorial\car_1.3\LibInc\src\librm_lib_1.2.a(list.o)
 .ARM.attributes
                0x00000a43       0x39 C:\Users\brody.zhang\Desktop\tutorial\car_1.3\LibInc\src\librm_lib_1.2.a(dma.o)
 .ARM.attributes
                0x00000a7c       0x39 C:\Users\brody.zhang\Desktop\tutorial\car_1.3\LibInc\src\librm_lib_1.2.a(gpio.o)
 .ARM.attributes
                0x00000ab5       0x39 C:\Users\brody.zhang\Desktop\tutorial\car_1.3\LibInc\src\librm_lib_1.2.a(MF_CRC16.o)
 .ARM.attributes
                0x00000aee       0x39 C:\Users\brody.zhang\Desktop\tutorial\car_1.3\LibInc\src\librm_lib_1.2.a(MF_CRC8.o)
 .ARM.attributes
                0x00000b27       0x39 C:\Users\brody.zhang\Desktop\tutorial\car_1.3\LibInc\src\librm_lib_1.2.a(bsp_flash.o)
 .ARM.attributes
                0x00000b60       0x39 C:\Users\brody.zhang\Desktop\tutorial\car_1.3\LibInc\src\librm_lib_1.2.a(stm32f4xx_hal_flash.o)
 .ARM.attributes
                0x00000b99       0x39 C:\Users\brody.zhang\Desktop\tutorial\car_1.3\LibInc\src\librm_lib_1.2.a(stm32f4xx_hal_flash_ex.o)
 .ARM.attributes
                0x00000bd2       0x22 c:/ac6/systemworkbench/plugins/fr.ac6.mcu.externaltools.arm-none.win32_1.15.0.201708311556/tools/compiler/bin/../lib/gcc/arm-none-eabi/6.3.1/thumb/v7e-m/fpv4-sp/hard\libgcc.a(_aeabi_uldivmod.o)
 .ARM.attributes
                0x00000bf4       0x34 c:/ac6/systemworkbench/plugins/fr.ac6.mcu.externaltools.arm-none.win32_1.15.0.201708311556/tools/compiler/bin/../lib/gcc/arm-none-eabi/6.3.1/thumb/v7e-m/fpv4-sp/hard\libgcc.a(_udivmoddi4.o)
 .ARM.attributes
                0x00000c28       0x22 c:/ac6/systemworkbench/plugins/fr.ac6.mcu.externaltools.arm-none.win32_1.15.0.201708311556/tools/compiler/bin/../lib/gcc/arm-none-eabi/6.3.1/thumb/v7e-m/fpv4-sp/hard\libgcc.a(_dvmd_tls.o)
 .ARM.attributes
                0x00000c4a       0x34 c:/ac6/systemworkbench/plugins/fr.ac6.mcu.externaltools.arm-none.win32_1.15.0.201708311556/tools/compiler/bin/../lib/gcc/arm-none-eabi/6.3.1/../../../../arm-none-eabi/lib/thumb/v7e-m/fpv4-sp/hard\libc_nano.a(lib_a-init.o)
 .ARM.attributes
                0x00000c7e       0x34 c:/ac6/systemworkbench/plugins/fr.ac6.mcu.externaltools.arm-none.win32_1.15.0.201708311556/tools/compiler/bin/../lib/gcc/arm-none-eabi/6.3.1/../../../../arm-none-eabi/lib/thumb/v7e-m/fpv4-sp/hard\libc_nano.a(lib_a-memcpy-stub.o)
 .ARM.attributes
                0x00000cb2       0x22 c:/ac6/systemworkbench/plugins/fr.ac6.mcu.externaltools.arm-none.win32_1.15.0.201708311556/tools/compiler/bin/../lib/gcc/arm-none-eabi/6.3.1/thumb/v7e-m/fpv4-sp/hard/crtn.o
OUTPUT(test.elf elf32-littlearm)

.debug_line     0x00000000    0x1ff7a
 .debug_line    0x00000000       0x82 LibInc/src/startup_stm32f427xx.o
 .debug_line    0x00000082      0x9ee LibInc/src/stm32f4xx_it.o
 .debug_line    0x00000a70      0x86c User/src/dev/dbus.o
 .debug_line    0x000012dc      0x842 User/src/dev/gyroscope.o
 .debug_line    0x00001b1e      0x838 User/src/dev/hall.o
 .debug_line    0x00002356      0x83c User/src/dev/infrared.o
 .debug_line    0x00002b92      0x837 User/src/dev/key.o
 .debug_line    0x000033c9      0x838 User/src/dev/motor.o
 .debug_line    0x00003c01      0x841 User/src/dev/potentiometer.o
 .debug_line    0x00004442      0x839 User/src/dev/sonic.o
 .debug_line    0x00004c7b      0x839 User/src/dev/stick.o
 .debug_line    0x000054b4      0x8b5 User/src/dev/uart.o
 .debug_line    0x00005d69      0x88f User/src/dev/wireless.o
 .debug_line    0x000065f8      0x884 User/src/sys/class_task.o
 .debug_line    0x00006e7c      0x8ff User/src/sys/lib_system.o
 .debug_line    0x0000777b      0xdb5 C:\Users\brody.zhang\Desktop\tutorial\car_1.3\LibInc\src\librm_lib_1.2.a(stm32f4xx_hal_can.o)
 .debug_line    0x00008530      0xb84 C:\Users\brody.zhang\Desktop\tutorial\car_1.3\LibInc\src\librm_lib_1.2.a(stm32f4xx_hal_dma.o)
 .debug_line    0x000090b4     0x1990 C:\Users\brody.zhang\Desktop\tutorial\car_1.3\LibInc\src\librm_lib_1.2.a(stm32f4xx_hal_tim.o)
 .debug_line    0x0000aa44      0xe1b C:\Users\brody.zhang\Desktop\tutorial\car_1.3\LibInc\src\librm_lib_1.2.a(stm32f4xx_hal_tim_ex.o)
 .debug_line    0x0000b85f     0x1169 C:\Users\brody.zhang\Desktop\tutorial\car_1.3\LibInc\src\librm_lib_1.2.a(stm32f4xx_hal_uart.o)
 .debug_line    0x0000c9c8      0xc32 C:\Users\brody.zhang\Desktop\tutorial\car_1.3\LibInc\src\librm_lib_1.2.a(cmsis_os.o)
 .debug_line    0x0000d5fa      0xe3b C:\Users\brody.zhang\Desktop\tutorial\car_1.3\LibInc\src\librm_lib_1.2.a(tasks.o)
 .debug_line    0x0000e435      0x64c C:\Users\brody.zhang\Desktop\tutorial\car_1.3\LibInc\src\librm_lib_1.2.a(port.o)
 .debug_line    0x0000ea81      0x67d C:\Users\brody.zhang\Desktop\tutorial\car_1.3\LibInc\src\librm_lib_1.2.a(heap_4.o)
 .debug_line    0x0000f0fe      0x8a3 C:\Users\brody.zhang\Desktop\tutorial\car_1.3\LibInc\src\librm_lib_1.2.a(can.o)
 .debug_line    0x0000f9a1      0xcc8 C:\Users\brody.zhang\Desktop\tutorial\car_1.3\LibInc\src\librm_lib_1.2.a(freertos.o)
 .debug_line    0x00010669      0xcd7 C:\Users\brody.zhang\Desktop\tutorial\car_1.3\LibInc\src\librm_lib_1.2.a(main.o)
 .debug_line    0x00011340      0x897 C:\Users\brody.zhang\Desktop\tutorial\car_1.3\LibInc\src\librm_lib_1.2.a(stm32f4xx_hal_timebase_TIM.o)
 .debug_line    0x00011bd7      0x88f C:\Users\brody.zhang\Desktop\tutorial\car_1.3\LibInc\src\librm_lib_1.2.a(system_stm32f4xx.o)
 .debug_line    0x00012466      0x894 C:\Users\brody.zhang\Desktop\tutorial\car_1.3\LibInc\src\librm_lib_1.2.a(tim.o)
 .debug_line    0x00012cfa      0x9cf C:\Users\brody.zhang\Desktop\tutorial\car_1.3\LibInc\src\librm_lib_1.2.a(usart.o)
 .debug_line    0x000136c9      0xba1 C:\Users\brody.zhang\Desktop\tutorial\car_1.3\LibInc\src\librm_lib_1.2.a(bsp_can.o)
 .debug_line    0x0001426a      0x922 C:\Users\brody.zhang\Desktop\tutorial\car_1.3\LibInc\src\librm_lib_1.2.a(bsp_led.o)
 .debug_line    0x00014b8c      0xc99 C:\Users\brody.zhang\Desktop\tutorial\car_1.3\LibInc\src\librm_lib_1.2.a(bsp_usart.o)
 .debug_line    0x00015825      0xa61 C:\Users\brody.zhang\Desktop\tutorial\car_1.3\LibInc\src\librm_lib_1.2.a(can_protocol.o)
 .debug_line    0x00016286      0xd5c C:\Users\brody.zhang\Desktop\tutorial\car_1.3\LibInc\src\librm_lib_1.2.a(fifo.o)
 .debug_line    0x00016fe2      0xd84 C:\Users\brody.zhang\Desktop\tutorial\car_1.3\LibInc\src\librm_lib_1.2.a(protocol_parser.o)
 .debug_line    0x00017d66      0xbec C:\Users\brody.zhang\Desktop\tutorial\car_1.3\LibInc\src\librm_lib_1.2.a(startup.o)
 .debug_line    0x00018952      0xbae C:\Users\brody.zhang\Desktop\tutorial\car_1.3\LibInc\src\librm_lib_1.2.a(tutorial_lib.o)
 .debug_line    0x00019500      0xa61 C:\Users\brody.zhang\Desktop\tutorial\car_1.3\LibInc\src\librm_lib_1.2.a(stm32f4xx_hal.o)
 .debug_line    0x00019f61      0xa7b C:\Users\brody.zhang\Desktop\tutorial\car_1.3\LibInc\src\librm_lib_1.2.a(stm32f4xx_hal_cortex.o)
 .debug_line    0x0001a9dc      0xa05 C:\Users\brody.zhang\Desktop\tutorial\car_1.3\LibInc\src\librm_lib_1.2.a(stm32f4xx_hal_gpio.o)
 .debug_line    0x0001b3e1      0x963 C:\Users\brody.zhang\Desktop\tutorial\car_1.3\LibInc\src\librm_lib_1.2.a(stm32f4xx_hal_pwr_ex.o)
 .debug_line    0x0001bd44      0xac9 C:\Users\brody.zhang\Desktop\tutorial\car_1.3\LibInc\src\librm_lib_1.2.a(stm32f4xx_hal_rcc.o)
 .debug_line    0x0001c80d      0x5cb C:\Users\brody.zhang\Desktop\tutorial\car_1.3\LibInc\src\librm_lib_1.2.a(list.o)
 .debug_line    0x0001cdd8      0x85f C:\Users\brody.zhang\Desktop\tutorial\car_1.3\LibInc\src\librm_lib_1.2.a(dma.o)
 .debug_line    0x0001d637      0x869 C:\Users\brody.zhang\Desktop\tutorial\car_1.3\LibInc\src\librm_lib_1.2.a(gpio.o)
 .debug_line    0x0001dea0       0xf7 C:\Users\brody.zhang\Desktop\tutorial\car_1.3\LibInc\src\librm_lib_1.2.a(MF_CRC16.o)
 .debug_line    0x0001df97       0xeb C:\Users\brody.zhang\Desktop\tutorial\car_1.3\LibInc\src\librm_lib_1.2.a(MF_CRC8.o)
 .debug_line    0x0001e082      0x92a C:\Users\brody.zhang\Desktop\tutorial\car_1.3\LibInc\src\librm_lib_1.2.a(bsp_flash.o)
 .debug_line    0x0001e9ac      0xa61 C:\Users\brody.zhang\Desktop\tutorial\car_1.3\LibInc\src\librm_lib_1.2.a(stm32f4xx_hal_flash.o)
 .debug_line    0x0001f40d      0xb6d C:\Users\brody.zhang\Desktop\tutorial\car_1.3\LibInc\src\librm_lib_1.2.a(stm32f4xx_hal_flash_ex.o)

.debug_info     0x00000000    0x39c7d
 .debug_info    0x00000000       0x7c LibInc/src/startup_stm32f427xx.o
 .debug_info    0x0000007c     0x1646 LibInc/src/stm32f4xx_it.o
 .debug_info    0x000016c2      0xb85 User/src/dev/dbus.o
 .debug_info    0x00002247      0xa1d User/src/dev/gyroscope.o
 .debug_info    0x00002c64      0x9f5 User/src/dev/hall.o
 .debug_info    0x00003659      0xa03 User/src/dev/infrared.o
 .debug_info    0x0000405c      0xa5a User/src/dev/key.o
 .debug_info    0x00004ab6      0xa6b User/src/dev/motor.o
 .debug_info    0x00005521      0x9f5 User/src/dev/potentiometer.o
 .debug_info    0x00005f16      0x9f5 User/src/dev/sonic.o
 .debug_info    0x0000690b      0xa01 User/src/dev/stick.o
 .debug_info    0x0000730c      0xc61 User/src/dev/uart.o
 .debug_info    0x00007f6d      0xa2c User/src/dev/wireless.o
 .debug_info    0x00008999      0xaf2 User/src/sys/class_task.o
 .debug_info    0x0000948b      0xaa8 User/src/sys/lib_system.o
 .debug_info    0x00009f33     0x1841 C:\Users\brody.zhang\Desktop\tutorial\car_1.3\LibInc\src\librm_lib_1.2.a(stm32f4xx_hal_can.o)
 .debug_info    0x0000b774     0x127c C:\Users\brody.zhang\Desktop\tutorial\car_1.3\LibInc\src\librm_lib_1.2.a(stm32f4xx_hal_dma.o)
 .debug_info    0x0000c9f0     0x3684 C:\Users\brody.zhang\Desktop\tutorial\car_1.3\LibInc\src\librm_lib_1.2.a(stm32f4xx_hal_tim.o)
 .debug_info    0x00010074     0x1b26 C:\Users\brody.zhang\Desktop\tutorial\car_1.3\LibInc\src\librm_lib_1.2.a(stm32f4xx_hal_tim_ex.o)
 .debug_info    0x00011b9a     0x1f1d C:\Users\brody.zhang\Desktop\tutorial\car_1.3\LibInc\src\librm_lib_1.2.a(stm32f4xx_hal_uart.o)
 .debug_info    0x00013ab7     0x2321 C:\Users\brody.zhang\Desktop\tutorial\car_1.3\LibInc\src\librm_lib_1.2.a(cmsis_os.o)
 .debug_info    0x00015dd8     0x294d C:\Users\brody.zhang\Desktop\tutorial\car_1.3\LibInc\src\librm_lib_1.2.a(tasks.o)
 .debug_info    0x00018725      0x534 C:\Users\brody.zhang\Desktop\tutorial\car_1.3\LibInc\src\librm_lib_1.2.a(port.o)
 .debug_info    0x00018c59      0xc78 C:\Users\brody.zhang\Desktop\tutorial\car_1.3\LibInc\src\librm_lib_1.2.a(heap_4.o)
 .debug_info    0x000198d1     0x13ca C:\Users\brody.zhang\Desktop\tutorial\car_1.3\LibInc\src\librm_lib_1.2.a(can.o)
 .debug_info    0x0001ac9b     0x1944 C:\Users\brody.zhang\Desktop\tutorial\car_1.3\LibInc\src\librm_lib_1.2.a(freertos.o)
 .debug_info    0x0001c5df     0x1f5c C:\Users\brody.zhang\Desktop\tutorial\car_1.3\LibInc\src\librm_lib_1.2.a(main.o)
 .debug_info    0x0001e53b     0x1417 C:\Users\brody.zhang\Desktop\tutorial\car_1.3\LibInc\src\librm_lib_1.2.a(stm32f4xx_hal_timebase_TIM.o)
 .debug_info    0x0001f952      0xd4a C:\Users\brody.zhang\Desktop\tutorial\car_1.3\LibInc\src\librm_lib_1.2.a(system_stm32f4xx.o)
 .debug_info    0x0002069c     0x1489 C:\Users\brody.zhang\Desktop\tutorial\car_1.3\LibInc\src\librm_lib_1.2.a(tim.o)
 .debug_info    0x00021b25     0x1a47 C:\Users\brody.zhang\Desktop\tutorial\car_1.3\LibInc\src\librm_lib_1.2.a(usart.o)
 .debug_info    0x0002356c     0x11cb C:\Users\brody.zhang\Desktop\tutorial\car_1.3\LibInc\src\librm_lib_1.2.a(bsp_can.o)
 .debug_info    0x00024737      0xa88 C:\Users\brody.zhang\Desktop\tutorial\car_1.3\LibInc\src\librm_lib_1.2.a(bsp_led.o)
 .debug_info    0x000251bf     0x12e5 C:\Users\brody.zhang\Desktop\tutorial\car_1.3\LibInc\src\librm_lib_1.2.a(bsp_usart.o)
 .debug_info    0x000264a4     0x16c4 C:\Users\brody.zhang\Desktop\tutorial\car_1.3\LibInc\src\librm_lib_1.2.a(can_protocol.o)
 .debug_info    0x00027b68     0x1247 C:\Users\brody.zhang\Desktop\tutorial\car_1.3\LibInc\src\librm_lib_1.2.a(fifo.o)
 .debug_info    0x00028daf     0x2c44 C:\Users\brody.zhang\Desktop\tutorial\car_1.3\LibInc\src\librm_lib_1.2.a(protocol_parser.o)
 .debug_info    0x0002b9f3      0xade C:\Users\brody.zhang\Desktop\tutorial\car_1.3\LibInc\src\librm_lib_1.2.a(startup.o)
 .debug_info    0x0002c4d1     0x23e9 C:\Users\brody.zhang\Desktop\tutorial\car_1.3\LibInc\src\librm_lib_1.2.a(tutorial_lib.o)
 .debug_info    0x0002e8ba     0x1244 C:\Users\brody.zhang\Desktop\tutorial\car_1.3\LibInc\src\librm_lib_1.2.a(stm32f4xx_hal.o)
 .debug_info    0x0002fafe     0x1784 C:\Users\brody.zhang\Desktop\tutorial\car_1.3\LibInc\src\librm_lib_1.2.a(stm32f4xx_hal_cortex.o)
 .debug_info    0x00031282      0xfb1 C:\Users\brody.zhang\Desktop\tutorial\car_1.3\LibInc\src\librm_lib_1.2.a(stm32f4xx_hal_gpio.o)